###############################################################################
#
# IAR ELF Linker V7.80.3.12102/W32 for ARM                18/Jan/2017  13:58:12
# Copyright 2007-2016 IAR Systems AB.
#
#    Output file  =  
#        C:\Users\Rebecca\Desktop\Project\uip_webserver\Flash
#        Debug\Exe\uip_demo.out.tmp
#    Map file     =  
#        C:\Users\Rebecca\Desktop\Project\uip_webserver\Flash
#        Debug\List\uip_demo.map
#    Command line =  
#        "C:\Users\Rebecca\Desktop\Project\uip_webserver\Flash
#        Debug\Obj\clock-arch.o"
#        "C:\Users\Rebecca\Desktop\Project\uip_webserver\Flash
#        Debug\Obj\cursor_arrow.o"
#        "C:\Users\Rebecca\Desktop\Project\uip_webserver\Flash
#        Debug\Obj\drv_glcd.o"
#        "C:\Users\Rebecca\Desktop\Project\uip_webserver\Flash
#        Debug\Obj\drv_touch_scr.o"
#        "C:\Users\Rebecca\Desktop\Project\uip_webserver\Flash
#        Debug\Obj\http-strings.o"
#        "C:\Users\Rebecca\Desktop\Project\uip_webserver\Flash
#        Debug\Obj\httpd-cgi.o"
#        "C:\Users\Rebecca\Desktop\Project\uip_webserver\Flash
#        Debug\Obj\httpd-fs.o"
#        "C:\Users\Rebecca\Desktop\Project\uip_webserver\Flash
#        Debug\Obj\httpd.o"
#        "C:\Users\Rebecca\Desktop\Project\uip_webserver\Flash
#        Debug\Obj\logo.o"
#        "C:\Users\Rebecca\Desktop\Project\uip_webserver\Flash
#        Debug\Obj\LPC24xx_enet.o"
#        "C:\Users\Rebecca\Desktop\Project\uip_webserver\Flash
#        Debug\Obj\main.o"
#        "C:\Users\Rebecca\Desktop\Project\uip_webserver\Flash
#        Debug\Obj\psock.o"
#        "C:\Users\Rebecca\Desktop\Project\uip_webserver\Flash
#        Debug\Obj\sdram_64M_32bit_drv.o"
#        "C:\Users\Rebecca\Desktop\Project\uip_webserver\Flash Debug\Obj\sys.o"
#        "C:\Users\Rebecca\Desktop\Project\uip_webserver\Flash
#        Debug\Obj\Terminal_18_24x12.o"
#        "C:\Users\Rebecca\Desktop\Project\uip_webserver\Flash
#        Debug\Obj\Terminal_6_8x6.o"
#        "C:\Users\Rebecca\Desktop\Project\uip_webserver\Flash
#        Debug\Obj\Terminal_9_12x6.o"
#        "C:\Users\Rebecca\Desktop\Project\uip_webserver\Flash
#        Debug\Obj\timer.o"
#        "C:\Users\Rebecca\Desktop\Project\uip_webserver\Flash Debug\Obj\uip.o"
#        "C:\Users\Rebecca\Desktop\Project\uip_webserver\Flash
#        Debug\Obj\uip_arp.o" --redirect _Printf=_PrintfLarge --redirect
#        _Scanf=_ScanfSmall -o
#        "C:\Users\Rebecca\Desktop\Project\uip_webserver\Flash
#        Debug\Exe\uip_demo.out.tmp" --map
#        "C:\Users\Rebecca\Desktop\Project\uip_webserver\Flash
#        Debug\List\uip_demo.map" --config
#        C:\Users\Rebecca\Desktop\Project\uip_webserver\config\LPC2478_Flash.icf
#        --semihosting --entry __iar_program_start --vfe
#
###############################################################################

*******************************************************************************
*** RUNTIME MODEL ATTRIBUTES
***

CppFlavor       = *
__SystemLibrary = DLib


*******************************************************************************
*** PLACEMENT SUMMARY
***

"A0":  place at 0x00000000 { ro section .intvec };
"P1":  place in [from 0x00000000 to 0x000001fb] |
                [from 0x00000200 to 0x0007dfff] { ro };
"P2":  place in [from 0x40000000 to 0x4000003f] |
                [from 0x40000120 to 0x4000ffdf] {
          rw, block CSTACK, block SVC_STACK, block IRQ_STACK, block FIQ_STACK,
          block UND_STACK, block ABT_STACK, block HEAP };
"P4":  place in [from 0x7fe00000 to 0x7fe03fff] { rw data section EMAC_DMA_RAM };
"P6":  place in [from 0x000001fc to 0x000001ff] { section .crp };
do not initialize { section .noinit };
initialize by copy { rw };

  Section             Kind        Address     Size  Object
  -------             ----        -------     ----  ------
"A0":                                         0x3c
  .intvec             ro code  0x00000000     0x3c  cstartup.o [5]
                             - 0x0000003c     0x3c

"P1", part 1 of 2:                            0xf8
  .rodata             const    0x0000003c      0x0  zero_init3.o [5]
  .rodata             const    0x0000003c      0x0  copy_init3.o [5]
  Initializer bytes   const    0x0000003c     0xf8  <for P2 s0>
                             - 0x00000134     0xf8

"P6":                                          0x4
  .crp                const    0x000001fc      0x4  main.o [1]
                             - 0x00000200      0x4

"P1", part 2 of 2:                         0x6945c
  .rodata             const    0x00000200  0x4b000  logo.o [1]
  .rodata             const    0x0004b200   0x57b0  logo.o [1]
  .rodata             const    0x000509b0   0x57b0  logo.o [1]
  .rodata             const    0x00056160   0x33c0  logo.o [1]
  .rodata             const    0x00059520   0x33c0  logo.o [1]
  .rodata             const    0x0005c8e0   0x3000  Terminal_18_24x12.o [1]
  .text               ro code  0x0005f8e0   0x11e0  uip.o [1]
  .text               ro code  0x00060ac0    0x760  httpd.o [1]
  Veneer              ro code  0x00061220      0x4  - Linker created -
  .text               ro code  0x00061224     0xd4  ABImemcpy.o [5]
  .text               ro code  0x000612f8    0x346  psock.o [1]
  .text               ro code  0x0006163e      0xa  xsprout.o [3]
  Veneer              ro code  0x00061648      0x4  - Linker created -
  .text               ro code  0x0006164c     0x20  strchr.o [5]
  .text               ro code  0x0006166c     0xd8  httpd-fs.o [1]
  .text               ro code  0x00061744    0x2d8  httpd-cgi.o [1]
  Veneer              ro code  0x00061a1c      0x4  - Linker created -
  .text               ro code  0x00061a20     0x54  strlen.o [5]
  .text               ro code  0x00061a74     0x14  httpd.o [1]
  .text               ro code  0x00061a88     0x2c  strncmp.o [3]
  Veneer              ro code  0x00061ab4      0x4  - Linker created -
  .text               ro code  0x00061ab8     0x6c  strcpy.o [5]
  Veneer              ro code  0x00061b24      0x4  - Linker created -
  .text               ro code  0x00061b28     0x9c  strncpy.o [5]
  .text               ro code  0x00061bc4     0x48  snprintf.o [3]
  .text               ro code  0x00061c0c     0x1a  strrchr.o [3]
  Veneer              ro code  0x00061c28      0x4  - Linker created -
  .text               ro code  0x00061c2c     0x7c  ABImemset.o [5]
  Veneer              ro code  0x00061ca8     0x10  - Linker created -
  .text               ro code  0x00061cb8    0xd9c  xprintflarge.o [3]
  Veneer              ro code  0x00062a54      0x4  - Linker created -
  .text               ro code  0x00062a58     0x94  memchr.o [5]
  Veneer              ro code  0x00062aec      0x4  - Linker created -
  .text               ro code  0x00062af0     0xd4  I64DivMod.o [5]
  .text               ro code  0x00062bc4     0x44  xdnorm.o [4]
  Veneer              ro code  0x00062c08      0x4  - Linker created -
  .text               ro code  0x00062c0c    0x1d4  I32DivMod.o [5]
  Veneer              ro code  0x00062de0      0x4  - Linker created -
  .text               ro code  0x00062de4     0x38  DblCmpLe.o [4]
  Veneer              ro code  0x00062e1c      0x4  - Linker created -
  .text               ro code  0x00062e20    0x1f8  DblMul.o [4]
  Veneer              ro code  0x00063018      0x4  - Linker created -
  .text               ro code  0x0006301c    0x338  DblDiv.o [4]
  Veneer              ro code  0x00063354      0x4  - Linker created -
  .text               ro code  0x00063358     0x3c  DblToU32.o [4]
  Veneer              ro code  0x00063394      0x4  - Linker created -
  .text               ro code  0x00063398     0x10  U32ToDbl.o [4]
  Veneer              ro code  0x000633a8      0x4  - Linker created -
  .text               ro code  0x000633ac    0x1f0  DblSub.o [4]
  .text               ro code  0x0006359c     0x24  div.o [3]
  .text               ro code  0x000635c0      0x4  I64DivZer.o [5]
  .text               ro code  0x000635c4      0x4  IntDivZer.o [5]
  .text               ro code  0x000635c8     0x4c  S32ToDbl.o [4]
  Veneer              ro code  0x00063614      0x4  - Linker created -
  .text               ro code  0x00063618    0x140  DblAdd.o [4]
  .text               ro code  0x00063758    0xf40  main.o [1]
  Veneer              ro code  0x00064698      0x4  - Linker created -
  .text               ro code  0x0006469c     0x60  DblToS32.o [4]
  Veneer              ro code  0x000646fc      0x4  - Linker created -
  .text               ro code  0x00064700    0x16c  sqrt.o [4]
  .text               ro code  0x0006486c    0xaac  drv_glcd.o [1]
  Veneer              ro code  0x00065318      0x4  - Linker created -
  .text               ro code  0x0006531c     0x64  FltToDbl.o [4]
  Veneer              ro code  0x00065380      0x4  - Linker created -
  .text               ro code  0x00065384     0xac  DblToFlt.o [4]
  Veneer              ro code  0x00065430      0x4  - Linker created -
  .text               ro code  0x00065434     0xa4  FltAdd.o [4]
  Veneer              ro code  0x000654d8      0x4  - Linker created -
  .text               ro code  0x000654dc    0x1c8  FltDiv.o [4]
  Veneer              ro code  0x000656a4      0x4  - Linker created -
  .text               ro code  0x000656a8     0x10  U32ToFlt.o [4]
  Veneer              ro code  0x000656b8      0x4  - Linker created -
  .text               ro code  0x000656bc    0x148  FltMul.o [4]
  Veneer              ro code  0x00065804      0x4  - Linker created -
  .text               ro code  0x00065808    0x12c  FltSub.o [4]
  Veneer              ro code  0x00065934      0x4  - Linker created -
  .text               ro code  0x00065938     0x2c  FltCmpLe.o [4]
  Veneer              ro code  0x00065964      0x4  - Linker created -
  .text               ro code  0x00065968     0x2c  FltCmpGe.o [4]
  .text               ro code  0x00065994    0x468  sys.o [1]
  .text               ro code  0x00065dfc    0x258  sdram_64M_32bit_drv.o [1]
  .text               ro code  0x00066054    0x104  clock-arch.o [1]
  .text               ro code  0x00066158     0x40  timer.o [1]
  Veneer              ro code  0x00066198      0x4  - Linker created -
  .text               ro code  0x0006619c     0x10  main.o [1]
  .text               ro code  0x000661ac    0x740  LPC24xx_enet.o [1]
  .text               ro code  0x000668ec    0x758  drv_touch_scr.o [1]
  .text               ro code  0x00067044    0x494  uip_arp.o [1]
  Veneer              ro code  0x000674d8      0xc  - Linker created -
  .text               ro code  0x000674e4     0x18  iarEdom.o [5]
  Veneer              ro code  0x000674fc      0xc  - Linker created -
  Veneer              ro code  0x00067508      0x4  - Linker created -
  .text               ro code  0x0006750c     0x40  ABIassert.o [6]
  .text               ro code  0x0006754c     0x30  vsprintf.o [3]
  .text               ro code  0x0006757c     0x54  S32ToFlt.o [4]
  .text               ro code  0x000675d0     0x10  errno.o [3]
  .text               ro code  0x000675e0      0xc  abort.o [3]
  .text               ro code  0x000675ec      0x2  xtls.o [3]
  Veneer              ro code  0x000675f0      0x4  - Linker created -
  .text               ro code  0x000675f4     0x20  exit.o [6]
  Veneer              ro code  0x00067614      0xc  - Linker created -
  .text               ro code  0x00067620     0x58  iarttio.o [6]
  .text               ro code  0x00067678      0x8  XShttio.o [3]
  .rodata             const    0x00067680    0x8ec  httpd-fs.o [1]
  .rodata             const    0x00067f6c    0x608  httpd-fs.o [1]
  .rodata             const    0x00068574    0x5a0  httpd-fs.o [1]
  .rodata             const    0x00068b14    0x4e8  httpd-fs.o [1]
  .rodata             const    0x00068ffc     0x60  httpd-cgi.o [1]
  .rodata             const    0x0006905c     0x5c  http-strings.o [1]
  .text               ro code  0x000690b8     0x58  cstartup.o [5]
  Veneer              ro code  0x00069110      0xc  - Linker created -
  Veneer              ro code  0x0006911c      0xc  - Linker created -
  Veneer              ro code  0x00069128      0xc  - Linker created -
  Veneer              ro code  0x00069134      0xc  - Linker created -
  .text               ro code  0x00069140     0x2c  cmain.o [5]
  .text               ro code  0x0006916c      0x4  low_level_init.o [3]
  .text               ro code  0x00069170     0x32  data_init.o [5]
  .text               ro code  0x000691a2      0xa  exit.o [3]
  Veneer              ro code  0x000691ac      0x4  - Linker created -
  .text               ro code  0x000691b0     0x10  cexit.o [5]
  .rodata             const    0x000691c0     0x54  http-strings.o [1]
  .rodata             const    0x00069214     0x48  drv_glcd.o [1]
  .rodata             const    0x0006925c     0x48  drv_touch_scr.o [1]
  .text               ro code  0x000692a4     0x3c  zero_init3.o [5]
  .text               ro code  0x000692e0     0x30  copy_init3.o [5]
  .rodata             const    0x00069310     0x2c  http-strings.o [1]
  .iar.init_table     const    0x0006933c     0x24  - Linker created -
  .rodata             const    0x00069360     0x20  http-strings.o [1]
  .rodata             const    0x00069380     0x20  http-strings.o [1]
  .rodata             const    0x000693a0     0x1c  http-strings.o [1]
  .rodata             const    0x000693bc     0x1c  http-strings.o [1]
  .rodata             const    0x000693d8     0x1c  http-strings.o [1]
  .rodata             const    0x000693f4     0x1c  http-strings.o [1]
  .text               ro code  0x00069410     0x1c  xsnprout.o [3]
  .rodata             const    0x0006942c     0x18  drv_glcd.o [1]
  .rodata             const    0x00069444     0x18  drv_glcd.o [1]
  .rodata             const    0x0006945c     0x14  drv_glcd.o [1]
  .rodata             const    0x00069470     0x14  httpd-fs.o [1]
  .rodata             const    0x00069484     0x14  httpd-fs.o [1]
  .rodata             const    0x00069498     0x14  httpd-fs.o [1]
  .rodata             const    0x000694ac     0x14  httpd-fs.o [1]
  .rodata             const    0x000694c0     0x14  Terminal_18_24x12.o [1]
  .rodata             const    0x000694d4     0x10  drv_glcd.o [1]
  .rodata             const    0x000694e4     0x10  httpd-cgi.o [1]
  .rodata             const    0x000694f4     0x10  logo.o [1]
  .rodata             const    0x00069504     0x10  logo.o [1]
  .rodata             const    0x00069514      0xc  drv_glcd.o [1]
  .rodata             const    0x00069520      0xc  http-strings.o [1]
  .rodata             const    0x0006952c      0xc  http-strings.o [1]
  .rodata             const    0x00069538      0xc  http-strings.o [1]
  .rodata             const    0x00069544      0xc  httpd-cgi.o [1]
  .rodata             const    0x00069550      0xc  httpd-cgi.o [1]
  .rodata             const    0x0006955c      0xc  httpd-cgi.o [1]
  .rodata             const    0x00069568      0xc  httpd-cgi.o [1]
  .rodata             const    0x00069574      0xc  httpd-cgi.o [1]
  .rodata             const    0x00069580      0xc  httpd-cgi.o [1]
  .rodata             const    0x0006958c      0xc  httpd-cgi.o [1]
  .rodata             const    0x00069598      0xc  httpd-cgi.o [1]
  .rodata             const    0x000695a4      0xc  httpd-cgi.o [1]
  .rodata             const    0x000695b0      0xc  logo.o [1]
  .rodata             const    0x000695bc      0xc  logo.o [1]
  .rodata             const    0x000695c8      0xc  logo.o [1]
  .rodata             const    0x000695d4      0x8  http-strings.o [1]
  .rodata             const    0x000695dc      0x8  http-strings.o [1]
  .rodata             const    0x000695e4      0x8  http-strings.o [1]
  .rodata             const    0x000695ec      0x8  http-strings.o [1]
  .rodata             const    0x000695f4      0x8  http-strings.o [1]
  .rodata             const    0x000695fc      0x8  http-strings.o [1]
  .rodata             const    0x00069604      0x8  http-strings.o [1]
  .rodata             const    0x0006960c      0x8  httpd-cgi.o [1]
  .rodata             const    0x00069614      0x8  httpd-cgi.o [1]
  .rodata             const    0x0006961c      0x8  httpd-cgi.o [1]
  .rodata             const    0x00069624      0x8  httpd-cgi.o [1]
  .rodata             const    0x0006962c      0x8  httpd-cgi.o [1]
  .rodata             const    0x00069634      0x8  httpd-cgi.o [1]
  .rodata             const    0x0006963c      0x8  uip.o [1]
  .rodata             const    0x00069644      0x8  uip_arp.o [1]
  .rodata             const    0x0006964c      0x4  uip.o [1]
  .rodata             const    0x00069650      0x4  uip_arp.o [1]
  .text               ro code  0x00069654      0x4  vectortrap.o [5]
  .text               ro code  0x00069658      0x4  xreturnswi.o [6]
                             - 0x0006965c  0x6945c

Absolute sections, part 1 of 59:               0x4
  .noinit             uninit   0x3fffc000      0x4  sys.o [1]
                             - 0x3fffc004      0x4

Absolute sections, part 2 of 59:              0x14
  .noinit             uninit   0x3fffc010      0x4  sys.o [1]
  .noinit             uninit   0x3fffc014      0x4  drv_touch_scr.o [1]
  .noinit             uninit   0x3fffc018      0x4  main.o [1]
  .noinit             uninit   0x3fffc01c      0x4  main.o [1]
  .noinit             uninit   0x3fffc020      0x4  sys.o [1]
                             - 0x3fffc024     0x14

Absolute sections, part 3 of 59:               0xc
  .noinit             uninit   0x3fffc030      0x4  sys.o [1]
  .noinit             uninit   0x3fffc034      0x4  main.o [1]
  .noinit             uninit   0x3fffc038      0x4  main.o [1]
                             - 0x3fffc03c      0xc

Absolute sections, part 4 of 59:               0x4
  .noinit             uninit   0x3fffc040      0x4  sys.o [1]
                             - 0x3fffc044      0x4

Absolute sections, part 5 of 59:               0x4
  .noinit             uninit   0x3fffc050      0x4  sys.o [1]
                             - 0x3fffc054      0x4

Absolute sections, part 6 of 59:               0x4
  .noinit             uninit   0x3fffc060      0x4  sys.o [1]
                             - 0x3fffc064      0x4

Absolute sections, part 7 of 59:               0x4
  .noinit             uninit   0x3fffc070      0x4  sys.o [1]
                             - 0x3fffc074      0x4

Absolute sections, part 8 of 59:               0x4
  .noinit             uninit   0x3fffc080      0x4  sys.o [1]
                             - 0x3fffc084      0x4

Absolute sections, part 9 of 59:               0x4
  .noinit             uninit   0x3fffc090      0x4  sys.o [1]
                             - 0x3fffc094      0x4

"P2", part 1 of 3:                            0xf8
  P2 s0                        0x40000120     0xf8  <Init block>
    .data             inited   0x40000120     0x24  httpd-cgi.o [1]
    .data             inited   0x40000144     0x1c  logo.o [1]
    .data             inited   0x40000160     0x1c  logo.o [1]
    .data             inited   0x4000017c     0x1c  logo.o [1]
    .data             inited   0x40000198     0x1c  logo.o [1]
    .data             inited   0x400001b4     0x1c  logo.o [1]
    .data             inited   0x400001d0     0x18  Terminal_18_24x12.o [1]
    .data             inited   0x400001e8     0x10  httpd-cgi.o [1]
    .data             inited   0x400001f8      0x8  XShttio.o [3]
    .data             inited   0x40000200      0x4  drv_glcd.o [1]
    .data             inited   0x40000204      0x4  drv_glcd.o [1]
    .data             inited   0x40000208      0x4  drv_glcd.o [1]
    .data             inited   0x4000020c      0x4  main.o [1]
    .data             inited   0x40000210      0x4  main.o [1]
    __DLIB_PERTHREAD  inited   0x40000214      0x4  errno.o [3]
                             - 0x40000218     0xf8

"P2", part 2 of 3:                          0xb49c
  .bss                zero     0x40000218   0x2ee0  main.o [1]
  .bss                zero     0x400030f8   0x2ee0  main.o [1]
  .bss                zero     0x40005fd8   0x2ee0  main.o [1]
  .bss                zero     0x40008eb8   0x1fe0  uip.o [1]
  .bss                zero     0x4000ae98    0x5f4  uip.o [1]
  .bss                zero     0x4000b48c     0x74  main.o [1]
  .bss                zero     0x4000b500     0x60  uip_arp.o [1]
  .bss                zero     0x4000b560     0x50  uip.o [1]
  .bss                zero     0x4000b5b0     0x2c  uip.o [1]
  .bss                zero     0x4000b5dc      0x8  httpd-fs.o [1]
  .bss                zero     0x4000b5e4      0x4  clock-arch.o [1]
  .bss                zero     0x4000b5e8      0x8  main.o [1]
  .bss                zero     0x4000b5f0      0x8  main.o [1]
  .bss                zero     0x4000b5f8      0x8  main.o [1]
  .bss                zero     0x4000b600      0x8  main.o [1]
  .bss                zero     0x4000b608      0x8  main.o [1]
  .bss                zero     0x4000b610      0x4  drv_glcd.o [1]
  .bss                zero     0x4000b614      0x4  drv_glcd.o [1]
  .bss                zero     0x4000b618      0x4  drv_glcd.o [1]
  .bss                zero     0x4000b61c      0x4  drv_glcd.o [1]
  .bss                zero     0x4000b620      0x4  drv_glcd.o [1]
  .bss                zero     0x4000b624      0x4  drv_glcd.o [1]
  .bss                zero     0x4000b628      0x4  drv_glcd.o [1]
  .bss                zero     0x4000b62c      0x4  drv_glcd.o [1]
  .bss                zero     0x4000b630      0x4  drv_glcd.o [1]
  .bss                zero     0x4000b634      0x4  drv_glcd.o [1]
  .bss                zero     0x4000b638      0x4  drv_glcd.o [1]
  .bss                zero     0x4000b63c      0x4  drv_glcd.o [1]
  .bss                zero     0x4000b640      0x4  drv_glcd.o [1]
  .bss                zero     0x4000b644      0x4  drv_touch_scr.o [1]
  .bss                zero     0x4000b648      0x4  drv_touch_scr.o [1]
  .bss                zero     0x4000b64c      0x4  drv_touch_scr.o [1]
  .bss                zero     0x4000b650      0x4  main.o [1]
  .bss                zero     0x4000b654      0x4  main.o [1]
  .bss                zero     0x4000b658      0x4  main.o [1]
  .bss                zero     0x4000b65c      0x4  main.o [1]
  .bss                zero     0x4000b660      0x4  main.o [1]
  .bss                zero     0x4000b664      0x4  main.o [1]
  .bss                zero     0x4000b668      0x4  main.o [1]
  .bss                zero     0x4000b66c      0x4  main.o [1]
  .bss                zero     0x4000b670      0x4  main.o [1]
  .bss                zero     0x4000b674      0x4  uip.o [1]
  .bss                zero     0x4000b678      0x4  uip.o [1]
  .bss                zero     0x4000b67c      0x4  uip.o [1]
  .bss                zero     0x4000b680      0x4  uip.o [1]
  .bss                zero     0x4000b684      0x4  uip.o [1]
  .bss                zero     0x4000b688      0x4  uip.o [1]
  .bss                zero     0x4000b68c      0x4  uip.o [1]
  .bss                zero     0x4000b690      0x4  uip.o [1]
  .bss                zero     0x4000b694      0x4  uip_arp.o [1]
  .bss                zero     0x4000b698      0x2  drv_touch_scr.o [1]
  .bss                zero     0x4000b69a      0x2  drv_touch_scr.o [1]
  .bss                zero     0x4000b69c      0x2  drv_touch_scr.o [1]
  .bss                zero     0x4000b69e      0x2  drv_touch_scr.o [1]
  .bss                zero     0x4000b6a0      0x2  uip.o [1]
  .bss                zero     0x4000b6a2      0x2  uip.o [1]
  .bss                zero     0x4000b6a4      0x2  uip.o [1]
  .bss                zero     0x4000b6a6      0x2  uip.o [1]
  .bss                zero     0x4000b6a8      0x2  uip.o [1]
  .bss                zero     0x4000b6aa      0x1  drv_touch_scr.o [1]
  .bss                zero     0x4000b6ab      0x1  LPC24xx_enet.o [1]
  .bss                zero     0x4000b6ac      0x1  uip.o [1]
  .bss                zero     0x4000b6ad      0x1  uip.o [1]
  .bss                zero     0x4000b6ae      0x1  uip.o [1]
  .bss                zero     0x4000b6af      0x1  uip_arp.o [1]
  .bss                zero     0x4000b6b0      0x1  uip_arp.o [1]
  .bss                zero     0x4000b6b1      0x1  uip_arp.o [1]
  .bss                zero     0x4000b6b2      0x1  uip_arp.o [1]
                             - 0x4000b6b3   0xb49b

"P2", part 3 of 3:                           0x840
  CSTACK                       0x4000b6b8    0x400  <Block>
    CSTACK            uninit   0x4000b6b8    0x400  <Block tail>
  IRQ_STACK                    0x4000bab8    0x400  <Block>
    IRQ_STACK         uninit   0x4000bab8    0x400  <Block tail>
  FIQ_STACK                    0x4000beb8     0x40  <Block>
    FIQ_STACK         uninit   0x4000beb8     0x40  <Block tail>
                             - 0x4000bef8    0x840

"P4":                                       0x1838
  EMAC_DMA_RAM        uninit   0x7fe00000    0x600  LPC24xx_enet.o [1]
  EMAC_DMA_RAM        uninit   0x7fe00600    0x600  LPC24xx_enet.o [1]
  EMAC_DMA_RAM        uninit   0x7fe00c00    0x600  LPC24xx_enet.o [1]
  EMAC_DMA_RAM        uninit   0x7fe01200    0x600  LPC24xx_enet.o [1]
  EMAC_DMA_RAM        uninit   0x7fe01800     0x10  LPC24xx_enet.o [1]
  EMAC_DMA_RAM        uninit   0x7fe01810     0x10  LPC24xx_enet.o [1]
  EMAC_DMA_RAM        uninit   0x7fe01820     0x10  LPC24xx_enet.o [1]
  EMAC_DMA_RAM        uninit   0x7fe01830      0x8  LPC24xx_enet.o [1]
                             - 0x7fe01838   0x1838

Absolute sections, part 10 of 59:              0x8
  .noinit             uninit   0xe0004000      0x4  clock-arch.o [1]
  .noinit             uninit   0xe0004004      0x4  clock-arch.o [1]
                             - 0xe0004008      0x8

Absolute sections, part 11 of 59:              0x4
  .noinit             uninit   0xe000400c      0x4  clock-arch.o [1]
                             - 0xe0004010      0x4

Absolute sections, part 12 of 59:              0x8
  .noinit             uninit   0xe0004014      0x4  clock-arch.o [1]
  .noinit             uninit   0xe0004018      0x4  clock-arch.o [1]
                             - 0xe000401c      0x8

Absolute sections, part 13 of 59:              0x4
  .noinit             uninit   0xe0004070      0x4  clock-arch.o [1]
                             - 0xe0004074      0x4

Absolute sections, part 14 of 59:              0x8
  .noinit             uninit   0xe0008000      0x4  main.o [1]
  .noinit             uninit   0xe0008004      0x4  main.o [1]
                             - 0xe0008008      0x8

Absolute sections, part 15 of 59:              0x4
  .noinit             uninit   0xe000800c      0x4  main.o [1]
                             - 0xe0008010      0x4

Absolute sections, part 16 of 59:              0x8
  .noinit             uninit   0xe0008014      0x4  main.o [1]
  .noinit             uninit   0xe0008018      0x4  main.o [1]
                             - 0xe000801c      0x8

Absolute sections, part 17 of 59:              0x4
  .noinit             uninit   0xe0008070      0x4  main.o [1]
                             - 0xe0008074      0x4

Absolute sections, part 18 of 59:              0x4
  .noinit             uninit   0xe0028008      0x4  sys.o [1]
                             - 0xe002800c      0x4

Absolute sections, part 19 of 59:              0x4
  .noinit             uninit   0xe0028018      0x4  sys.o [1]
                             - 0xe002801c      0x4

Absolute sections, part 20 of 59:              0x8
  .noinit             uninit   0xe002808c      0x4  drv_touch_scr.o [1]
  .noinit             uninit   0xe0028090      0x4  drv_touch_scr.o [1]
                             - 0xe0028094      0x8

Absolute sections, part 21 of 59:             0x28
  .noinit             uninit   0xe002c000      0x4  sys.o [1]
  .noinit             uninit   0xe002c004      0x4  sys.o [1]
  .noinit             uninit   0xe002c008      0x4  sys.o [1]
  .noinit             uninit   0xe002c00c      0x4  sys.o [1]
  .noinit             uninit   0xe002c010      0x4  sys.o [1]
  .noinit             uninit   0xe002c014      0x4  sys.o [1]
  .noinit             uninit   0xe002c018      0x4  sys.o [1]
  .noinit             uninit   0xe002c01c      0x4  sys.o [1]
  .noinit             uninit   0xe002c020      0x4  sys.o [1]
  .noinit             uninit   0xe002c024      0x4  sys.o [1]
                             - 0xe002c028     0x28

Absolute sections, part 22 of 59:              0x4
  .noinit             uninit   0xe002c02c      0x4  drv_glcd.o [1]
                             - 0xe002c030      0x4

Absolute sections, part 23 of 59:              0x8
  .noinit             uninit   0xe002c040      0x4  drv_glcd.o [1]
  .noinit             uninit   0xe002c044      0x4  drv_touch_scr.o [1]
                             - 0xe002c048      0x8

Absolute sections, part 24 of 59:             0x1c
  .noinit             uninit   0xe002c04c      0x4  drv_glcd.o [1]
  .noinit             uninit   0xe002c050      0x4  drv_glcd.o [1]
  .noinit             uninit   0xe002c054      0x4  sdram_64M_32bit_drv.o [1]
  .noinit             uninit   0xe002c058      0x4  sdram_64M_32bit_drv.o [1]
  .noinit             uninit   0xe002c05c      0x4  sdram_64M_32bit_drv.o [1]
  .noinit             uninit   0xe002c060      0x4  sdram_64M_32bit_drv.o [1]
  .noinit             uninit   0xe002c064      0x4  sdram_64M_32bit_drv.o [1]
                             - 0xe002c068     0x1c

Absolute sections, part 25 of 59:              0x8
  .noinit             uninit   0xe0034000      0x4  main.o [1]
  .noinit             uninit   0xe0034004      0x4  drv_touch_scr.o [1]
                             - 0xe0034008      0x8

Absolute sections, part 26 of 59:             0x14
  .noinit             uninit   0xe003400c      0x4  main.o [1]
  .noinit             uninit   0xe0034010      0x4  drv_touch_scr.o [1]
  .noinit             uninit   0xe0034014      0x4  drv_touch_scr.o [1]
  .noinit             uninit   0xe0034018      0x4  main.o [1]
  .noinit             uninit   0xe003401c      0x4  main.o [1]
                             - 0xe0034020     0x14

Absolute sections, part 27 of 59:              0x4
  .noinit             uninit   0xe0034030      0x4  drv_touch_scr.o [1]
                             - 0xe0034034      0x4

Absolute sections, part 28 of 59:              0x8
  .noinit             uninit   0xe0070000      0x4  drv_touch_scr.o [1]
  .noinit             uninit   0xe0070004      0x4  drv_touch_scr.o [1]
                             - 0xe0070008      0x8

Absolute sections, part 29 of 59:              0x4
  .noinit             uninit   0xe007000c      0x4  drv_touch_scr.o [1]
                             - 0xe0070010      0x4

Absolute sections, part 30 of 59:              0x8
  .noinit             uninit   0xe0070014      0x4  drv_touch_scr.o [1]
  .noinit             uninit   0xe0070018      0x4  drv_touch_scr.o [1]
                             - 0xe007001c      0x8

Absolute sections, part 31 of 59:              0x4
  .noinit             uninit   0xe0070070      0x4  drv_touch_scr.o [1]
                             - 0xe0070074      0x4

Absolute sections, part 32 of 59:              0x8
  .noinit             uninit   0xe01fc000      0x4  main.o [1]
  .noinit             uninit   0xe01fc004      0x4  main.o [1]
                             - 0xe01fc008      0x8

Absolute sections, part 33 of 59:             0x10
  .noinit             uninit   0xe01fc080      0x4  sys.o [1]
  .noinit             uninit   0xe01fc084      0x4  sys.o [1]
  .noinit             uninit   0xe01fc088      0x4  sys.o [1]
  .noinit             uninit   0xe01fc08c      0x4  sys.o [1]
                             - 0xe01fc090     0x10

Absolute sections, part 34 of 59:              0x4
  .noinit             uninit   0xe01fc0c4      0x4  sys.o [1]
                             - 0xe01fc0c8      0x4

Absolute sections, part 35 of 59:              0xc
  .noinit             uninit   0xe01fc104      0x4  sys.o [1]
  .noinit             uninit   0xe01fc108      0x4  sys.o [1]
  .noinit             uninit   0xe01fc10c      0x4  sys.o [1]
                             - 0xe01fc110      0xc

Absolute sections, part 36 of 59:              0x4
  .noinit             uninit   0xe01fc140      0x4  drv_touch_scr.o [1]
                             - 0xe01fc144      0x4

Absolute sections, part 37 of 59:              0x4
  .noinit             uninit   0xe01fc188      0x4  sys.o [1]
                             - 0xe01fc18c      0x4

Absolute sections, part 38 of 59:              0x4
  .noinit             uninit   0xe01fc1a0      0x4  sys.o [1]
                             - 0xe01fc1a4      0x4

Absolute sections, part 39 of 59:              0x8
  .noinit             uninit   0xe01fc1a8      0x4  sys.o [1]
  .noinit             uninit   0xe01fc1ac      0x4  sys.o [1]
                             - 0xe01fc1b0      0x8

Absolute sections, part 40 of 59:              0x4
  .noinit             uninit   0xe01fc1b8      0x4  drv_glcd.o [1]
                             - 0xe01fc1bc      0x4

Absolute sections, part 41 of 59:             0x38
  .noinit             uninit   0xffe00000      0x4  LPC24xx_enet.o [1]
  .noinit             uninit   0xffe00004      0x4  LPC24xx_enet.o [1]
  .noinit             uninit   0xffe00008      0x4  LPC24xx_enet.o [1]
  .noinit             uninit   0xffe0000c      0x4  LPC24xx_enet.o [1]
  .noinit             uninit   0xffe00010      0x4  LPC24xx_enet.o [1]
  .noinit             uninit   0xffe00014      0x4  LPC24xx_enet.o [1]
  .noinit             uninit   0xffe00018      0x4  LPC24xx_enet.o [1]
  .noinit             uninit   0xffe0001c      0x4  LPC24xx_enet.o [1]
  .noinit             uninit   0xffe00020      0x4  LPC24xx_enet.o [1]
  .noinit             uninit   0xffe00024      0x4  LPC24xx_enet.o [1]
  .noinit             uninit   0xffe00028      0x4  LPC24xx_enet.o [1]
  .noinit             uninit   0xffe0002c      0x4  LPC24xx_enet.o [1]
  .noinit             uninit   0xffe00030      0x4  LPC24xx_enet.o [1]
  .noinit             uninit   0xffe00034      0x4  LPC24xx_enet.o [1]
                             - 0xffe00038     0x38

Absolute sections, part 42 of 59:              0xc
  .noinit             uninit   0xffe00040      0x4  LPC24xx_enet.o [1]
  .noinit             uninit   0xffe00044      0x4  LPC24xx_enet.o [1]
  .noinit             uninit   0xffe00048      0x4  LPC24xx_enet.o [1]
                             - 0xffe0004c      0xc

Absolute sections, part 43 of 59:              0x4
  .noinit             uninit   0xffe00100      0x4  LPC24xx_enet.o [1]
                             - 0xffe00104      0x4

Absolute sections, part 44 of 59:             0x28
  .noinit             uninit   0xffe00108      0x4  LPC24xx_enet.o [1]
  .noinit             uninit   0xffe0010c      0x4  LPC24xx_enet.o [1]
  .noinit             uninit   0xffe00110      0x4  LPC24xx_enet.o [1]
  .noinit             uninit   0xffe00114      0x4  LPC24xx_enet.o [1]
  .noinit             uninit   0xffe00118      0x4  LPC24xx_enet.o [1]
  .noinit             uninit   0xffe0011c      0x4  LPC24xx_enet.o [1]
  .noinit             uninit   0xffe00120      0x4  LPC24xx_enet.o [1]
  .noinit             uninit   0xffe00124      0x4  LPC24xx_enet.o [1]
  .noinit             uninit   0xffe00128      0x4  LPC24xx_enet.o [1]
  .noinit             uninit   0xffe0012c      0x4  LPC24xx_enet.o [1]
                             - 0xffe00130     0x28

Absolute sections, part 45 of 59:              0x4
  .noinit             uninit   0xffe00ff4      0x4  LPC24xx_enet.o [1]
                             - 0xffe00ff8      0x4

Absolute sections, part 46 of 59:              0x4
  .noinit             uninit   0xffe08000      0x4  sdram_64M_32bit_drv.o [1]
                             - 0xffe08004      0x4

Absolute sections, part 47 of 59:              0xc
  .noinit             uninit   0xffe08020      0x4  sdram_64M_32bit_drv.o [1]
  .noinit             uninit   0xffe08024      0x4  sdram_64M_32bit_drv.o [1]
  .noinit             uninit   0xffe08028      0x4  sdram_64M_32bit_drv.o [1]
                             - 0xffe0802c      0xc

Absolute sections, part 48 of 59:             0x2c
  .noinit             uninit   0xffe08030      0x4  sdram_64M_32bit_drv.o [1]
  .noinit             uninit   0xffe08034      0x4  sdram_64M_32bit_drv.o [1]
  .noinit             uninit   0xffe08038      0x4  sdram_64M_32bit_drv.o [1]
  .noinit             uninit   0xffe0803c      0x4  sdram_64M_32bit_drv.o [1]
  .noinit             uninit   0xffe08040      0x4  sdram_64M_32bit_drv.o [1]
  .noinit             uninit   0xffe08044      0x4  sdram_64M_32bit_drv.o [1]
  .noinit             uninit   0xffe08048      0x4  sdram_64M_32bit_drv.o [1]
  .noinit             uninit   0xffe0804c      0x4  sdram_64M_32bit_drv.o [1]
  .noinit             uninit   0xffe08050      0x4  sdram_64M_32bit_drv.o [1]
  .noinit             uninit   0xffe08054      0x4  sdram_64M_32bit_drv.o [1]
  .noinit             uninit   0xffe08058      0x4  sdram_64M_32bit_drv.o [1]
                             - 0xffe0805c     0x2c

Absolute sections, part 49 of 59:              0x8
  .noinit             uninit   0xffe08100      0x4  sdram_64M_32bit_drv.o [1]
  .noinit             uninit   0xffe08104      0x4  sdram_64M_32bit_drv.o [1]
                             - 0xffe08108      0x8

Absolute sections, part 50 of 59:              0xc
  .noinit             uninit   0xffe10000      0x4  drv_glcd.o [1]
  .noinit             uninit   0xffe10004      0x4  drv_glcd.o [1]
  .noinit             uninit   0xffe10008      0x4  drv_glcd.o [1]
                             - 0xffe1000c      0xc

Absolute sections, part 51 of 59:              0xc
  .noinit             uninit   0xffe10010      0x4  drv_glcd.o [1]
  .noinit             uninit   0xffe10014      0x4  drv_glcd.o [1]
  .noinit             uninit   0xffe10018      0x4  drv_glcd.o [1]
                             - 0xffe1001c      0xc

Absolute sections, part 52 of 59:              0x4
  .noinit             uninit   0xffe10200      0x4  drv_glcd.o [1]
                             - 0xffe10204      0x4

Absolute sections, part 53 of 59:              0x4
  .noinit             uninit   0xffe10c00      0x4  drv_glcd.o [1]
                             - 0xffe10c04      0x4

Absolute sections, part 54 of 59:              0x8
  .noinit             uninit   0xffe10c10      0x4  drv_glcd.o [1]
  .noinit             uninit   0xffe10c14      0x4  drv_glcd.o [1]
                             - 0xffe10c18      0x8

Absolute sections, part 55 of 59:              0xc
  .noinit             uninit   0xfffff00c      0x4  sys.o [1]
  .noinit             uninit   0xfffff010      0x4  main.o [1]
  .noinit             uninit   0xfffff014      0x4  sys.o [1]
                             - 0xfffff018      0xc

Absolute sections, part 56 of 59:              0x8
  .noinit             uninit   0xfffff01c      0x4  sys.o [1]
  .noinit             uninit   0xfffff020      0x4  sys.o [1]
                             - 0xfffff024      0x8

Absolute sections, part 57 of 59:              0x4
  .noinit             uninit   0xfffff100      0x4  sys.o [1]
                             - 0xfffff104      0x4

Absolute sections, part 58 of 59:              0x4
  .noinit             uninit   0xfffff200      0x4  sys.o [1]
                             - 0xfffff204      0x4

Absolute sections, part 59 of 59:              0x4
  .noinit             uninit   0xffffff00      0x4  sys.o [1]
                             - 0xffffff04      0x4


*******************************************************************************
*** INIT TABLE
***

          Address     Size
          -------     ----
Zero (__iar_zero_init3)
    1 destination range, total size 0xb49b:
          0x40000218  0xb49b

Copy (__iar_copy_init3)
    1 source range, total size 0xf8:
          0x0000003c    0xf8
    1 destination range, total size 0xf8:
          0x40000120    0xf8



*******************************************************************************
*** MODULE SUMMARY
***

    Module                 ro code  ro data  rw data  rw data
                                                       (abs)
    ------                 -------  -------  -------  -------
C:\Users\Rebecca\Desktop\Project\uip_webserver\Flash Debug\Obj: [1]
    LPC24xx_enet.o           1 856             6 201      116
    Terminal_18_24x12.o              12 332       24
    clock-arch.o               260                 4       24
    drv_glcd.o               2 732      180       64       60
    drv_touch_scr.o          1 880       72       21       60
    http-strings.o                      488
    httpd-cgi.o                728      320       52
    httpd-fs.o                 216    6 604        8
    httpd.o                  1 908
    logo.o                          378 800      140
    main.o                   3 920       12   36 200       68
    psock.o                    838
    sdram_64M_32bit_drv.o      600                         88
    sys.o                    1 128                        164
    timer.o                     64
    uip.o                    4 576       12    9 853
    uip_arp.o                1 172       12      104
    ---------------------------------------------------------
    Total:                  21 878  398 832   52 671      580

command line: [2]
    ---------------------------------------------------------
    Total:

dl4t_tln.a: [3]
    XShttio.o                    8        8        8
    abort.o                     12
    div.o                       36
    errno.o                     16        4        4
    exit.o                      10
    low_level_init.o             4
    snprintf.o                  72
    strncmp.o                   44
    strrchr.o                   26
    vsprintf.o                  48
    xprintflarge.o           3 484
    xsnprout.o                  28
    xsprout.o                   10
    xtls.o                       2
    ---------------------------------------------------------
    Total:                   3 800       12       12

m4t_tl.a: [4]
    DblAdd.o                   320
    DblCmpLe.o                  56
    DblDiv.o                   824
    DblMul.o                   504
    DblSub.o                   496
    DblToFlt.o                 172
    DblToS32.o                  96
    DblToU32.o                  60
    FltAdd.o                   164
    FltCmpGe.o                  44
    FltCmpLe.o                  44
    FltDiv.o                   456
    FltMul.o                   328
    FltSub.o                   300
    FltToDbl.o                 100
    S32ToDbl.o                  76
    S32ToFlt.o                  84
    U32ToDbl.o                  16
    U32ToFlt.o                  16
    sqrt.o                     364
    xdnorm.o                    68
    ---------------------------------------------------------
    Total:                   4 588

rt4t_al.a: [5]
    ABImemcpy.o                212
    ABImemset.o                124
    I32DivMod.o                468
    I64DivMod.o                212
    I64DivZer.o                  4
    IntDivZer.o                  4
    cexit.o                     16
    cmain.o                     44
    copy_init3.o                48
    cstartup.o                 148
    data_init.o                 50
    iarEdom.o                   24
    memchr.o                   148
    strchr.o                    32
    strcpy.o                   108
    strlen.o                    84
    strncpy.o                  156
    vectortrap.o                 4
    zero_init3.o                60
    ---------------------------------------------------------
    Total:                   1 946

shs_l.a: [6]
    ABIassert.o                 64
    exit.o                      32
    iarttio.o                   88
    xreturnswi.o                 4
    ---------------------------------------------------------
    Total:                     188

    Gaps                         4
    Linker created             224       36    2 112
-------------------------------------------------------------
    Grand Total:            32 628  398 880   54 795      580


*******************************************************************************
*** ENTRY LIST
***

Entry                      Address     Size  Type      Object
-----                      -------     ----  ----      ------
.iar.init_table$$Base   0x0006933c            --   Gb  - Linker created -
.iar.init_table$$Limit  0x00069360            --   Gb  - Linker created -
?main                   0x00069140           Code  Gb  cmain.o [5]
ADC_Intr_Handler        0x000668ed    0x24a  Code  Gb  drv_touch_scr.o [1]
Abort_Handler           0x00069654           Code  Wk  vectortrap.o [5]
CSTACK$$Base            0x4000b6b8            --   Gb  - Linker created -
CSTACK$$Limit           0x4000bab8            --   Gb  - Linker created -
CurrX_Size              0x4000b638      0x4  Data  Lc  drv_glcd.o [1]
CurrY_Size              0x4000b634      0x4  Data  Lc  drv_glcd.o [1]
ENET_MIIReadRegister    0x00066829     0x56  Code  Lc  LPC24xx_enet.o [1]
ENET_MIIWriteRegister   0x000667db     0x4a  Code  Lc  LPC24xx_enet.o [1]
EnetDmaRx               0x7fe01800     0x10  Data  Gb  LPC24xx_enet.o [1]
EnetDmaRxSta            0x7fe01810     0x10  Data  Gb  LPC24xx_enet.o [1]
EnetDmaTx               0x7fe01820     0x10  Data  Gb  LPC24xx_enet.o [1]
EnetDmaTxSta            0x7fe01830      0x8  Data  Gb  LPC24xx_enet.o [1]
FIQ_Handler             0x00065994      0x4  Code  Gb  sys.o [1]
FIQ_STACK$$Base         0x4000beb8            --   Gb  - Linker created -
FIQ_STACK$$Limit        0x4000bef8            --   Gb  - Linker created -
GLCD_Ctrl               0x00064c75     0x62  Code  Gb  drv_glcd.o [1]
GLCD_Init               0x00064919    0x2ce  Code  Gb  drv_glcd.o [1]
GLCD_LoadPic            0x00065279     0x78  Code  Gb  drv_glcd.o [1]
GLCD_Move_Cursor        0x0006486d     0x96  Code  Gb  drv_glcd.o [1]
GLCD_SetFont            0x00064ce1      0xe  Code  Gb  drv_glcd.o [1]
GLCD_SetPallet          0x00064c01     0x32  Code  Gb  drv_glcd.o [1]
GLCD_SetWindow          0x00064d15     0x74  Code  Gb  drv_glcd.o [1]
GLCD_TextCalcWindow     0x00064e65     0xd4  Code  Lc  drv_glcd.o [1]
GLCD_TextSetPos         0x00064d8d      0xa  Code  Gb  drv_glcd.o [1]
GLCD_print              0x00065241     0x38  Code  Gb  drv_glcd.o [1]
GLCD_putchar            0x00064f89    0x2b4  Code  Gb  drv_glcd.o [1]
GpioInit                0x00065ce5     0x92  Code  Gb  sys.o [1]
IRQ_Handler             0x00065998     0x3c  Code  Gb  sys.o [1]
IRQ_STACK$$Base         0x4000bab8            --   Gb  - Linker created -
IRQ_STACK$$Limit        0x4000beb8            --   Gb  - Linker created -
InitClock               0x00065a47    0x194  Code  Gb  sys.o [1]
LCD_LPBASE              0xffe10014      0x4  Data  Gb  drv_glcd.o [1]
LCD_PAL_BASE            0xffe10200      0x4  Data  Gb  drv_glcd.o [1]
LCD_SET_WINDOW          0x00064da5     0x3c  Code  Lc  drv_glcd.o [1]
LCD_UPBASE              0xffe10010      0x4  Data  Gb  drv_glcd.o [1]
LCD_WRITE_PIXEL         0x00064df1     0x62  Code  Lc  drv_glcd.o [1]
LOWfilterWave           0x400030f8   0x2ee0  Data  Gb  main.o [1]
LightAuto               0x4000b654      0x4  Data  Gb  main.o [1]
LightSwitch             0x4000b650      0x4  Data  Gb  main.o [1]
LoadInt                 0x0006228f     0x6c  Code  Lc  xprintflarge.o [3]
LogoPic                 0x40000144     0x1c  Data  Gb  logo.o [1]
LogoStream              0x00000200  0x4b000  Data  Gb  logo.o [1]
OnTouchIntr_Handler     0x00066c89     0x86  Code  Gb  drv_touch_scr.o [1]
PhyAddr                 0x4000b6ab      0x1  Data  Lc  LPC24xx_enet.o [1]
Prefetch_Handler        0x00069654           Code  Wk  vectortrap.o [5]
RXDESCRIPTOR            0xffe00108      0x4  Data  Gb  LPC24xx_enet.o [1]
RXSTATUS                0xffe0010c      0x4  Data  Gb  LPC24xx_enet.o [1]
Region$$Table$$Base     0x0006933c            --   Gb  - Linker created -
Region$$Table$$Limit    0x00069360            --   Gb  - Linker created -
RelayControl            0x00063e49    0x154  Code  Gb  main.o [1]
RxBuff0                 0x7fe00000    0x600  Data  Gb  LPC24xx_enet.o [1]
RxBuff1                 0x7fe00600    0x600  Data  Gb  LPC24xx_enet.o [1]
SDRAM_BASE_ADDR {Abs}   0xa0000000           Data  Gb  command line/config [2]
SDRAM_Init              0x00065dfd    0x1b6  Code  Gb  sdram_64M_32bit_drv.o [1]
SWI_Handler             0x00069654           Code  Wk  vectortrap.o [5]
SYS_GetFpclk            0x00065c75     0x40  Code  Gb  sys.o [1]
SYS_GetFsclk            0x00065be1     0x84  Code  Gb  sys.o [1]
Samples                 0x4000b64c      0x4  Data  Lc  drv_touch_scr.o [1]
SocketAuto              0x4000b65c      0x4  Data  Gb  main.o [1]
SocketSwitch            0x4000b658      0x4  Data  Gb  main.o [1]
State                   0x4000b6aa      0x1  Data  Lc  drv_touch_scr.o [1]
T0MR0                   0xe0004018      0x4  Data  Gb  clock-arch.o [1]
T0PR                    0xe000400c      0x4  Data  Gb  clock-arch.o [1]
T1MR0                   0xe0008018      0x4  Data  Gb  main.o [1]
T1PR                    0xe000800c      0x4  Data  Gb  main.o [1]
T2MR0                   0xe0070018      0x4  Data  Gb  drv_touch_scr.o [1]
T2PR                    0xe007000c      0x4  Data  Gb  drv_touch_scr.o [1]
TXDESCRIPTOR            0xffe0011c      0x4  Data  Gb  LPC24xx_enet.o [1]
TXSTATUS                0xffe00120      0x4  Data  Gb  LPC24xx_enet.o [1]
TabSize                 0x40000208      0x4  Data  Lc  drv_glcd.o [1]
Terminal_18_24_12       0x400001d0     0x18  Data  Gb  Terminal_18_24x12.o [1]
TextBackgndColour       0x4000b618      0x4  Data  Lc  drv_glcd.o [1]
TextColour              0x4000b614      0x4  Data  Lc  drv_glcd.o [1]
TextStream              0x0005c8e0   0x3000  Data  Lc  Terminal_18_24x12.o [1]
TextX_Pos               0x4000b61c      0x4  Data  Lc  drv_glcd.o [1]
TextY_Pos               0x4000b620      0x4  Data  Lc  drv_glcd.o [1]
Ticks                   0x4000b5e4      0x4  Data  Gb  clock-arch.o [1]
Timer0IntrHandler       0x00066055     0x20  Code  Lc  clock-arch.o [1]
Timer1IntrHandler       0x00064023     0x74  Code  Gb  main.o [1]
TimerIntr_Handler       0x00066b7d     0xfe  Code  Gb  drv_touch_scr.o [1]
Touch                   0x4000b644      0x4  Data  Lc  drv_touch_scr.o [1]
TouchGet                0x00066f25     0x7e  Code  Gb  drv_touch_scr.o [1]
TouchScrInit            0x00066d69    0x1b8  Code  Gb  drv_touch_scr.o [1]
Touch_temp              0x4000b648      0x4  Data  Lc  drv_touch_scr.o [1]
TxBuff0                 0x7fe00c00    0x600  Data  Gb  LPC24xx_enet.o [1]
TxBuff1                 0x7fe01200    0x600  Data  Gb  LPC24xx_enet.o [1]
Undefined_Handler       0x00069654           Code  Wk  vectortrap.o [5]
VICADDRESS              0xffffff00      0x4  Data  Gb  sys.o [1]
VICVECTADDR0            0xfffff100      0x4  Data  Gb  sys.o [1]
VIC_Init                0x000659d5     0x4a  Code  Gb  sys.o [1]
VIC_SetVectoredIRQ      0x00065a1f     0x28  Code  Gb  sys.o [1]
WindX_Size              0x4000b630      0x4  Data  Lc  drv_glcd.o [1]
WindY_Size              0x4000b62c      0x4  Data  Lc  drv_glcd.o [1]
X                       0x4000b698      0x2  Data  Lc  drv_touch_scr.o [1]
XL_Win                  0x4000b624      0x4  Data  Lc  drv_glcd.o [1]
XR_Win                  0x40000200      0x4  Data  Lc  drv_glcd.o [1]
X_temp                  0x4000b69c      0x2  Data  Lc  drv_touch_scr.o [1]
Y                       0x4000b69a      0x2  Data  Lc  drv_touch_scr.o [1]
YD_Win                  0x40000204      0x4  Data  Lc  drv_glcd.o [1]
YU_Win                  0x4000b628      0x4  Data  Lc  drv_glcd.o [1]
Y_temp                  0x4000b69e      0x2  Data  Lc  drv_touch_scr.o [1]
_ADCVal                 0x4000b660      0x4  Data  Gb  main.o [1]
_A_AD0CR                0xe0034000      0x4  Data  Gb  main.o [1]
_A_AD0GDR               0xe0034004      0x4  Data  Gb  drv_touch_scr.o [1]
_A_ADDR0                0xe0034010      0x4  Data  Gb  drv_touch_scr.o [1]
_A_ADDR1                0xe0034014      0x4  Data  Gb  drv_touch_scr.o [1]
_A_ADDR2                0xe0034018      0x4  Data  Gb  main.o [1]
_A_ADDR3                0xe003401c      0x4  Data  Gb  main.o [1]
_A_ADINTEN              0xe003400c      0x4  Data  Gb  main.o [1]
_A_ADSTAT               0xe0034030      0x4  Data  Gb  drv_touch_scr.o [1]
_A_AHBCFG1              0xe01fc188      0x4  Data  Gb  sys.o [1]
_A_CCLKCFG              0xe01fc104      0x4  Data  Gb  sys.o [1]
_A_CLKSRCSEL            0xe01fc10c      0x4  Data  Gb  sys.o [1]
_A_CLRT                 0xffe00010      0x4  Data  Gb  LPC24xx_enet.o [1]
_A_COMMAND              0xffe00100      0x4  Data  Gb  LPC24xx_enet.o [1]
_A_CRSR_CLIP            0xffe10c14      0x4  Data  Gb  drv_glcd.o [1]
_A_CRSR_CTRL            0xffe10c00      0x4  Data  Gb  drv_glcd.o [1]
_A_CRSR_XY              0xffe10c10      0x4  Data  Gb  drv_glcd.o [1]
_A_EMCCONTROL           0xffe08000      0x4  Data  Gb  sdram_64M_32bit_drv.o [1]
_A_EMCDINAMICCTRL       0xffe08020      0x4  Data  Gb  sdram_64M_32bit_drv.o [1]
_A_EMCDINAMICRDCFG      0xffe08028      0x4  Data  Gb  sdram_64M_32bit_drv.o [1]
_A_EMCDINAMICRFR        0xffe08024      0x4  Data  Gb  sdram_64M_32bit_drv.o [1]
_A_EMCDYNAMICAPR        0xffe0803c      0x4  Data  Gb  sdram_64M_32bit_drv.o [1]
_A_EMCDYNAMICCFG0       0xffe08100      0x4  Data  Gb  sdram_64M_32bit_drv.o [1]
_A_EMCDYNAMICDAL        0xffe08040      0x4  Data  Gb  sdram_64M_32bit_drv.o [1]
_A_EMCDYNAMICMRD        0xffe08058      0x4  Data  Gb  sdram_64M_32bit_drv.o [1]
_A_EMCDYNAMICRAS        0xffe08034      0x4  Data  Gb  sdram_64M_32bit_drv.o [1]
_A_EMCDYNAMICRASCAS0    0xffe08104      0x4  Data  Gb  sdram_64M_32bit_drv.o [1]
_A_EMCDYNAMICRC         0xffe08048      0x4  Data  Gb  sdram_64M_32bit_drv.o [1]
_A_EMCDYNAMICRFC        0xffe0804c      0x4  Data  Gb  sdram_64M_32bit_drv.o [1]
_A_EMCDYNAMICRP         0xffe08030      0x4  Data  Gb  sdram_64M_32bit_drv.o [1]
_A_EMCDYNAMICRRD        0xffe08054      0x4  Data  Gb  sdram_64M_32bit_drv.o [1]
_A_EMCDYNAMICSREX       0xffe08038      0x4  Data  Gb  sdram_64M_32bit_drv.o [1]
_A_EMCDYNAMICWR         0xffe08044      0x4  Data  Gb  sdram_64M_32bit_drv.o [1]
_A_EMCDYNAMICXSR        0xffe08050      0x4  Data  Gb  sdram_64M_32bit_drv.o [1]
_A_EXTINT               0xe01fc140      0x4  Data  Gb  drv_touch_scr.o [1]
_A_FIO0CLR              0x3fffc01c      0x4  Data  Gb  main.o [1]
_A_FIO0DIR              0x3fffc000      0x4  Data  Gb  sys.o [1]
_A_FIO0MASK             0x3fffc010      0x4  Data  Gb  sys.o [1]
_A_FIO0PIN              0x3fffc014      0x4  Data  Gb  drv_touch_scr.o [1]
_A_FIO0SET              0x3fffc018      0x4  Data  Gb  main.o [1]
_A_FIO1DIR              0x3fffc020      0x4  Data  Gb  sys.o [1]
_A_FIO1MASK             0x3fffc030      0x4  Data  Gb  sys.o [1]
_A_FIO1PIN              0x3fffc034      0x4  Data  Gb  main.o [1]
_A_FIO1SET              0x3fffc038      0x4  Data  Gb  main.o [1]
_A_FIO2DIR              0x3fffc040      0x4  Data  Gb  sys.o [1]
_A_FIO2MASK             0x3fffc050      0x4  Data  Gb  sys.o [1]
_A_FIO3DIR              0x3fffc060      0x4  Data  Gb  sys.o [1]
_A_FIO3MASK             0x3fffc070      0x4  Data  Gb  sys.o [1]
_A_FIO4DIR              0x3fffc080      0x4  Data  Gb  sys.o [1]
_A_FIO4MASK             0x3fffc090      0x4  Data  Gb  sys.o [1]
_A_IO0DIR               0xe0028008      0x4  Data  Gb  sys.o [1]
_A_IO0INTCLR            0xe002808c      0x4  Data  Gb  drv_touch_scr.o [1]
_A_IO0INTENR            0xe0028090      0x4  Data  Gb  drv_touch_scr.o [1]
_A_IO1DIR               0xe0028018      0x4  Data  Gb  sys.o [1]
_A_IPGR                 0xffe0000c      0x4  Data  Gb  LPC24xx_enet.o [1]
_A_IPGT                 0xffe00008      0x4  Data  Gb  LPC24xx_enet.o [1]
_A_LCD_CFG              0xe01fc1b8      0x4  Data  Gb  drv_glcd.o [1]
_A_LCD_CTRL             0xffe10018      0x4  Data  Gb  drv_glcd.o [1]
_A_LCD_POL              0xffe10008      0x4  Data  Gb  drv_glcd.o [1]
_A_LCD_TIMH             0xffe10000      0x4  Data  Gb  drv_glcd.o [1]
_A_LCD_TIMV             0xffe10004      0x4  Data  Gb  drv_glcd.o [1]
_A_MAC1                 0xffe00000      0x4  Data  Gb  LPC24xx_enet.o [1]
_A_MAC2                 0xffe00004      0x4  Data  Gb  LPC24xx_enet.o [1]
_A_MADR                 0xffe00028      0x4  Data  Gb  LPC24xx_enet.o [1]
_A_MAMCR                0xe01fc000      0x4  Data  Gb  main.o [1]
_A_MAMTIM               0xe01fc004      0x4  Data  Gb  main.o [1]
_A_MAXF                 0xffe00014      0x4  Data  Gb  LPC24xx_enet.o [1]
_A_MCFG                 0xffe00020      0x4  Data  Gb  LPC24xx_enet.o [1]
_A_MCMD                 0xffe00024      0x4  Data  Gb  LPC24xx_enet.o [1]
_A_MIND                 0xffe00034      0x4  Data  Gb  LPC24xx_enet.o [1]
_A_MRDD                 0xffe00030      0x4  Data  Gb  LPC24xx_enet.o [1]
_A_MWTD                 0xffe0002c      0x4  Data  Gb  LPC24xx_enet.o [1]
_A_PCLKSEL0             0xe01fc1a8      0x4  Data  Gb  sys.o [1]
_A_PCLKSEL1             0xe01fc1ac      0x4  Data  Gb  sys.o [1]
_A_PCONP                0xe01fc0c4      0x4  Data  Gb  sys.o [1]
_A_PINMODE0             0xe002c040      0x4  Data  Gb  drv_glcd.o [1]
_A_PINMODE1             0xe002c044      0x4  Data  Gb  drv_touch_scr.o [1]
_A_PINMODE3             0xe002c04c      0x4  Data  Gb  drv_glcd.o [1]
_A_PINMODE4             0xe002c050      0x4  Data  Gb  drv_glcd.o [1]
_A_PINMODE5             0xe002c054      0x4  Data  Gb  sdram_64M_32bit_drv.o [1]
_A_PINMODE6             0xe002c058      0x4  Data  Gb  sdram_64M_32bit_drv.o [1]
_A_PINMODE7             0xe002c05c      0x4  Data  Gb  sdram_64M_32bit_drv.o [1]
_A_PINMODE8             0xe002c060      0x4  Data  Gb  sdram_64M_32bit_drv.o [1]
_A_PINMODE9             0xe002c064      0x4  Data  Gb  sdram_64M_32bit_drv.o [1]
_A_PINSEL0              0xe002c000      0x4  Data  Gb  sys.o [1]
_A_PINSEL1              0xe002c004      0x4  Data  Gb  sys.o [1]
_A_PINSEL11             0xe002c02c      0x4  Data  Gb  drv_glcd.o [1]
_A_PINSEL2              0xe002c008      0x4  Data  Gb  sys.o [1]
_A_PINSEL3              0xe002c00c      0x4  Data  Gb  sys.o [1]
_A_PINSEL4              0xe002c010      0x4  Data  Gb  sys.o [1]
_A_PINSEL5              0xe002c014      0x4  Data  Gb  sys.o [1]
_A_PINSEL6              0xe002c018      0x4  Data  Gb  sys.o [1]
_A_PINSEL7              0xe002c01c      0x4  Data  Gb  sys.o [1]
_A_PINSEL8              0xe002c020      0x4  Data  Gb  sys.o [1]
_A_PINSEL9              0xe002c024      0x4  Data  Gb  sys.o [1]
_A_PLLCFG               0xe01fc084      0x4  Data  Gb  sys.o [1]
_A_PLLCON               0xe01fc080      0x4  Data  Gb  sys.o [1]
_A_PLLFEED              0xe01fc08c      0x4  Data  Gb  sys.o [1]
_A_PLLSTAT              0xe01fc088      0x4  Data  Gb  sys.o [1]
_A_POWERDOWN            0xffe00ff4      0x4  Data  Gb  LPC24xx_enet.o [1]
_A_RXCONSUMEINDEX       0xffe00118      0x4  Data  Gb  LPC24xx_enet.o [1]
_A_RXDESCRIPTORNUMBER   0xffe00110      0x4  Data  Gb  LPC24xx_enet.o [1]
_A_RXPRODUCEINDEX       0xffe00114      0x4  Data  Gb  LPC24xx_enet.o [1]
_A_SA0                  0xffe00040      0x4  Data  Gb  LPC24xx_enet.o [1]
_A_SA1                  0xffe00044      0x4  Data  Gb  LPC24xx_enet.o [1]
_A_SA2                  0xffe00048      0x4  Data  Gb  LPC24xx_enet.o [1]
_A_SCS                  0xe01fc1a0      0x4  Data  Gb  sys.o [1]
_A_SUPP                 0xffe00018      0x4  Data  Gb  LPC24xx_enet.o [1]
_A_T0CTCR               0xe0004070      0x4  Data  Gb  clock-arch.o [1]
_A_T0IR                 0xe0004000      0x4  Data  Gb  clock-arch.o [1]
_A_T0MCR                0xe0004014      0x4  Data  Gb  clock-arch.o [1]
_A_T0TCR                0xe0004004      0x4  Data  Gb  clock-arch.o [1]
_A_T1CTCR               0xe0008070      0x4  Data  Gb  main.o [1]
_A_T1IR                 0xe0008000      0x4  Data  Gb  main.o [1]
_A_T1MCR                0xe0008014      0x4  Data  Gb  main.o [1]
_A_T1TCR                0xe0008004      0x4  Data  Gb  main.o [1]
_A_T2CTCR               0xe0070070      0x4  Data  Gb  drv_touch_scr.o [1]
_A_T2IR                 0xe0070000      0x4  Data  Gb  drv_touch_scr.o [1]
_A_T2MCR                0xe0070014      0x4  Data  Gb  drv_touch_scr.o [1]
_A_T2TCR                0xe0070004      0x4  Data  Gb  drv_touch_scr.o [1]
_A_TEST                 0xffe0001c      0x4  Data  Gb  LPC24xx_enet.o [1]
_A_TXCONSUMEINDEX       0xffe0012c      0x4  Data  Gb  LPC24xx_enet.o [1]
_A_TXDESCRIPTORNUMBER   0xffe00124      0x4  Data  Gb  LPC24xx_enet.o [1]
_A_TXPRODUCEINDEX       0xffe00128      0x4  Data  Gb  LPC24xx_enet.o [1]
_A_USBCLKCFG            0xe01fc108      0x4  Data  Gb  sys.o [1]
_A_VICINTENABLE         0xfffff010      0x4  Data  Gb  main.o [1]
_A_VICINTENCLEAR        0xfffff014      0x4  Data  Gb  sys.o [1]
_A_VICINTSELECT         0xfffff00c      0x4  Data  Gb  sys.o [1]
_A_VICPROTECTION        0xfffff020      0x4  Data  Gb  sys.o [1]
_A_VICSOFTINTCLEAR      0xfffff01c      0x4  Data  Gb  sys.o [1]
_A_VICVECTPRIORITY0     0xfffff200      0x4  Data  Gb  sys.o [1]
_CountFlag              0x4000b668      0x4  Data  Gb  main.o [1]
_CrossIndex             0x4000b670      0x4  Data  Gb  main.o [1]
_CrossingsLocation      0x4000b48c     0x74  Data  Gb  main.o [1]
_CurrentWave            0x40005fd8   0x2ee0  Data  Gb  main.o [1]
_GenldLarge             0x00062749    0x2b8  Code  Lc  xprintflarge.o [3]
_LdtobLarge             0x00062431    0x2f4  Code  Lc  xprintflarge.o [3]
_LitobLarge             0x000622fb    0x130  Code  Lc  xprintflarge.o [3]
_NumberOfCrossings      0x4000b66c      0x4  Data  Gb  main.o [1]
_Power                  0x4000b608      0x8  Data  Gb  main.o [1]
_PrintfLarge            0x00061cb9    0x5d6  Code  Gb  xprintflarge.o [3]
_PutcharsLarge          0x00062a01     0x36  Code  Lc  xprintflarge.o [3]
_RMSCurrent             0x4000b5f8      0x8  Data  Gb  main.o [1]
_RMSVoltage             0x4000b600      0x8  Data  Gb  main.o [1]
_SNProut                0x00069411     0x1c  Code  Gb  xsnprout.o [3]
_SProut                 0x0006163f      0xa  Code  Gb  xsprout.o [3]
__aeabi_assert          0x0006750c     0x40  Code  Gb  ABIassert.o [6]
__aeabi_cdcmple         0x00062de4           Code  Gb  DblCmpLe.o [4]
__aeabi_cfcmple         0x00065938           Code  Gb  FltCmpLe.o [4]
__aeabi_cfrcmple        0x00065968           Code  Gb  FltCmpGe.o [4]
__aeabi_d2f             0x00065384           Code  Gb  DblToFlt.o [4]
__aeabi_d2iz            0x0006469c           Code  Gb  DblToS32.o [4]
__aeabi_d2uiz           0x00063358           Code  Gb  DblToU32.o [4]
__aeabi_dadd            0x00063618           Code  Gb  DblAdd.o [4]
__aeabi_ddiv            0x0006301c           Code  Gb  DblDiv.o [4]
__aeabi_dmul            0x00062e20           Code  Gb  DblMul.o [4]
__aeabi_dsub            0x000633ac           Code  Gb  DblSub.o [4]
__aeabi_errno_addr      0x000675d1      0xc  Code  Gb  errno.o [3]
__aeabi_f2d             0x0006531c           Code  Gb  FltToDbl.o [4]
__aeabi_fadd            0x00065434           Code  Gb  FltAdd.o [4]
__aeabi_fdiv            0x000654dc           Code  Gb  FltDiv.o [4]
__aeabi_fmul            0x000656bc           Code  Gb  FltMul.o [4]
__aeabi_fsub            0x00065808           Code  Gb  FltSub.o [4]
__aeabi_idiv            0x00062c0c           Code  Gb  I32DivMod.o [5]
__aeabi_idiv0           0x000635c4           Code  Gb  IntDivZer.o [5]
__aeabi_idivmod         0x00062c0c           Code  Gb  I32DivMod.o [5]
__aeabi_ldiv0           0x000635c0           Code  Gb  I64DivZer.o [5]
__aeabi_memcpy          0x00061224           Code  Gb  ABImemcpy.o [5]
__aeabi_memcpy4         0x00061248           Code  Gb  ABImemcpy.o [5]
__aeabi_memcpy8         0x00061248           Code  Gb  ABImemcpy.o [5]
__aeabi_memset          0x00061c2c           Code  Gb  ABImemset.o [5]
__aeabi_ui2d            0x00063398           Code  Gb  U32ToDbl.o [4]
__aeabi_ui2f            0x000656a8           Code  Gb  U32ToFlt.o [4]
__aeabi_uidiv           0x00062c3c           Code  Gb  I32DivMod.o [5]
__aeabi_uidivmod        0x00062c3c           Code  Gb  I32DivMod.o [5]
__aeabi_uldivmod        0x00062af0           Code  Gb  I64DivMod.o [5]
__cmain                 0x00069140           Code  Gb  cmain.o [5]
__exit                  0x000675f4     0x20  Code  Gb  exit.o [6]
__iar_Dnorm             0x00062bc5     0x44  Code  Gb  xdnorm.o [4]
__iar_Errno             0x40000214      0x4  Data  Gb  errno.o [3]
__iar_Memchr            0x00062a58           Code  Gb  memchr.o [5]
__iar_Memset            0x00061c2c           Code  Gb  ABImemset.o [5]
__iar_Memset_word       0x00061c38           Code  Gb  ABImemset.o [5]
__iar_Strchr            0x0006164c           Code  Gb  strchr.o [5]
__iar_Strrchr           0x00061c0d     0x1a  Code  Gb  strrchr.o [3]
__iar_SubNrm            0x000657d8           Code  Gb  FltMul.o [4]
__iar_close_ttio        0x00067620     0x58  Code  Gb  iarttio.o [6]
__iar_copy_init3        0x000692e1     0x30  Code  Gb  copy_init3.o [5]
__iar_dadd              0x00063628           Code  Gb  DblAdd.o [4]
__iar_data_init3        0x00069171     0x30  Code  Gb  data_init.o [5]
__iar_dlib_perthread_access
                        0x000675ed      0x2  Code  Gb  xtls.o [3]
__iar_dsub              0x000633bc           Code  Gb  DblSub.o [4]
__iar_dsubStart         0x000633dc           Code  Gb  DblSub.o [4]
__iar_edom              0x000674e4           Code  Gb  iarEdom.o [5]
__iar_enable_interrupt  0x0006619c           Code  Gb  main.o [1]
__iar_fadd              0x00065440           Code  Gb  FltAdd.o [4]
__iar_fsub              0x00065814           Code  Gb  FltSub.o [4]
__iar_fsubStart         0x00065824           Code  Gb  FltSub.o [4]
__iar_i2d               0x000635c8           Code  Gb  S32ToDbl.o [4]
__iar_i2f               0x00067580           Code  Gb  S32ToFlt.o [4]
__iar_lookup_ttioh      0x00067679      0x8  Code  Gb  XShttio.o [3]
__iar_program_start     0x000690b8           Code  Gb  cstartup.o [5]
__iar_return_from_swi   0x00069658      0x4  Code  Gb  xreturnswi.o [6]
__iar_sqrt              0x00064700           Code  Gb  sqrt.o [4]
__iar_ttio_handles      0x400001f8      0x8  Data  Lc  XShttio.o [3]
__iar_zero_init3        0x000692a5     0x3c  Code  Gb  zero_init3.o [5]
__low_level_init        0x0006916d      0x4  Code  Gb  low_level_init.o [3]
__vector                0x00000000           Data  Gb  cstartup.o [5]
_call_main              0x00069154           Code  Gb  cmain.o [5]
_exit                   0x000691b0           Code  Gb  cexit.o [5]
_freq                   0x4000b5e8      0x8  Data  Gb  main.o [1]
_main                   0x0006915c           Code  Gb  cmain.o [5]
_regCount               0x4000b664      0x4  Data  Gb  main.o [1]
_str7                   0x4000b5f0      0x8  Data  Gb  main.o [1]
_waveForm               0x40000218   0x2ee0  Data  Gb  main.o [1]
abort                   0x000675e1      0xc  Code  Gb  abort.o [3]
all_zeroes_addr         0x0006964c      0x4  Data  Lc  uip.o [1]
arp_table               0x4000b500     0x60  Data  Lc  uip_arp.o [1]
arptime                 0x4000b6b1      0x1  Data  Lc  uip_arp.o [1]
autoOFFPic              0x400001b4     0x1c  Data  Gb  logo.o [1]
autoOFFStream           0x00059520   0x33c0  Data  Gb  logo.o [1]
autoONPic               0x40000198     0x1c  Data  Gb  logo.o [1]
autoONStream            0x00056160   0x33c0  Data  Gb  logo.o [1]
broadcast_ethaddr       0x00069644      0x8  Data  Lc  uip_arp.o [1]
broadcast_ipaddr        0x00069650      0x4  Data  Lc  uip_arp.o [1]
buf_bufto               0x000612ff     0x88  Code  Lc  psock.o [1]
buf_setup               0x000612f9      0x6  Code  Lc  psock.o [1]
buttomOFFPic            0x4000017c     0x1c  Data  Gb  logo.o [1]
buttomOFFStream         0x000509b0   0x57b0  Data  Gb  logo.o [1]
buttomONPic             0x40000160     0x1c  Data  Gb  logo.o [1]
buttomONStream          0x0004b200   0x57b0  Data  Gb  logo.o [1]
c                       0x4000b6ad      0x1  Data  Lc  uip.o [1]
c                       0x4000b6b0      0x1  Data  Lc  uip_arp.o [1]
calls                   0x400001e8     0x10  Data  Lc  httpd-cgi.o [1]
chksum                  0x0005f97b     0x5c  Code  Lc  uip.o [1]
clearArray              0x00063de9     0x1e  Code  Gb  main.o [1]
clock_init              0x00066075     0xb4  Code  Gb  clock-arch.o [1]
clock_time              0x00066129      0x6  Code  Gb  clock-arch.o [1]
closed                  0x0006962c      0x8  Data  Lc  httpd-cgi.o [1]
closing                 0x00069634      0x8  Data  Lc  httpd-cgi.o [1]
count                   0x4000b5dc      0x8  Data  Lc  httpd-fs.o [1]
crp                     0x000001fc      0x4  Data  Gb  main.o [1]
cursor_x                0x4000020c      0x4  Data  Gb  main.o [1]
cursor_y                0x40000210      0x4  Data  Gb  main.o [1]
data_acked              0x000613cf     0x56  Code  Lc  psock.o [1]
data_auto_jpg           0x00068574    0x5a0  Data  Lc  httpd-fs.o [1]
data_bulboff_jpg        0x00068b14    0x4e8  Data  Lc  httpd-fs.o [1]
data_bulbon_jpg         0x00067f6c    0x608  Data  Lc  httpd-fs.o [1]
data_index_html         0x00067680    0x8ec  Data  Lc  httpd-fs.o [1]
div                     0x0006359d     0x24  Code  Gb  div.o [3]
established             0x00069574      0xc  Data  Lc  httpd-cgi.o [1]
exit                    0x000691a3      0xa  Code  Gb  exit.o [3]
file                    0x00069614      0x8  Data  Lc  httpd-cgi.o [1]
file_auto_jpg           0x00069470     0x14  Data  Gb  httpd-fs.o [1]
file_bulboff_jpg        0x00069484     0x14  Data  Gb  httpd-fs.o [1]
file_bulbon_jpg         0x00069498     0x14  Data  Gb  httpd-fs.o [1]
file_index_html         0x000694ac     0x14  Data  Gb  httpd-fs.o [1]
file_stats              0x000617c1     0x4a  Code  Lc  httpd-cgi.o [1]
fin_wait_1              0x00069580      0xc  Data  Lc  httpd-cgi.o [1]
fin_wait_2              0x0006958c      0xc  Data  Lc  httpd-cgi.o [1]
generate_file_stats     0x0006179b     0x26  Code  Lc  httpd-cgi.o [1]
generate_net_stats      0x00061965     0x26  Code  Lc  httpd-cgi.o [1]
generate_part_of_file   0x00060ac1     0x4e  Code  Lc  httpd.o [1]
generate_tcp_stats      0x0006180b     0xec  Code  Lc  httpd-cgi.o [1]
getRMS                  0x000639e1     0x66  Code  Gb  main.o [1]
getString               0x00063759    0x280  Code  Gb  main.o [1]
handle_connection       0x00061149     0x1e  Code  Lc  httpd.o [1]
handle_input            0x00061031     0xfe  Code  Lc  httpd.o [1]
handle_output           0x00060f23     0xf6  Code  Lc  httpd.o [1]
handle_script           0x00060bed    0x17a  Code  Lc  httpd.o [1]
htons                   0x00060a31     0x10  Code  Gb  uip.o [1]
http_404_html           0x0006952c      0xc  Data  Gb  http-strings.o [1]
http_content_type_binary
                        0x00069310     0x2c  Data  Gb  http-strings.o [1]
http_content_type_css   0x000693bc     0x1c  Data  Gb  http-strings.o [1]
http_content_type_gif   0x000693f4     0x1c  Data  Gb  http-strings.o [1]
http_content_type_html  0x000693a0     0x1c  Data  Gb  http-strings.o [1]
http_content_type_jpg   0x00069380     0x20  Data  Gb  http-strings.o [1]
http_content_type_plain
                        0x00069360     0x20  Data  Gb  http-strings.o [1]
http_content_type_png   0x000693d8     0x1c  Data  Gb  http-strings.o [1]
http_css                0x000695ec      0x8  Data  Gb  http-strings.o [1]
http_get                0x000695d4      0x8  Data  Gb  http-strings.o [1]
http_gif                0x000695fc      0x8  Data  Gb  http-strings.o [1]
http_header_200         0x000691c0     0x54  Data  Gb  http-strings.o [1]
http_header_404         0x0006905c     0x5c  Data  Gb  http-strings.o [1]
http_html               0x000695dc      0x8  Data  Gb  http-strings.o [1]
http_index_html         0x00069520      0xc  Data  Gb  http-strings.o [1]
http_jpg                0x00069604      0x8  Data  Gb  http-strings.o [1]
http_png                0x000695f4      0x8  Data  Gb  http-strings.o [1]
http_referer            0x00069538      0xc  Data  Gb  http-strings.o [1]
http_shtml              0x000695e4      0x8  Data  Gb  http-strings.o [1]
httpd_appcall           0x00061167     0x86  Code  Gb  httpd.o [1]
httpd_cgi               0x00061763     0x38  Code  Gb  httpd-cgi.o [1]
httpd_fs_count          0x00061705     0x38  Code  Gb  httpd-fs.o [1]
httpd_fs_open           0x000616b5     0x50  Code  Gb  httpd-fs.o [1]
httpd_fs_strcmp         0x0006166d     0x48  Code  Lc  httpd-fs.o [1]
httpd_init              0x00061211      0xe  Code  Gb  httpd.o [1]
i                       0x4000b6af      0x1  Data  Lc  uip_arp.o [1]
initLEDs                0x00063fc7     0x34  Code  Gb  main.o [1]
initRelayPorts          0x00063e0d     0x1e  Code  Gb  main.o [1]
ipaddr                  0x4000b694      0x4  Data  Lc  uip_arp.o [1]
ipid                    0x4000b6a4      0x2  Data  Lc  uip.o [1]
iss                     0x4000b68c      0x4  Data  Lc  uip.o [1]
last_ack                0x000695a4      0xc  Data  Lc  httpd-cgi.o [1]
lastport                0x4000b6a6      0x2  Data  Lc  uip.o [1]
lowPassFilter           0x00063d55     0x8e  Code  Gb  main.o [1]
main                    0x000640fd    0x530  Code  Gb  main.o [1]
memchr                  0x00062a58           Code  Gb  memchr.o [5]
net                     0x00069624      0x8  Data  Lc  httpd-cgi.o [1]
net_stats               0x0006198b     0x5c  Code  Lc  httpd-cgi.o [1]
next_scriptstate        0x00060bbb     0x32  Code  Lc  httpd.o [1]
nullfunction            0x00061745     0x1e  Code  Lc  httpd-cgi.o [1]
opt                     0x4000b6ae      0x1  Data  Lc  uip.o [1]
pCurrFont               0x4000b610      0x4  Data  Lc  drv_glcd.o [1]
pPix                    0x4000b640      0x4  Data  Lc  drv_glcd.o [1]
pWind                   0x4000b63c      0x4  Data  Lc  drv_glcd.o [1]
psock_datalen           0x0006151b      0xc  Code  Gb  psock.o [1]
psock_generator_send    0x00061495     0x86  Code  Gb  psock.o [1]
psock_init              0x00061609     0x34  Code  Gb  psock.o [1]
psock_newdata           0x00061527     0x32  Code  Gb  psock.o [1]
psock_readto            0x00061559     0x9c  Code  Gb  psock.o [1]
psock_send              0x00061425     0x70  Code  Gb  psock.o [1]
send_data               0x00061387     0x48  Code  Lc  psock.o [1]
send_file               0x00060b0f     0x66  Code  Lc  httpd.o [1]
send_headers            0x00060d75    0x1ae  Code  Lc  httpd.o [1]
send_part_of_file       0x00060b75     0x46  Code  Lc  httpd.o [1]
snprintf                0x00061bc5     0x48  Code  Gb  snprintf.o [3]
softDelay               0x00064015      0xe  Code  Gb  main.o [1]
sqrt                    0x00064700           Code  Gb  sqrt.o [4]
sqrtl                   0x00064700           Code  Gb  sqrt.o [4]
states                  0x40000120     0x24  Data  Lc  httpd-cgi.o [1]
strchr                  0x0006164c           Code  Gb  strchr.o [5]
strcpy                  0x00061ab8           Code  Gb  strcpy.o [5]
strlen                  0x00061a20           Code  Gb  strlen.o [5]
strncmp                 0x00061a89     0x2c  Code  Gb  strncmp.o [3]
strncpy                 0x00061b28           Code  Gb  strncpy.o [5]
strrchr                 0x00061a75     0x14  Code  Gb  httpd.o [1]
syn_rcvd                0x0006955c      0xc  Data  Lc  httpd-cgi.o [1]
syn_sent                0x00069568      0xc  Data  Lc  httpd-cgi.o [1]
tapdev_init             0x000661ad    0x52e  Code  Gb  LPC24xx_enet.o [1]
tapdev_read             0x000666f1     0x64  Code  Gb  LPC24xx_enet.o [1]
tapdev_send             0x00066759     0x82  Code  Gb  LPC24xx_enet.o [1]
tcp                     0x0006961c      0x8  Data  Lc  httpd-cgi.o [1]
tcp_stats               0x000618f7     0x6e  Code  Lc  httpd-cgi.o [1]
textToScreen            0x00063a47     0x86  Code  Gb  main.o [1]
time_wait               0x00069598      0xc  Data  Lc  httpd-cgi.o [1]
timer_expired           0x00066177     0x22  Code  Gb  timer.o [1]
timer_reset             0x0006616d      0xa  Code  Gb  timer.o [1]
timer_set               0x00066159     0x14  Code  Gb  timer.o [1]
tmp16                   0x4000b6a8      0x2  Data  Lc  uip.o [1]
tmpage                  0x4000b6b2      0x1  Data  Lc  uip_arp.o [1]
toogleLED               0x00063f9d     0x2a  Code  Gb  main.o [1]
uip_acc32               0x4000b690      0x4  Data  Gb  uip.o [1]
uip_add32               0x0005f8e1     0x9a  Code  Gb  uip.o [1]
uip_add_rcv_nxt         0x0005fb19     0x42  Code  Lc  uip.o [1]
uip_appdata             0x4000b680      0x4  Data  Gb  uip.o [1]
uip_arp_arpin           0x000671dd     0xfa  Code  Gb  uip_arp.o [1]
uip_arp_out             0x000672f1    0x1a4  Code  Gb  uip_arp.o [1]
uip_arp_timer           0x00067045     0x5e  Code  Gb  uip_arp.o [1]
uip_arp_update          0x000670a3    0x13a  Code  Lc  uip_arp.o [1]
uip_buf                 0x4000ae98    0x5f4  Data  Gb  uip.o [1]
uip_conn                0x4000b688      0x4  Data  Gb  uip.o [1]
uip_conns               0x40008eb8   0x1fe0  Data  Gb  uip.o [1]
uip_draddr              0x4000b678      0x4  Data  Gb  uip.o [1]
uip_ethaddr             0x0006963c      0x8  Data  Gb  uip.o [1]
uip_flags               0x4000b6ac      0x1  Data  Gb  uip.o [1]
uip_hostaddr            0x4000b674      0x4  Data  Gb  uip.o [1]
uip_init                0x0005fa71     0x60  Code  Gb  uip.o [1]
uip_ipchksum            0x0005f9d7     0x2e  Code  Gb  uip.o [1]
uip_len                 0x4000b6a0      0x2  Data  Gb  uip.o [1]
uip_listen              0x0005fad5     0x3e  Code  Gb  uip.o [1]
uip_listenports         0x4000b560     0x50  Data  Gb  uip.o [1]
uip_netmask             0x4000b67c      0x4  Data  Gb  uip.o [1]
uip_process             0x0005fb85    0xe9a  Code  Gb  uip.o [1]
uip_sappdata            0x4000b684      0x4  Data  Gb  uip.o [1]
uip_send                0x00060a41     0x30  Code  Gb  uip.o [1]
uip_slen                0x4000b6a2      0x2  Data  Gb  uip.o [1]
uip_stat                0x4000b5b0     0x2c  Data  Gb  uip.o [1]
uip_tcpchksum           0x0005fa65      0xc  Code  Gb  uip.o [1]
updateLCDgraphics       0x00063af9    0x256  Code  Gb  main.o [1]
upper_layer_chksum      0x0005fa05     0x60  Code  Lc  uip.o [1]
vsprintf                0x0006754d     0x30  Code  Gb  vsprintf.o [3]


[1] = C:\Users\Rebecca\Desktop\Project\uip_webserver\Flash Debug\Obj
[2] = command line
[3] = dl4t_tln.a
[4] = m4t_tl.a
[5] = rt4t_al.a
[6] = shs_l.a

   32 628 bytes of readonly  code memory
  398 880 bytes of readonly  data memory
   54 795 bytes of readwrite data memory (+ 580 absolute)

Errors: none
Warnings: none
