###############################################################################
#
# IAR ELF Linker V7.80.3.12102/W32 for ARM                11/Jan/2017  17:19:46
# Copyright 2007-2016 IAR Systems AB.
#
#    Output file  =  
#        C:\Users\Vitali\Desktop\DFCR\Software uC\Flash
#        Debug\Exe\LCD_Demo.out.tmp
#    Map file     =  
#        C:\Users\Vitali\Desktop\DFCR\Software uC\Flash Debug\List\LCD_Demo.map
#    Command line =  
#        "C:\Users\Vitali\Desktop\DFCR\Software uC\Flash Debug\Obj\ADC.o"
#        "C:\Users\Vitali\Desktop\DFCR\Software uC\Flash
#        Debug\Obj\cursor_arrow.o" "C:\Users\Vitali\Desktop\DFCR\Software
#        uC\Flash Debug\Obj\DAC.o" "C:\Users\Vitali\Desktop\DFCR\Software
#        uC\Flash Debug\Obj\drv_glcd.o" "C:\Users\Vitali\Desktop\DFCR\Software
#        uC\Flash Debug\Obj\drv_touch_scr.o"
#        "C:\Users\Vitali\Desktop\DFCR\Software uC\Flash Debug\Obj\i2c0_drv.o"
#        "C:\Users\Vitali\Desktop\DFCR\Software uC\Flash Debug\Obj\LCD.o"
#        "C:\Users\Vitali\Desktop\DFCR\Software uC\Flash Debug\Obj\LED.o"
#        "C:\Users\Vitali\Desktop\DFCR\Software uC\Flash Debug\Obj\logo.o"
#        "C:\Users\Vitali\Desktop\DFCR\Software uC\Flash Debug\Obj\main.o"
#        "C:\Users\Vitali\Desktop\DFCR\Software uC\Flash Debug\Obj\Relay.o"
#        "C:\Users\Vitali\Desktop\DFCR\Software uC\Flash
#        Debug\Obj\sdram_64M_32bit_drv.o"
#        "C:\Users\Vitali\Desktop\DFCR\Software uC\Flash
#        Debug\Obj\smb380_drv.o" "C:\Users\Vitali\Desktop\DFCR\Software
#        uC\Flash Debug\Obj\sys.o" "C:\Users\Vitali\Desktop\DFCR\Software
#        uC\Flash Debug\Obj\Terminal_18_24x12.o"
#        "C:\Users\Vitali\Desktop\DFCR\Software uC\Flash
#        Debug\Obj\Terminal_6_8x6.o" "C:\Users\Vitali\Desktop\DFCR\Software
#        uC\Flash Debug\Obj\Terminal_9_12x6.o"
#        "C:\Users\Vitali\Desktop\DFCR\Software uC\Flash Debug\Obj\Timer.o"
#        --redirect _Printf=_PrintfTiny --redirect _Scanf=_ScanfSmall -o
#        "C:\Users\Vitali\Desktop\DFCR\Software uC\Flash
#        Debug\Exe\LCD_Demo.out.tmp" --map
#        "C:\Users\Vitali\Desktop\DFCR\Software uC\Flash
#        Debug\List\LCD_Demo.map" --config
#        "C:\Users\Vitali\Desktop\DFCR\Software uC\config\LPC2478_Flash.icf"
#        --semihosting --entry __iar_program_start --vfe
#
###############################################################################

*******************************************************************************
*** RUNTIME MODEL ATTRIBUTES
***

CppFlavor       = *
__SystemLibrary = DLib


*******************************************************************************
*** PLACEMENT SUMMARY
***

"A0":  place at 0x00000000 { ro section .intvec };
"P1":  place in [from 0x00000000 to 0x000001fb] |
                [from 0x00000200 to 0x0007dfff] { ro };
"P2":  place in [from 0x40000000 to 0x4000003f] |
                [from 0x40000120 to 0x4000ffdf] {
          rw, block CSTACK, block SVC_STACK, block IRQ_STACK, block FIQ_STACK,
          block UND_STACK, block ABT_STACK, block HEAP };
"P6":  place in [from 0x000001fc to 0x000001ff] { section .crp };
do not initialize { section .noinit };
initialize by copy { rw };

  Section            Kind        Address     Size  Object
  -------            ----        -------     ----  ------
"A0":                                        0x3c
  .intvec            ro code  0x00000000     0x3c  cstartup.o [5]
                            - 0x0000003c     0x3c

"P1", part 1 of 2:                           0x3c
  .rodata            const    0x0000003c      0x0  copy_init3.o [5]
  Initializer bytes  const    0x0000003c     0x3c  <for P2 s0>
                            - 0x00000078     0x3c

"P6":                                         0x4
  .crp               const    0x000001fc      0x4  main.o [1]
                            - 0x00000200      0x4

"P1", part 2 of 2:                        0x4d534
  .rodata            const    0x00000200  0x4b000  logo.o [1]
  .text              ro code  0x0004b200    0xc10  drv_touch_scr.o [1]
  .text              ro code  0x0004be10     0x40  ABIassert.o [6]
  .text              ro code  0x0004be50    0x6ac  sys.o [1]
  .text              ro code  0x0004c4fc    0x1a4  I32DivMod.o [5]
  .text              ro code  0x0004c6a0      0x8  abort.o [3]
  .text              ro code  0x0004c6a8      0x4  IntDivZer.o [5]
  .text              ro code  0x0004c6ac     0x20  exit.o [6]
  .text              ro code  0x0004c6cc     0x58  iarttio.o [6]
  .text              ro code  0x0004c724      0xc  XShttio.o [3]
  .text              ro code  0x0004c730    0x82c  drv_glcd.o [1]
  .text              ro code  0x0004cf5c    0x3b4  sdram_64M_32bit_drv.o [1]
  .text              ro code  0x0004d310    0x160  main.o [1]
  .rodata            const    0x0004d470    0x100  cursor_arrow.o [1]
  .text              ro code  0x0004d570     0x58  cstartup.o [5]
  Veneer             ro code  0x0004d5c8      0xc  - Linker created -
  .text              ro code  0x0004d5d4     0x2c  cmain.o [5]
  .text              ro code  0x0004d600      0x8  low_level_init.o [3]
  .text              ro code  0x0004d608     0x32  data_init.o [5]
  .text              ro code  0x0004d63c      0x4  exit.o [3]
  .text              ro code  0x0004d640     0x10  cexit.o [5]
  .rodata            const    0x0004d650     0x44  drv_touch_scr.o [1]
  .rodata            const    0x0004d694     0x3c  drv_glcd.o [1]
  .text              ro code  0x0004d6d0     0x30  copy_init3.o [5]
  .iar.init_table    const    0x0004d700     0x14  - Linker created -
  .rodata            const    0x0004d714      0xc  drv_glcd.o [1]
  .rodata            const    0x0004d720      0xc  logo.o [1]
  .text              ro code  0x0004d72c      0x4  vectortrap.o [5]
  .text              ro code  0x0004d730      0x4  xreturnswi.o [6]
                            - 0x0004d734  0x4d534

Absolute sections, part 1 of 45:              0x4
  .noinit            uninit   0x3fffc000      0x4  sys.o [1]
                            - 0x3fffc004      0x4

Absolute sections, part 2 of 45:             0x14
  .noinit            uninit   0x3fffc010      0x4  sys.o [1]
  .noinit            uninit   0x3fffc014      0x4  drv_touch_scr.o [1]
  .noinit            uninit   0x3fffc018      0x4  Relay.o [1]
  .noinit            uninit   0x3fffc01c      0x4  Relay.o [1]
  .noinit            uninit   0x3fffc020      0x4  sys.o [1]
                            - 0x3fffc024     0x14

Absolute sections, part 3 of 45:              0x4
  .noinit            uninit   0x3fffc030      0x4  sys.o [1]
                            - 0x3fffc034      0x4

Absolute sections, part 4 of 45:              0xc
  .noinit            uninit   0x3fffc038      0x4  main.o [1]
  .noinit            uninit   0x3fffc03c      0x4  main.o [1]
  .noinit            uninit   0x3fffc040      0x4  sys.o [1]
                            - 0x3fffc044      0xc

Absolute sections, part 5 of 45:              0x4
  .noinit            uninit   0x3fffc050      0x4  sys.o [1]
                            - 0x3fffc054      0x4

Absolute sections, part 6 of 45:              0x4
  .noinit            uninit   0x3fffc060      0x4  sys.o [1]
                            - 0x3fffc064      0x4

Absolute sections, part 7 of 45:              0x4
  .noinit            uninit   0x3fffc070      0x4  sys.o [1]
                            - 0x3fffc074      0x4

Absolute sections, part 8 of 45:              0x4
  .noinit            uninit   0x3fffc080      0x4  sys.o [1]
                            - 0x3fffc084      0x4

Absolute sections, part 9 of 45:              0x4
  .noinit            uninit   0x3fffc090      0x4  sys.o [1]
                            - 0x3fffc094      0x4

"P2", part 1 of 2:                           0x3c
  P2 s0                       0x40000120     0x3c  <Init block>
    .data            inited   0x40000120     0x1c  logo.o [1]
    .data            inited   0x4000013c      0x8  XShttio.o [3]
    .bss             inited   0x40000144      0x4  drv_touch_scr.o [1]
    .bss             inited   0x40000148      0x4  drv_touch_scr.o [1]
    .bss             inited   0x4000014c      0x4  drv_touch_scr.o [1]
    .bss             inited   0x40000150      0x2  drv_touch_scr.o [1]
    .bss             inited   0x40000152      0x2  drv_touch_scr.o [1]
    .bss             inited   0x40000154      0x2  drv_touch_scr.o [1]
    .bss             inited   0x40000156      0x2  drv_touch_scr.o [1]
    .bss             inited   0x40000158      0x1  drv_touch_scr.o [1]
                            - 0x4000015c     0x3c

"P2", part 2 of 2:                          0x840
  CSTACK                      0x40000160    0x400  <Block>
    CSTACK           uninit   0x40000160    0x400  <Block tail>
  IRQ_STACK                   0x40000560    0x400  <Block>
    IRQ_STACK        uninit   0x40000560    0x400  <Block tail>
  FIQ_STACK                   0x40000960     0x40  <Block>
    FIQ_STACK        uninit   0x40000960     0x40  <Block tail>
                            - 0x400009a0    0x840

Absolute sections, part 10 of 45:             0x8
  .noinit            uninit   0xe0004000      0x4  Timer.o [1]
  .noinit            uninit   0xe0004004      0x4  Timer.o [1]
                            - 0xe0004008      0x8

Absolute sections, part 11 of 45:             0x4
  .noinit            uninit   0xe000400c      0x4  Timer.o [1]
                            - 0xe0004010      0x4

Absolute sections, part 12 of 45:             0x8
  .noinit            uninit   0xe0004014      0x4  Timer.o [1]
  .noinit            uninit   0xe0004018      0x4  Timer.o [1]
                            - 0xe000401c      0x8

Absolute sections, part 13 of 45:             0x4
  .noinit            uninit   0xe0004070      0x4  Timer.o [1]
                            - 0xe0004074      0x4

Absolute sections, part 14 of 45:             0x4
  .noinit            uninit   0xe0028008      0x4  sys.o [1]
                            - 0xe002800c      0x4

Absolute sections, part 15 of 45:             0x4
  .noinit            uninit   0xe0028018      0x4  sys.o [1]
                            - 0xe002801c      0x4

Absolute sections, part 16 of 45:             0x8
  .noinit            uninit   0xe002808c      0x4  drv_touch_scr.o [1]
  .noinit            uninit   0xe0028090      0x4  drv_touch_scr.o [1]
                            - 0xe0028094      0x8

Absolute sections, part 17 of 45:            0x28
  .noinit            uninit   0xe002c000      0x4  sys.o [1]
  .noinit            uninit   0xe002c004      0x4  sys.o [1]
  .noinit            uninit   0xe002c008      0x4  sys.o [1]
  .noinit            uninit   0xe002c00c      0x4  sys.o [1]
  .noinit            uninit   0xe002c010      0x4  sys.o [1]
  .noinit            uninit   0xe002c014      0x4  sys.o [1]
  .noinit            uninit   0xe002c018      0x4  sys.o [1]
  .noinit            uninit   0xe002c01c      0x4  sys.o [1]
  .noinit            uninit   0xe002c020      0x4  sys.o [1]
  .noinit            uninit   0xe002c024      0x4  sys.o [1]
                            - 0xe002c028     0x28

Absolute sections, part 18 of 45:             0x4
  .noinit            uninit   0xe002c02c      0x4  drv_glcd.o [1]
                            - 0xe002c030      0x4

Absolute sections, part 19 of 45:             0x8
  .noinit            uninit   0xe002c040      0x4  drv_glcd.o [1]
  .noinit            uninit   0xe002c044      0x4  drv_touch_scr.o [1]
                            - 0xe002c048      0x8

Absolute sections, part 20 of 45:            0x1c
  .noinit            uninit   0xe002c04c      0x4  drv_glcd.o [1]
  .noinit            uninit   0xe002c050      0x4  drv_glcd.o [1]
  .noinit            uninit   0xe002c054      0x4  sdram_64M_32bit_drv.o [1]
  .noinit            uninit   0xe002c058      0x4  sdram_64M_32bit_drv.o [1]
  .noinit            uninit   0xe002c05c      0x4  sdram_64M_32bit_drv.o [1]
  .noinit            uninit   0xe002c060      0x4  sdram_64M_32bit_drv.o [1]
  .noinit            uninit   0xe002c064      0x4  sdram_64M_32bit_drv.o [1]
                            - 0xe002c068     0x1c

Absolute sections, part 21 of 45:             0x4
  .noinit            uninit   0xe0034000      0x4  drv_touch_scr.o [1]
                            - 0xe0034004      0x4

Absolute sections, part 22 of 45:             0x8
  .noinit            uninit   0xe0034010      0x4  drv_touch_scr.o [1]
  .noinit            uninit   0xe0034014      0x4  drv_touch_scr.o [1]
                            - 0xe0034018      0x8

Absolute sections, part 23 of 45:             0x8
  .noinit            uninit   0xe01fc000      0x4  main.o [1]
  .noinit            uninit   0xe01fc004      0x4  main.o [1]
                            - 0xe01fc008      0x8

Absolute sections, part 24 of 45:            0x10
  .noinit            uninit   0xe01fc080      0x4  sys.o [1]
  .noinit            uninit   0xe01fc084      0x4  sys.o [1]
  .noinit            uninit   0xe01fc088      0x4  sys.o [1]
  .noinit            uninit   0xe01fc08c      0x4  sys.o [1]
                            - 0xe01fc090     0x10

Absolute sections, part 25 of 45:             0x4
  .noinit            uninit   0xe01fc0c4      0x4  Timer.o [1]
                            - 0xe01fc0c8      0x4

Absolute sections, part 26 of 45:             0xc
  .noinit            uninit   0xe01fc104      0x4  sys.o [1]
  .noinit            uninit   0xe01fc108      0x4  sys.o [1]
  .noinit            uninit   0xe01fc10c      0x4  sys.o [1]
                            - 0xe01fc110      0xc

Absolute sections, part 27 of 45:             0x4
  .noinit            uninit   0xe01fc140      0x4  drv_touch_scr.o [1]
                            - 0xe01fc144      0x4

Absolute sections, part 28 of 45:             0x4
  .noinit            uninit   0xe01fc188      0x4  sys.o [1]
                            - 0xe01fc18c      0x4

Absolute sections, part 29 of 45:             0x4
  .noinit            uninit   0xe01fc1a0      0x4  sys.o [1]
                            - 0xe01fc1a4      0x4

Absolute sections, part 30 of 45:             0x8
  .noinit            uninit   0xe01fc1a8      0x4  sys.o [1]
  .noinit            uninit   0xe01fc1ac      0x4  sys.o [1]
                            - 0xe01fc1b0      0x8

Absolute sections, part 31 of 45:             0x4
  .noinit            uninit   0xe01fc1b8      0x4  drv_glcd.o [1]
                            - 0xe01fc1bc      0x4

Absolute sections, part 32 of 45:             0x4
  .noinit            uninit   0xffe08000      0x4  sdram_64M_32bit_drv.o [1]
                            - 0xffe08004      0x4

Absolute sections, part 33 of 45:             0xc
  .noinit            uninit   0xffe08020      0x4  sdram_64M_32bit_drv.o [1]
  .noinit            uninit   0xffe08024      0x4  sdram_64M_32bit_drv.o [1]
  .noinit            uninit   0xffe08028      0x4  sdram_64M_32bit_drv.o [1]
                            - 0xffe0802c      0xc

Absolute sections, part 34 of 45:            0x2c
  .noinit            uninit   0xffe08030      0x4  sdram_64M_32bit_drv.o [1]
  .noinit            uninit   0xffe08034      0x4  sdram_64M_32bit_drv.o [1]
  .noinit            uninit   0xffe08038      0x4  sdram_64M_32bit_drv.o [1]
  .noinit            uninit   0xffe0803c      0x4  sdram_64M_32bit_drv.o [1]
  .noinit            uninit   0xffe08040      0x4  sdram_64M_32bit_drv.o [1]
  .noinit            uninit   0xffe08044      0x4  sdram_64M_32bit_drv.o [1]
  .noinit            uninit   0xffe08048      0x4  sdram_64M_32bit_drv.o [1]
  .noinit            uninit   0xffe0804c      0x4  sdram_64M_32bit_drv.o [1]
  .noinit            uninit   0xffe08050      0x4  sdram_64M_32bit_drv.o [1]
  .noinit            uninit   0xffe08054      0x4  sdram_64M_32bit_drv.o [1]
  .noinit            uninit   0xffe08058      0x4  sdram_64M_32bit_drv.o [1]
                            - 0xffe0805c     0x2c

Absolute sections, part 35 of 45:             0x8
  .noinit            uninit   0xffe08100      0x4  sdram_64M_32bit_drv.o [1]
  .noinit            uninit   0xffe08104      0x4  sdram_64M_32bit_drv.o [1]
                            - 0xffe08108      0x8

Absolute sections, part 36 of 45:             0xc
  .noinit            uninit   0xffe10000      0x4  drv_glcd.o [1]
  .noinit            uninit   0xffe10004      0x4  drv_glcd.o [1]
  .noinit            uninit   0xffe10008      0x4  drv_glcd.o [1]
                            - 0xffe1000c      0xc

Absolute sections, part 37 of 45:             0xc
  .noinit            uninit   0xffe10010      0x4  drv_glcd.o [1]
  .noinit            uninit   0xffe10014      0x4  drv_glcd.o [1]
  .noinit            uninit   0xffe10018      0x4  drv_glcd.o [1]
                            - 0xffe1001c      0xc

Absolute sections, part 38 of 45:             0x4
  .noinit            uninit   0xffe10200      0x4  drv_glcd.o [1]
                            - 0xffe10204      0x4

Absolute sections, part 39 of 45:             0x8
  .noinit            uninit   0xffe10c00      0x4  drv_glcd.o [1]
  .noinit            uninit   0xffe10c04      0x4  drv_glcd.o [1]
                            - 0xffe10c08      0x8

Absolute sections, part 40 of 45:             0x8
  .noinit            uninit   0xffe10c10      0x4  drv_glcd.o [1]
  .noinit            uninit   0xffe10c14      0x4  drv_glcd.o [1]
                            - 0xffe10c18      0x8

Absolute sections, part 41 of 45:             0xc
  .noinit            uninit   0xfffff00c      0x4  sys.o [1]
  .noinit            uninit   0xfffff010      0x4  drv_touch_scr.o [1]
  .noinit            uninit   0xfffff014      0x4  sys.o [1]
                            - 0xfffff018      0xc

Absolute sections, part 42 of 45:             0x8
  .noinit            uninit   0xfffff01c      0x4  sys.o [1]
  .noinit            uninit   0xfffff020      0x4  sys.o [1]
                            - 0xfffff024      0x8

Absolute sections, part 43 of 45:             0x4
  .noinit            uninit   0xfffff100      0x4  sys.o [1]
                            - 0xfffff104      0x4

Absolute sections, part 44 of 45:             0x4
  .noinit            uninit   0xfffff200      0x4  sys.o [1]
                            - 0xfffff204      0x4

Absolute sections, part 45 of 45:             0x4
  .noinit            uninit   0xffffff00      0x4  sys.o [1]
                            - 0xffffff04      0x4


*******************************************************************************
*** INIT TABLE
***

          Address     Size
          -------     ----
Copy (__iar_copy_init3)
    1 source range, total size 0x3c (105% of destination):
          0x0000003c  0x3c
    1 destination range, total size 0x39:
          0x40000120  0x39



*******************************************************************************
*** MODULE SUMMARY
***

    Module                 ro code  ro data  rw data  rw data
                                                       (abs)
    ------                 -------  -------  -------  -------
C:\Users\Vitali\Desktop\DFCR\Software uC\Flash Debug\Obj: [1]
    Relay.o                                                 8
    Timer.o                                                28
    cursor_arrow.o                      256
    drv_glcd.o               2 092       72                64
    drv_touch_scr.o          3 088       89       21       36
    logo.o                          307 240       28
    main.o                     352        4                16
    sdram_64M_32bit_drv.o      948                         88
    sys.o                    1 708                        160
    ---------------------------------------------------------
    Total:                   8 188  307 661       49      400

command line: [2]
    ---------------------------------------------------------
    Total:

dl4t_aln.a: [3]
    XShttio.o                   12        8        8
    abort.o                      8
    exit.o                       4
    low_level_init.o             8
    ---------------------------------------------------------
    Total:                      32        8        8

m4t_al.a: [4]
    ---------------------------------------------------------
    Total:

rt4t_al.a: [5]
    I32DivMod.o                420
    IntDivZer.o                  4
    cexit.o                     16
    cmain.o                     44
    copy_init3.o                48
    cstartup.o                 148
    data_init.o                 50
    vectortrap.o                 4
    ---------------------------------------------------------
    Total:                     734

shs_l.a: [6]
    ABIassert.o                 64
    exit.o                      32
    iarttio.o                   88
    xreturnswi.o                 4
    ---------------------------------------------------------
    Total:                     188

    Gaps                         2
    Linker created              12       23    2 112
-------------------------------------------------------------
    Grand Total:             9 156  307 692    2 169      400


*******************************************************************************
*** ENTRY LIST
***

Entry                      Address     Size  Type      Object
-----                      -------     ----  ----      ------
.iar.init_table$$Base   0x0004d700            --   Gb  - Linker created -
.iar.init_table$$Limit  0x0004d714            --   Gb  - Linker created -
?main                   0x0004d5d4           Code  Gb  cmain.o [5]
ADC_Intr_Handler        0x0004b200    0x464  Code  Gb  drv_touch_scr.o [1]
Abort_Handler           0x0004d72c           Code  Wk  vectortrap.o [5]
CSTACK$$Base            0x40000160            --   Gb  - Linker created -
CSTACK$$Limit           0x40000560            --   Gb  - Linker created -
Cursor                  0x0004d470    0x100  Data  Gb  cursor_arrow.o [1]
FIQ_Handler             0x0004be50      0x4  Code  Gb  sys.o [1]
FIQ_STACK$$Base         0x40000960            --   Gb  - Linker created -
FIQ_STACK$$Limit        0x400009a0            --   Gb  - Linker created -
GLCD_Copy_Cursor        0x0004c894     0x3c  Code  Gb  drv_glcd.o [1]
GLCD_Ctrl               0x0004ce3c     0xb8  Code  Gb  drv_glcd.o [1]
GLCD_Cursor_Cfg         0x0004c730      0xc  Code  Gb  drv_glcd.o [1]
GLCD_Cursor_Dis         0x0004c774     0x18  Code  Gb  drv_glcd.o [1]
GLCD_Cursor_En          0x0004c73c     0x38  Code  Gb  drv_glcd.o [1]
GLCD_Init               0x0004c8d0    0x514  Code  Gb  drv_glcd.o [1]
GLCD_Move_Cursor        0x0004c78c    0x108  Code  Gb  drv_glcd.o [1]
GLCD_SetPallet          0x0004cde4     0x58  Code  Gb  drv_glcd.o [1]
GpioInit                0x0004c354    0x15c  Code  Gb  sys.o [1]
IRQ_Handler             0x0004be54     0x3c  Code  Gb  sys.o [1]
IRQ_STACK$$Base         0x40000560            --   Gb  - Linker created -
IRQ_STACK$$Limit        0x40000960            --   Gb  - Linker created -
InitClock               0x0004bf7c    0x284  Code  Gb  sys.o [1]
LCD_LPBASE              0xffe10014      0x4  Data  Gb  drv_glcd.o [1]
LCD_PAL_BASE            0xffe10200      0x4  Data  Gb  drv_glcd.o [1]
LCD_UPBASE              0xffe10010      0x4  Data  Gb  drv_glcd.o [1]
LogoPic                 0x40000120     0x1c  Data  Gb  logo.o [1]
LogoStream              0x00000200  0x4b000  Data  Gb  logo.o [1]
OnTouchIntr_Handler     0x0004b840     0xf8  Code  Gb  drv_touch_scr.o [1]
Prefetch_Handler        0x0004d72c           Code  Wk  vectortrap.o [5]
Region$$Table$$Base     0x0004d700            --   Gb  - Linker created -
Region$$Table$$Limit    0x0004d714            --   Gb  - Linker created -
SDRAM_BASE_ADDR {Abs}   0xa0000000           Data  Gb  command line/config [2]
SDRAM_Init              0x0004cf5c    0x324  Code  Gb  sdram_64M_32bit_drv.o [1]
SWI_Handler             0x0004d72c           Code  Wk  vectortrap.o [5]
SYS_GetFpclk            0x0004c2e4     0x70  Code  Gb  sys.o [1]
SYS_GetFsclk            0x0004c200     0xe4  Code  Gb  sys.o [1]
Samples                 0x4000014c      0x4  Data  Lc  drv_touch_scr.o [1]
State                   0x40000158      0x1  Data  Lc  drv_touch_scr.o [1]
T0MR0                   0xe0004018      0x4  Data  Gb  Timer.o [1]
T0PR                    0xe000400c      0x4  Data  Gb  Timer.o [1]
TimerIntr_Handler       0x0004b664    0x1dc  Code  Gb  drv_touch_scr.o [1]
Touch                   0x40000144      0x4  Data  Lc  drv_touch_scr.o [1]
TouchGet                0x0004bcd8     0xe4  Code  Gb  drv_touch_scr.o [1]
TouchScrInit            0x0004b93c    0x39c  Code  Gb  drv_touch_scr.o [1]
Touch_temp              0x40000148      0x4  Data  Lc  drv_touch_scr.o [1]
Undefined_Handler       0x0004d72c           Code  Wk  vectortrap.o [5]
VICADDRESS              0xffffff00      0x4  Data  Gb  sys.o [1]
VICVECTADDR0            0xfffff100      0x4  Data  Gb  sys.o [1]
VIC_Init                0x0004be90     0x94  Code  Gb  sys.o [1]
VIC_SetVectoredIRQ      0x0004bf24     0x58  Code  Gb  sys.o [1]
X                       0x40000150      0x2  Data  Lc  drv_touch_scr.o [1]
X_temp                  0x40000154      0x2  Data  Lc  drv_touch_scr.o [1]
Y                       0x40000152      0x2  Data  Lc  drv_touch_scr.o [1]
Y_temp                  0x40000156      0x2  Data  Lc  drv_touch_scr.o [1]
_A_AD0CR                0xe0034000      0x4  Data  Gb  drv_touch_scr.o [1]
_A_ADDR0                0xe0034010      0x4  Data  Gb  drv_touch_scr.o [1]
_A_ADDR1                0xe0034014      0x4  Data  Gb  drv_touch_scr.o [1]
_A_AHBCFG1              0xe01fc188      0x4  Data  Gb  sys.o [1]
_A_CCLKCFG              0xe01fc104      0x4  Data  Gb  sys.o [1]
_A_CLKSRCSEL            0xe01fc10c      0x4  Data  Gb  sys.o [1]
_A_CRSR_CFG             0xffe10c04      0x4  Data  Gb  drv_glcd.o [1]
_A_CRSR_CLIP            0xffe10c14      0x4  Data  Gb  drv_glcd.o [1]
_A_CRSR_CTRL            0xffe10c00      0x4  Data  Gb  drv_glcd.o [1]
_A_CRSR_XY              0xffe10c10      0x4  Data  Gb  drv_glcd.o [1]
_A_EMCCONTROL           0xffe08000      0x4  Data  Gb  sdram_64M_32bit_drv.o [1]
_A_EMCDINAMICCTRL       0xffe08020      0x4  Data  Gb  sdram_64M_32bit_drv.o [1]
_A_EMCDINAMICRDCFG      0xffe08028      0x4  Data  Gb  sdram_64M_32bit_drv.o [1]
_A_EMCDINAMICRFR        0xffe08024      0x4  Data  Gb  sdram_64M_32bit_drv.o [1]
_A_EMCDYNAMICAPR        0xffe0803c      0x4  Data  Gb  sdram_64M_32bit_drv.o [1]
_A_EMCDYNAMICCFG0       0xffe08100      0x4  Data  Gb  sdram_64M_32bit_drv.o [1]
_A_EMCDYNAMICDAL        0xffe08040      0x4  Data  Gb  sdram_64M_32bit_drv.o [1]
_A_EMCDYNAMICMRD        0xffe08058      0x4  Data  Gb  sdram_64M_32bit_drv.o [1]
_A_EMCDYNAMICRAS        0xffe08034      0x4  Data  Gb  sdram_64M_32bit_drv.o [1]
_A_EMCDYNAMICRASCAS0    0xffe08104      0x4  Data  Gb  sdram_64M_32bit_drv.o [1]
_A_EMCDYNAMICRC         0xffe08048      0x4  Data  Gb  sdram_64M_32bit_drv.o [1]
_A_EMCDYNAMICRFC        0xffe0804c      0x4  Data  Gb  sdram_64M_32bit_drv.o [1]
_A_EMCDYNAMICRP         0xffe08030      0x4  Data  Gb  sdram_64M_32bit_drv.o [1]
_A_EMCDYNAMICRRD        0xffe08054      0x4  Data  Gb  sdram_64M_32bit_drv.o [1]
_A_EMCDYNAMICSREX       0xffe08038      0x4  Data  Gb  sdram_64M_32bit_drv.o [1]
_A_EMCDYNAMICWR         0xffe08044      0x4  Data  Gb  sdram_64M_32bit_drv.o [1]
_A_EMCDYNAMICXSR        0xffe08050      0x4  Data  Gb  sdram_64M_32bit_drv.o [1]
_A_EXTINT               0xe01fc140      0x4  Data  Gb  drv_touch_scr.o [1]
_A_FIO0CLR              0x3fffc01c      0x4  Data  Gb  Relay.o [1]
_A_FIO0DIR              0x3fffc000      0x4  Data  Gb  sys.o [1]
_A_FIO0MASK             0x3fffc010      0x4  Data  Gb  sys.o [1]
_A_FIO0PIN              0x3fffc014      0x4  Data  Gb  drv_touch_scr.o [1]
_A_FIO0SET              0x3fffc018      0x4  Data  Gb  Relay.o [1]
_A_FIO1CLR              0x3fffc03c      0x4  Data  Gb  main.o [1]
_A_FIO1DIR              0x3fffc020      0x4  Data  Gb  sys.o [1]
_A_FIO1MASK             0x3fffc030      0x4  Data  Gb  sys.o [1]
_A_FIO1SET              0x3fffc038      0x4  Data  Gb  main.o [1]
_A_FIO2DIR              0x3fffc040      0x4  Data  Gb  sys.o [1]
_A_FIO2MASK             0x3fffc050      0x4  Data  Gb  sys.o [1]
_A_FIO3DIR              0x3fffc060      0x4  Data  Gb  sys.o [1]
_A_FIO3MASK             0x3fffc070      0x4  Data  Gb  sys.o [1]
_A_FIO4DIR              0x3fffc080      0x4  Data  Gb  sys.o [1]
_A_FIO4MASK             0x3fffc090      0x4  Data  Gb  sys.o [1]
_A_IO0DIR               0xe0028008      0x4  Data  Gb  sys.o [1]
_A_IO0INTCLR            0xe002808c      0x4  Data  Gb  drv_touch_scr.o [1]
_A_IO0INTENR            0xe0028090      0x4  Data  Gb  drv_touch_scr.o [1]
_A_IO1DIR               0xe0028018      0x4  Data  Gb  sys.o [1]
_A_LCD_CFG              0xe01fc1b8      0x4  Data  Gb  drv_glcd.o [1]
_A_LCD_CTRL             0xffe10018      0x4  Data  Gb  drv_glcd.o [1]
_A_LCD_POL              0xffe10008      0x4  Data  Gb  drv_glcd.o [1]
_A_LCD_TIMH             0xffe10000      0x4  Data  Gb  drv_glcd.o [1]
_A_LCD_TIMV             0xffe10004      0x4  Data  Gb  drv_glcd.o [1]
_A_MAMCR                0xe01fc000      0x4  Data  Gb  main.o [1]
_A_MAMTIM               0xe01fc004      0x4  Data  Gb  main.o [1]
_A_PCLKSEL0             0xe01fc1a8      0x4  Data  Gb  sys.o [1]
_A_PCLKSEL1             0xe01fc1ac      0x4  Data  Gb  sys.o [1]
_A_PCONP                0xe01fc0c4      0x4  Data  Gb  Timer.o [1]
_A_PINMODE0             0xe002c040      0x4  Data  Gb  drv_glcd.o [1]
_A_PINMODE1             0xe002c044      0x4  Data  Gb  drv_touch_scr.o [1]
_A_PINMODE3             0xe002c04c      0x4  Data  Gb  drv_glcd.o [1]
_A_PINMODE4             0xe002c050      0x4  Data  Gb  drv_glcd.o [1]
_A_PINMODE5             0xe002c054      0x4  Data  Gb  sdram_64M_32bit_drv.o [1]
_A_PINMODE6             0xe002c058      0x4  Data  Gb  sdram_64M_32bit_drv.o [1]
_A_PINMODE7             0xe002c05c      0x4  Data  Gb  sdram_64M_32bit_drv.o [1]
_A_PINMODE8             0xe002c060      0x4  Data  Gb  sdram_64M_32bit_drv.o [1]
_A_PINMODE9             0xe002c064      0x4  Data  Gb  sdram_64M_32bit_drv.o [1]
_A_PINSEL0              0xe002c000      0x4  Data  Gb  sys.o [1]
_A_PINSEL1              0xe002c004      0x4  Data  Gb  sys.o [1]
_A_PINSEL11             0xe002c02c      0x4  Data  Gb  drv_glcd.o [1]
_A_PINSEL2              0xe002c008      0x4  Data  Gb  sys.o [1]
_A_PINSEL3              0xe002c00c      0x4  Data  Gb  sys.o [1]
_A_PINSEL4              0xe002c010      0x4  Data  Gb  sys.o [1]
_A_PINSEL5              0xe002c014      0x4  Data  Gb  sys.o [1]
_A_PINSEL6              0xe002c018      0x4  Data  Gb  sys.o [1]
_A_PINSEL7              0xe002c01c      0x4  Data  Gb  sys.o [1]
_A_PINSEL8              0xe002c020      0x4  Data  Gb  sys.o [1]
_A_PINSEL9              0xe002c024      0x4  Data  Gb  sys.o [1]
_A_PLLCFG               0xe01fc084      0x4  Data  Gb  sys.o [1]
_A_PLLCON               0xe01fc080      0x4  Data  Gb  sys.o [1]
_A_PLLFEED              0xe01fc08c      0x4  Data  Gb  sys.o [1]
_A_PLLSTAT              0xe01fc088      0x4  Data  Gb  sys.o [1]
_A_SCS                  0xe01fc1a0      0x4  Data  Gb  sys.o [1]
_A_T0CTCR               0xe0004070      0x4  Data  Gb  Timer.o [1]
_A_T0IR                 0xe0004000      0x4  Data  Gb  Timer.o [1]
_A_T0MCR                0xe0004014      0x4  Data  Gb  Timer.o [1]
_A_T0TCR                0xe0004004      0x4  Data  Gb  Timer.o [1]
_A_USBCLKCFG            0xe01fc108      0x4  Data  Gb  sys.o [1]
_A_VICINTENABLE         0xfffff010      0x4  Data  Gb  drv_touch_scr.o [1]
_A_VICINTENCLEAR        0xfffff014      0x4  Data  Gb  sys.o [1]
_A_VICINTSELECT         0xfffff00c      0x4  Data  Gb  sys.o [1]
_A_VICPROTECTION        0xfffff020      0x4  Data  Gb  sys.o [1]
_A_VICSOFTINTCLEAR      0xfffff01c      0x4  Data  Gb  sys.o [1]
_A_VICVECTPRIORITY0     0xfffff200      0x4  Data  Gb  sys.o [1]
__aeabi_assert          0x0004be10     0x40  Code  Gb  ABIassert.o [6]
__aeabi_idiv0           0x0004c6a8           Code  Gb  IntDivZer.o [5]
__aeabi_uidiv           0x0004c4fc           Code  Gb  I32DivMod.o [5]
__aeabi_uidivmod        0x0004c4fc           Code  Gb  I32DivMod.o [5]
__cmain                 0x0004d5d4           Code  Gb  cmain.o [5]
__exit                  0x0004c6ac     0x20  Code  Gb  exit.o [6]
__iar_close_ttio        0x0004c6cc     0x58  Code  Gb  iarttio.o [6]
__iar_copy_init3        0x0004d6d1     0x30  Code  Gb  copy_init3.o [5]
__iar_data_init3        0x0004d609     0x30  Code  Gb  data_init.o [5]
__iar_lookup_ttioh      0x0004c724      0xc  Code  Gb  XShttio.o [3]
__iar_program_start     0x0004d570           Code  Gb  cstartup.o [5]
__iar_return_from_swi   0x0004d730      0x4  Code  Gb  xreturnswi.o [6]
__iar_ttio_handles      0x4000013c      0x8  Data  Lc  XShttio.o [3]
__low_level_init        0x0004d600      0x8  Code  Gb  low_level_init.o [3]
__vector                0x00000000           Data  Gb  cstartup.o [5]
_call_main              0x0004d5e8           Code  Gb  cmain.o [5]
_exit                   0x0004d640           Code  Gb  cexit.o [5]
_main                   0x0004d5f0           Code  Gb  cmain.o [5]
abort                   0x0004c6a0      0x8  Code  Gb  abort.o [3]
crp                     0x000001fc      0x4  Data  Gb  main.o [1]
exit                    0x0004d63c      0x4  Code  Gb  exit.o [3]
main                    0x0004d310    0x160  Code  Gb  main.o [1]


[1] = C:\Users\Vitali\Desktop\DFCR\Software uC\Flash Debug\Obj
[2] = command line
[3] = dl4t_aln.a
[4] = m4t_al.a
[5] = rt4t_al.a
[6] = shs_l.a

    9 156 bytes of readonly  code memory
  307 692 bytes of readonly  data memory
    2 169 bytes of readwrite data memory (+ 400 absolute)

Errors: none
Warnings: none
