###############################################################################
#
# IAR ELF Linker V7.80.3.12102/W32 for ARM                03/Jan/2017  17:55:14
# Copyright 2007-2016 IAR Systems AB.
#
#    Output file  =  
#        C:\Users\Vitali\Desktop\DFCR project\Flash Debug\Exe\LCD_Demo.out.tmp
#    Map file     =  
#        C:\Users\Vitali\Desktop\DFCR project\Flash Debug\List\LCD_Demo.map
#    Command line =  
#        "C:\Users\Vitali\Desktop\DFCR project\Flash Debug\Obj\Cursor.o"
#        "C:\Users\Vitali\Desktop\DFCR project\Flash Debug\Obj\drv_glcd.o"
#        "C:\Users\Vitali\Desktop\DFCR project\Flash Debug\Obj\i2c0_drv.o"
#        "C:\Users\Vitali\Desktop\DFCR project\Flash Debug\Obj\logo.o"
#        "C:\Users\Vitali\Desktop\DFCR project\Flash Debug\Obj\main.o"
#        "C:\Users\Vitali\Desktop\DFCR project\Flash
#        Debug\Obj\sdram_64M_32bit_drv.o" "C:\Users\Vitali\Desktop\DFCR
#        project\Flash Debug\Obj\smb380_drv.o" "C:\Users\Vitali\Desktop\DFCR
#        project\Flash Debug\Obj\sys.o" --redirect _Printf=_PrintfTiny
#        --redirect _Scanf=_ScanfSmall -o "C:\Users\Vitali\Desktop\DFCR
#        project\Flash Debug\Exe\LCD_Demo.out.tmp" --map
#        "C:\Users\Vitali\Desktop\DFCR project\Flash Debug\List\LCD_Demo.map"
#        --config "C:\Users\Vitali\Desktop\DFCR
#        project\config\LPC2478_Flash.icf" --semihosting --entry
#        __iar_program_start --vfe
#
###############################################################################

*******************************************************************************
*** RUNTIME MODEL ATTRIBUTES
***

CppFlavor       = *
__SystemLibrary = DLib


*******************************************************************************
*** PLACEMENT SUMMARY
***

"A0":  place at 0x00000000 { ro section .intvec };
"P1":  place in [from 0x00000000 to 0x000001fb] |
                [from 0x00000200 to 0x0007dfff] { ro };
"P2":  place in [from 0x40000000 to 0x4000003f] |
                [from 0x40000120 to 0x4000ffdf] {
          rw, block CSTACK, block SVC_STACK, block IRQ_STACK, block FIQ_STACK,
          block UND_STACK, block ABT_STACK, block HEAP };
"P6":  place in [from 0x000001fc to 0x000001ff] { section .crp };
do not initialize { section .noinit };
initialize by copy { rw };

  Section            Kind        Address     Size  Object
  -------            ----        -------     ----  ------
"A0":                                        0x3c
  .intvec            ro code  0x00000000     0x3c  cstartup.o [4]
                            - 0x0000003c     0x3c

"P1", part 1 of 2:                           0x3c
  .rodata            const    0x0000003c      0x0  copy_init3.o [4]
  Initializer bytes  const    0x0000003c     0x3c  <for P2 s0>
                            - 0x00000078     0x3c

"P6":                                         0x4
  .crp               const    0x000001fc      0x4  main.o [1]
                            - 0x00000200      0x4

"P1", part 2 of 2:                        0x4d518
  .rodata            const    0x00000200  0x4b000  logo.o [1]
  .text              ro code  0x0004b200    0x82c  drv_glcd.o [1]
  .text              ro code  0x0004ba2c    0x6ac  sys.o [1]
  .text              ro code  0x0004c0d8    0x1d4  I32DivMod.o [4]
  .text              ro code  0x0004c2ac     0x40  ABIassert.o [5]
  .text              ro code  0x0004c2ec      0x4  IntDivZer.o [4]
  .text              ro code  0x0004c2f0      0x8  abort.o [3]
  .text              ro code  0x0004c2f8     0x20  exit.o [5]
  .text              ro code  0x0004c318     0x58  iarttio.o [5]
  .text              ro code  0x0004c370      0xc  XShttio.o [3]
  .text              ro code  0x0004c37c    0x5d4  i2c0_drv.o [1]
  .text              ro code  0x0004c950     0x14  i2c0_drv.o [1]
  .text              ro code  0x0004c964     0x20  i2c0_drv.o [1]
  .text              ro code  0x0004c984     0x10  i2c0_drv.o [1]
  .text              ro code  0x0004c994     0x20  i2c0_drv.o [1]
  .text              ro code  0x0004c9b4     0x18  i2c0_drv.o [1]
  .text              ro code  0x0004c9cc     0x14  i2c0_drv.o [1]
  .rodata            const    0x0004c9e0    0x400  Cursor.o [1]
  .text              ro code  0x0004cde0    0x3b4  sdram_64M_32bit_drv.o [1]
  .text              ro code  0x0004d194    0x354  main.o [1]
  .text              ro code  0x0004d4e8     0xb0  smb380_drv.o [1]
  .text              ro code  0x0004d598     0x58  cstartup.o [4]
  Veneer             ro code  0x0004d5f0      0xc  - Linker created -
  .text              ro code  0x0004d5fc     0x2c  cmain.o [4]
  .text              ro code  0x0004d628      0x8  low_level_init.o [3]
  .text              ro code  0x0004d630     0x32  data_init.o [4]
  .text              ro code  0x0004d664      0x4  exit.o [3]
  .text              ro code  0x0004d668     0x10  cexit.o [4]
  .rodata            const    0x0004d678     0x38  drv_glcd.o [1]
  .text              ro code  0x0004d6b0     0x30  copy_init3.o [4]
  .iar.init_table    const    0x0004d6e0     0x14  - Linker created -
  .rodata            const    0x0004d6f4     0x10  logo.o [1]
  .rodata            const    0x0004d704      0xc  drv_glcd.o [1]
  .text              ro code  0x0004d710      0x4  vectortrap.o [4]
  .text              ro code  0x0004d714      0x4  xreturnswi.o [5]
                            - 0x0004d718  0x4d518

Absolute sections, part 1 of 44:              0x4
  .noinit            uninit   0x3fffc000      0x4  sys.o [1]
                            - 0x3fffc004      0x4

Absolute sections, part 2 of 44:              0x4
  .noinit            uninit   0x3fffc010      0x4  sys.o [1]
                            - 0x3fffc014      0x4

Absolute sections, part 3 of 44:              0x4
  .noinit            uninit   0x3fffc020      0x4  sys.o [1]
                            - 0x3fffc024      0x4

Absolute sections, part 4 of 44:              0xc
  .noinit            uninit   0x3fffc030      0x4  sys.o [1]
  .noinit            uninit   0x3fffc034      0x4  main.o [1]
  .noinit            uninit   0x3fffc038      0x4  main.o [1]
                            - 0x3fffc03c      0xc

Absolute sections, part 5 of 44:              0x4
  .noinit            uninit   0x3fffc040      0x4  sys.o [1]
                            - 0x3fffc044      0x4

Absolute sections, part 6 of 44:              0x4
  .noinit            uninit   0x3fffc050      0x4  sys.o [1]
                            - 0x3fffc054      0x4

Absolute sections, part 7 of 44:              0x4
  .noinit            uninit   0x3fffc060      0x4  sys.o [1]
                            - 0x3fffc064      0x4

Absolute sections, part 8 of 44:              0x4
  .noinit            uninit   0x3fffc070      0x4  sys.o [1]
                            - 0x3fffc074      0x4

Absolute sections, part 9 of 44:              0x4
  .noinit            uninit   0x3fffc080      0x4  sys.o [1]
                            - 0x3fffc084      0x4

Absolute sections, part 10 of 44:             0x4
  .noinit            uninit   0x3fffc090      0x4  sys.o [1]
                            - 0x3fffc094      0x4

"P2", part 1 of 2:                           0x3c
  P2 s0                       0x40000120     0x3c  <Init block>
    .data            inited   0x40000120     0x1c  logo.o [1]
    .bss             inited   0x4000013c     0x10  i2c0_drv.o [1]
    .data            inited   0x4000014c      0x8  XShttio.o [3]
    .bss             inited   0x40000154      0x4  i2c0_drv.o [1]
    .bss             inited   0x40000158      0x1  main.o [1]
    .bss             inited   0x40000159      0x1  main.o [1]
                            - 0x4000015c     0x3c

"P2", part 2 of 2:                          0x840
  CSTACK                      0x40000160    0x400  <Block>
    CSTACK           uninit   0x40000160    0x400  <Block tail>
  IRQ_STACK                   0x40000560    0x400  <Block>
    IRQ_STACK        uninit   0x40000560    0x400  <Block tail>
  FIQ_STACK                   0x40000960     0x40  <Block>
    FIQ_STACK        uninit   0x40000960     0x40  <Block tail>
                            - 0x400009a0    0x840

Absolute sections, part 11 of 44:             0x8
  .noinit            uninit   0xe0004000      0x4  main.o [1]
  .noinit            uninit   0xe0004004      0x4  main.o [1]
                            - 0xe0004008      0x8

Absolute sections, part 12 of 44:             0x4
  .noinit            uninit   0xe000400c      0x4  main.o [1]
                            - 0xe0004010      0x4

Absolute sections, part 13 of 44:             0x8
  .noinit            uninit   0xe0004014      0x4  main.o [1]
  .noinit            uninit   0xe0004018      0x4  main.o [1]
                            - 0xe000401c      0x8

Absolute sections, part 14 of 44:             0x4
  .noinit            uninit   0xe0004070      0x4  main.o [1]
                            - 0xe0004074      0x4

Absolute sections, part 15 of 44:             0xc
  .noinit            uninit   0xe001c000      0x4  i2c0_drv.o [1]
  .noinit            uninit   0xe001c004      0x4  i2c0_drv.o [1]
  .noinit            uninit   0xe001c008      0x4  i2c0_drv.o [1]
                            - 0xe001c00c      0xc

Absolute sections, part 16 of 44:             0xc
  .noinit            uninit   0xe001c010      0x4  i2c0_drv.o [1]
  .noinit            uninit   0xe001c014      0x4  i2c0_drv.o [1]
  .noinit            uninit   0xe001c018      0x4  i2c0_drv.o [1]
                            - 0xe001c01c      0xc

Absolute sections, part 17 of 44:             0x4
  .noinit            uninit   0xe0028008      0x4  sys.o [1]
                            - 0xe002800c      0x4

Absolute sections, part 18 of 44:             0x4
  .noinit            uninit   0xe0028018      0x4  sys.o [1]
                            - 0xe002801c      0x4

Absolute sections, part 19 of 44:            0x28
  .noinit            uninit   0xe002c000      0x4  sys.o [1]
  .noinit            uninit   0xe002c004      0x4  sys.o [1]
  .noinit            uninit   0xe002c008      0x4  sys.o [1]
  .noinit            uninit   0xe002c00c      0x4  sys.o [1]
  .noinit            uninit   0xe002c010      0x4  sys.o [1]
  .noinit            uninit   0xe002c014      0x4  sys.o [1]
  .noinit            uninit   0xe002c018      0x4  sys.o [1]
  .noinit            uninit   0xe002c01c      0x4  sys.o [1]
  .noinit            uninit   0xe002c020      0x4  sys.o [1]
  .noinit            uninit   0xe002c024      0x4  sys.o [1]
                            - 0xe002c028     0x28

Absolute sections, part 20 of 44:             0x4
  .noinit            uninit   0xe002c02c      0x4  drv_glcd.o [1]
                            - 0xe002c030      0x4

Absolute sections, part 21 of 44:             0x4
  .noinit            uninit   0xe002c040      0x4  drv_glcd.o [1]
                            - 0xe002c044      0x4

Absolute sections, part 22 of 44:            0x1c
  .noinit            uninit   0xe002c04c      0x4  drv_glcd.o [1]
  .noinit            uninit   0xe002c050      0x4  drv_glcd.o [1]
  .noinit            uninit   0xe002c054      0x4  sdram_64M_32bit_drv.o [1]
  .noinit            uninit   0xe002c058      0x4  sdram_64M_32bit_drv.o [1]
  .noinit            uninit   0xe002c05c      0x4  sdram_64M_32bit_drv.o [1]
  .noinit            uninit   0xe002c060      0x4  sdram_64M_32bit_drv.o [1]
  .noinit            uninit   0xe002c064      0x4  sdram_64M_32bit_drv.o [1]
                            - 0xe002c068     0x1c

Absolute sections, part 23 of 44:             0x8
  .noinit            uninit   0xe01fc000      0x4  main.o [1]
  .noinit            uninit   0xe01fc004      0x4  main.o [1]
                            - 0xe01fc008      0x8

Absolute sections, part 24 of 44:            0x10
  .noinit            uninit   0xe01fc080      0x4  sys.o [1]
  .noinit            uninit   0xe01fc084      0x4  sys.o [1]
  .noinit            uninit   0xe01fc088      0x4  sys.o [1]
  .noinit            uninit   0xe01fc08c      0x4  sys.o [1]
                            - 0xe01fc090     0x10

Absolute sections, part 25 of 44:             0x4
  .noinit            uninit   0xe01fc0c4      0x4  sys.o [1]
                            - 0xe01fc0c8      0x4

Absolute sections, part 26 of 44:             0xc
  .noinit            uninit   0xe01fc104      0x4  sys.o [1]
  .noinit            uninit   0xe01fc108      0x4  sys.o [1]
  .noinit            uninit   0xe01fc10c      0x4  sys.o [1]
                            - 0xe01fc110      0xc

Absolute sections, part 27 of 44:             0x4
  .noinit            uninit   0xe01fc188      0x4  sys.o [1]
                            - 0xe01fc18c      0x4

Absolute sections, part 28 of 44:             0x4
  .noinit            uninit   0xe01fc1a0      0x4  sys.o [1]
                            - 0xe01fc1a4      0x4

Absolute sections, part 29 of 44:             0x8
  .noinit            uninit   0xe01fc1a8      0x4  sys.o [1]
  .noinit            uninit   0xe01fc1ac      0x4  sys.o [1]
                            - 0xe01fc1b0      0x8

Absolute sections, part 30 of 44:             0x4
  .noinit            uninit   0xe01fc1b8      0x4  drv_glcd.o [1]
                            - 0xe01fc1bc      0x4

Absolute sections, part 31 of 44:             0x4
  .noinit            uninit   0xffe08000      0x4  sdram_64M_32bit_drv.o [1]
                            - 0xffe08004      0x4

Absolute sections, part 32 of 44:             0xc
  .noinit            uninit   0xffe08020      0x4  sdram_64M_32bit_drv.o [1]
  .noinit            uninit   0xffe08024      0x4  sdram_64M_32bit_drv.o [1]
  .noinit            uninit   0xffe08028      0x4  sdram_64M_32bit_drv.o [1]
                            - 0xffe0802c      0xc

Absolute sections, part 33 of 44:            0x2c
  .noinit            uninit   0xffe08030      0x4  sdram_64M_32bit_drv.o [1]
  .noinit            uninit   0xffe08034      0x4  sdram_64M_32bit_drv.o [1]
  .noinit            uninit   0xffe08038      0x4  sdram_64M_32bit_drv.o [1]
  .noinit            uninit   0xffe0803c      0x4  sdram_64M_32bit_drv.o [1]
  .noinit            uninit   0xffe08040      0x4  sdram_64M_32bit_drv.o [1]
  .noinit            uninit   0xffe08044      0x4  sdram_64M_32bit_drv.o [1]
  .noinit            uninit   0xffe08048      0x4  sdram_64M_32bit_drv.o [1]
  .noinit            uninit   0xffe0804c      0x4  sdram_64M_32bit_drv.o [1]
  .noinit            uninit   0xffe08050      0x4  sdram_64M_32bit_drv.o [1]
  .noinit            uninit   0xffe08054      0x4  sdram_64M_32bit_drv.o [1]
  .noinit            uninit   0xffe08058      0x4  sdram_64M_32bit_drv.o [1]
                            - 0xffe0805c     0x2c

Absolute sections, part 34 of 44:             0x8
  .noinit            uninit   0xffe08100      0x4  sdram_64M_32bit_drv.o [1]
  .noinit            uninit   0xffe08104      0x4  sdram_64M_32bit_drv.o [1]
                            - 0xffe08108      0x8

Absolute sections, part 35 of 44:             0xc
  .noinit            uninit   0xffe10000      0x4  drv_glcd.o [1]
  .noinit            uninit   0xffe10004      0x4  drv_glcd.o [1]
  .noinit            uninit   0xffe10008      0x4  drv_glcd.o [1]
                            - 0xffe1000c      0xc

Absolute sections, part 36 of 44:             0xc
  .noinit            uninit   0xffe10010      0x4  drv_glcd.o [1]
  .noinit            uninit   0xffe10014      0x4  drv_glcd.o [1]
  .noinit            uninit   0xffe10018      0x4  drv_glcd.o [1]
                            - 0xffe1001c      0xc

Absolute sections, part 37 of 44:             0x4
  .noinit            uninit   0xffe10200      0x4  drv_glcd.o [1]
                            - 0xffe10204      0x4

Absolute sections, part 38 of 44:             0x8
  .noinit            uninit   0xffe10c00      0x4  drv_glcd.o [1]
  .noinit            uninit   0xffe10c04      0x4  drv_glcd.o [1]
                            - 0xffe10c08      0x8

Absolute sections, part 39 of 44:             0x8
  .noinit            uninit   0xffe10c10      0x4  drv_glcd.o [1]
  .noinit            uninit   0xffe10c14      0x4  drv_glcd.o [1]
                            - 0xffe10c18      0x8

Absolute sections, part 40 of 44:             0xc
  .noinit            uninit   0xfffff00c      0x4  sys.o [1]
  .noinit            uninit   0xfffff010      0x4  main.o [1]
  .noinit            uninit   0xfffff014      0x4  sys.o [1]
                            - 0xfffff018      0xc

Absolute sections, part 41 of 44:             0x8
  .noinit            uninit   0xfffff01c      0x4  sys.o [1]
  .noinit            uninit   0xfffff020      0x4  sys.o [1]
                            - 0xfffff024      0x8

Absolute sections, part 42 of 44:             0x4
  .noinit            uninit   0xfffff100      0x4  sys.o [1]
                            - 0xfffff104      0x4

Absolute sections, part 43 of 44:             0x4
  .noinit            uninit   0xfffff200      0x4  sys.o [1]
                            - 0xfffff204      0x4

Absolute sections, part 44 of 44:             0x4
  .noinit            uninit   0xffffff00      0x4  sys.o [1]
                            - 0xffffff04      0x4


*******************************************************************************
*** INIT TABLE
***

          Address     Size
          -------     ----
Copy (__iar_copy_init3)
    1 source range, total size 0x3c (103% of destination):
          0x0000003c  0x3c
    1 destination range, total size 0x3a:
          0x40000120  0x3a



*******************************************************************************
*** MODULE SUMMARY
***

    Module                 ro code  ro data  rw data  rw data
                                                       (abs)
    ------                 -------  -------  -------  -------
C:\Users\Vitali\Desktop\DFCR project\Flash Debug\Obj: [1]
    Cursor.o                          1 024
    drv_glcd.o               2 092       68                64
    i2c0_drv.o               1 636       20       20       24
    logo.o                          307 244       28
    main.o                     852        6        2       44
    sdram_64M_32bit_drv.o      948                         88
    smb380_drv.o               176
    sys.o                    1 708                        164
    ---------------------------------------------------------
    Total:                   7 412  308 362       50      384

command line: [2]
    ---------------------------------------------------------
    Total:

dl4t_aln.a: [3]
    XShttio.o                   12        8        8
    abort.o                      8
    exit.o                       4
    low_level_init.o             8
    ---------------------------------------------------------
    Total:                      32        8        8

rt4t_al.a: [4]
    I32DivMod.o                468
    IntDivZer.o                  4
    cexit.o                     16
    cmain.o                     44
    copy_init3.o                48
    cstartup.o                 148
    data_init.o                 50
    vectortrap.o                 4
    ---------------------------------------------------------
    Total:                     782

shs_l.a: [5]
    ABIassert.o                 64
    exit.o                      32
    iarttio.o                   88
    xreturnswi.o                 4
    ---------------------------------------------------------
    Total:                     188

    Gaps                         2
    Linker created              12       22    2 112
-------------------------------------------------------------
    Grand Total:             8 428  308 392    2 170      384


*******************************************************************************
*** ENTRY LIST
***

Entry                      Address     Size  Type      Object
-----                      -------     ----  ----      ------
.iar.init_table$$Base   0x0004d6e0            --   Gb  - Linker created -
.iar.init_table$$Limit  0x0004d6f4            --   Gb  - Linker created -
?main                   0x0004d5fc           Code  Gb  cmain.o [4]
Abort_Handler           0x0004d710           Code  Wk  vectortrap.o [4]
CSTACK$$Base            0x40000160            --   Gb  - Linker created -
CSTACK$$Limit           0x40000560            --   Gb  - Linker created -
Cursor                  0x0004c9e0    0x400  Data  Gb  Cursor.o [1]
FIQ_Handler             0x0004ba2c      0x4  Code  Gb  sys.o [1]
FIQ_STACK$$Base         0x40000960            --   Gb  - Linker created -
FIQ_STACK$$Limit        0x400009a0            --   Gb  - Linker created -
GLCD_Copy_Cursor        0x0004b364     0x3c  Code  Gb  drv_glcd.o [1]
GLCD_Ctrl               0x0004b90c     0xb8  Code  Gb  drv_glcd.o [1]
GLCD_Cursor_Cfg         0x0004b200      0xc  Code  Gb  drv_glcd.o [1]
GLCD_Cursor_Dis         0x0004b244     0x18  Code  Gb  drv_glcd.o [1]
GLCD_Cursor_En          0x0004b20c     0x38  Code  Gb  drv_glcd.o [1]
GLCD_Init               0x0004b3a0    0x514  Code  Gb  drv_glcd.o [1]
GLCD_Move_Cursor        0x0004b25c    0x108  Code  Gb  drv_glcd.o [1]
GLCD_SetPallet          0x0004b8b4     0x58  Code  Gb  drv_glcd.o [1]
GpioInit                0x0004bf30    0x15c  Code  Gb  sys.o [1]
I2CMsg                  0x4000013c     0x10  Data  Gb  i2c0_drv.o [1]
I2CState                0x40000154      0x4  Data  Gb  i2c0_drv.o [1]
I2C_DisableI2C          0x0004c950     0x14  Code  Gb  i2c0_drv.o [1]
I2C_EnableI2C           0x0004c964     0x20  Code  Gb  i2c0_drv.o [1]
I2C_HandleMasterState   0x0004c5ec    0x34c  Code  Gb  i2c0_drv.o [1]
I2C_InitMaster          0x0004c37c     0xfc  Code  Gb  i2c0_drv.o [1]
I2C_MasterRead          0x0004c4b4     0x3c  Code  Gb  i2c0_drv.o [1]
I2C_MasterWrite         0x0004c478     0x3c  Code  Gb  i2c0_drv.o [1]
I2C_Transfer            0x0004c4f0     0xfc  Code  Gb  i2c0_drv.o [1]
IRQ_Handler             0x0004ba30     0x3c  Code  Gb  sys.o [1]
IRQ_STACK$$Base         0x40000560            --   Gb  - Linker created -
IRQ_STACK$$Limit        0x40000960            --   Gb  - Linker created -
InitClock               0x0004bb58    0x284  Code  Gb  sys.o [1]
LCD_LPBASE              0xffe10014      0x4  Data  Gb  drv_glcd.o [1]
LCD_PAL_BASE            0xffe10200      0x4  Data  Gb  drv_glcd.o [1]
LCD_UPBASE              0xffe10010      0x4  Data  Gb  drv_glcd.o [1]
LogoPic                 0x40000120     0x1c  Data  Gb  logo.o [1]
LogoStream              0x00000200  0x4b000  Data  Gb  logo.o [1]
Prefetch_Handler        0x0004d710           Code  Wk  vectortrap.o [4]
Region$$Table$$Base     0x0004d6e0            --   Gb  - Linker created -
Region$$Table$$Limit    0x0004d6f4            --   Gb  - Linker created -
SDRAM_BASE_ADDR {Abs}   0xa0000000           Data  Gb  command line/config [2]
SDRAM_Init              0x0004cde0    0x324  Code  Gb  sdram_64M_32bit_drv.o [1]
SMB380_GetData          0x0004d558     0x40  Code  Gb  smb380_drv.o [1]
SMB380_GetID            0x0004d504     0x54  Code  Gb  smb380_drv.o [1]
SMB380_Init             0x0004d4e8     0x1c  Code  Gb  smb380_drv.o [1]
SWI_Handler             0x0004d710           Code  Wk  vectortrap.o [4]
SYS_GetFpclk            0x0004bec0     0x70  Code  Gb  sys.o [1]
SYS_GetFsclk            0x0004bddc     0xe4  Code  Gb  sys.o [1]
Smb380Id                0x40000158      0x1  Data  Gb  main.o [1]
Smb380Ver               0x40000159      0x1  Data  Gb  main.o [1]
T0MR0                   0xe0004018      0x4  Data  Gb  main.o [1]
T0PR                    0xe000400c      0x4  Data  Gb  main.o [1]
Timer0IntrHandler       0x0004d194     0x48  Code  Gb  main.o [1]
Undefined_Handler       0x0004d710           Code  Wk  vectortrap.o [4]
VICADDRESS              0xffffff00      0x4  Data  Gb  sys.o [1]
VICVECTADDR0            0xfffff100      0x4  Data  Gb  sys.o [1]
VIC_Init                0x0004ba6c     0x94  Code  Gb  sys.o [1]
VIC_SetVectoredIRQ      0x0004bb00     0x58  Code  Gb  sys.o [1]
_A_AHBCFG1              0xe01fc188      0x4  Data  Gb  sys.o [1]
_A_CCLKCFG              0xe01fc104      0x4  Data  Gb  sys.o [1]
_A_CLKSRCSEL            0xe01fc10c      0x4  Data  Gb  sys.o [1]
_A_CRSR_CFG             0xffe10c04      0x4  Data  Gb  drv_glcd.o [1]
_A_CRSR_CLIP            0xffe10c14      0x4  Data  Gb  drv_glcd.o [1]
_A_CRSR_CTRL            0xffe10c00      0x4  Data  Gb  drv_glcd.o [1]
_A_CRSR_XY              0xffe10c10      0x4  Data  Gb  drv_glcd.o [1]
_A_EMCCONTROL           0xffe08000      0x4  Data  Gb  sdram_64M_32bit_drv.o [1]
_A_EMCDINAMICCTRL       0xffe08020      0x4  Data  Gb  sdram_64M_32bit_drv.o [1]
_A_EMCDINAMICRDCFG      0xffe08028      0x4  Data  Gb  sdram_64M_32bit_drv.o [1]
_A_EMCDINAMICRFR        0xffe08024      0x4  Data  Gb  sdram_64M_32bit_drv.o [1]
_A_EMCDYNAMICAPR        0xffe0803c      0x4  Data  Gb  sdram_64M_32bit_drv.o [1]
_A_EMCDYNAMICCFG0       0xffe08100      0x4  Data  Gb  sdram_64M_32bit_drv.o [1]
_A_EMCDYNAMICDAL        0xffe08040      0x4  Data  Gb  sdram_64M_32bit_drv.o [1]
_A_EMCDYNAMICMRD        0xffe08058      0x4  Data  Gb  sdram_64M_32bit_drv.o [1]
_A_EMCDYNAMICRAS        0xffe08034      0x4  Data  Gb  sdram_64M_32bit_drv.o [1]
_A_EMCDYNAMICRASCAS0    0xffe08104      0x4  Data  Gb  sdram_64M_32bit_drv.o [1]
_A_EMCDYNAMICRC         0xffe08048      0x4  Data  Gb  sdram_64M_32bit_drv.o [1]
_A_EMCDYNAMICRFC        0xffe0804c      0x4  Data  Gb  sdram_64M_32bit_drv.o [1]
_A_EMCDYNAMICRP         0xffe08030      0x4  Data  Gb  sdram_64M_32bit_drv.o [1]
_A_EMCDYNAMICRRD        0xffe08054      0x4  Data  Gb  sdram_64M_32bit_drv.o [1]
_A_EMCDYNAMICSREX       0xffe08038      0x4  Data  Gb  sdram_64M_32bit_drv.o [1]
_A_EMCDYNAMICWR         0xffe08044      0x4  Data  Gb  sdram_64M_32bit_drv.o [1]
_A_EMCDYNAMICXSR        0xffe08050      0x4  Data  Gb  sdram_64M_32bit_drv.o [1]
_A_FIO0DIR              0x3fffc000      0x4  Data  Gb  sys.o [1]
_A_FIO0MASK             0x3fffc010      0x4  Data  Gb  sys.o [1]
_A_FIO1DIR              0x3fffc020      0x4  Data  Gb  sys.o [1]
_A_FIO1MASK             0x3fffc030      0x4  Data  Gb  sys.o [1]
_A_FIO1PIN              0x3fffc034      0x4  Data  Gb  main.o [1]
_A_FIO1SET              0x3fffc038      0x4  Data  Gb  main.o [1]
_A_FIO2DIR              0x3fffc040      0x4  Data  Gb  sys.o [1]
_A_FIO2MASK             0x3fffc050      0x4  Data  Gb  sys.o [1]
_A_FIO3DIR              0x3fffc060      0x4  Data  Gb  sys.o [1]
_A_FIO3MASK             0x3fffc070      0x4  Data  Gb  sys.o [1]
_A_FIO4DIR              0x3fffc080      0x4  Data  Gb  sys.o [1]
_A_FIO4MASK             0x3fffc090      0x4  Data  Gb  sys.o [1]
_A_I2C0CONCLR           0xe001c018      0x4  Data  Gb  i2c0_drv.o [1]
_A_I2C0CONSET           0xe001c000      0x4  Data  Gb  i2c0_drv.o [1]
_A_I2C0DAT              0xe001c008      0x4  Data  Gb  i2c0_drv.o [1]
_A_I2C0SCLH             0xe001c010      0x4  Data  Gb  i2c0_drv.o [1]
_A_I2C0SCLL             0xe001c014      0x4  Data  Gb  i2c0_drv.o [1]
_A_I2C0STAT             0xe001c004      0x4  Data  Gb  i2c0_drv.o [1]
_A_IO0DIR               0xe0028008      0x4  Data  Gb  sys.o [1]
_A_IO1DIR               0xe0028018      0x4  Data  Gb  sys.o [1]
_A_LCD_CFG              0xe01fc1b8      0x4  Data  Gb  drv_glcd.o [1]
_A_LCD_CTRL             0xffe10018      0x4  Data  Gb  drv_glcd.o [1]
_A_LCD_POL              0xffe10008      0x4  Data  Gb  drv_glcd.o [1]
_A_LCD_TIMH             0xffe10000      0x4  Data  Gb  drv_glcd.o [1]
_A_LCD_TIMV             0xffe10004      0x4  Data  Gb  drv_glcd.o [1]
_A_MAMCR                0xe01fc000      0x4  Data  Gb  main.o [1]
_A_MAMTIM               0xe01fc004      0x4  Data  Gb  main.o [1]
_A_PCLKSEL0             0xe01fc1a8      0x4  Data  Gb  sys.o [1]
_A_PCLKSEL1             0xe01fc1ac      0x4  Data  Gb  sys.o [1]
_A_PCONP                0xe01fc0c4      0x4  Data  Gb  sys.o [1]
_A_PINMODE0             0xe002c040      0x4  Data  Gb  drv_glcd.o [1]
_A_PINMODE3             0xe002c04c      0x4  Data  Gb  drv_glcd.o [1]
_A_PINMODE4             0xe002c050      0x4  Data  Gb  drv_glcd.o [1]
_A_PINMODE5             0xe002c054      0x4  Data  Gb  sdram_64M_32bit_drv.o [1]
_A_PINMODE6             0xe002c058      0x4  Data  Gb  sdram_64M_32bit_drv.o [1]
_A_PINMODE7             0xe002c05c      0x4  Data  Gb  sdram_64M_32bit_drv.o [1]
_A_PINMODE8             0xe002c060      0x4  Data  Gb  sdram_64M_32bit_drv.o [1]
_A_PINMODE9             0xe002c064      0x4  Data  Gb  sdram_64M_32bit_drv.o [1]
_A_PINSEL0              0xe002c000      0x4  Data  Gb  sys.o [1]
_A_PINSEL1              0xe002c004      0x4  Data  Gb  sys.o [1]
_A_PINSEL11             0xe002c02c      0x4  Data  Gb  drv_glcd.o [1]
_A_PINSEL2              0xe002c008      0x4  Data  Gb  sys.o [1]
_A_PINSEL3              0xe002c00c      0x4  Data  Gb  sys.o [1]
_A_PINSEL4              0xe002c010      0x4  Data  Gb  sys.o [1]
_A_PINSEL5              0xe002c014      0x4  Data  Gb  sys.o [1]
_A_PINSEL6              0xe002c018      0x4  Data  Gb  sys.o [1]
_A_PINSEL7              0xe002c01c      0x4  Data  Gb  sys.o [1]
_A_PINSEL8              0xe002c020      0x4  Data  Gb  sys.o [1]
_A_PINSEL9              0xe002c024      0x4  Data  Gb  sys.o [1]
_A_PLLCFG               0xe01fc084      0x4  Data  Gb  sys.o [1]
_A_PLLCON               0xe01fc080      0x4  Data  Gb  sys.o [1]
_A_PLLFEED              0xe01fc08c      0x4  Data  Gb  sys.o [1]
_A_PLLSTAT              0xe01fc088      0x4  Data  Gb  sys.o [1]
_A_SCS                  0xe01fc1a0      0x4  Data  Gb  sys.o [1]
_A_T0CTCR               0xe0004070      0x4  Data  Gb  main.o [1]
_A_T0IR                 0xe0004000      0x4  Data  Gb  main.o [1]
_A_T0MCR                0xe0004014      0x4  Data  Gb  main.o [1]
_A_T0TCR                0xe0004004      0x4  Data  Gb  main.o [1]
_A_USBCLKCFG            0xe01fc108      0x4  Data  Gb  sys.o [1]
_A_VICINTENABLE         0xfffff010      0x4  Data  Gb  main.o [1]
_A_VICINTENCLEAR        0xfffff014      0x4  Data  Gb  sys.o [1]
_A_VICINTSELECT         0xfffff00c      0x4  Data  Gb  sys.o [1]
_A_VICPROTECTION        0xfffff020      0x4  Data  Gb  sys.o [1]
_A_VICSOFTINTCLEAR      0xfffff01c      0x4  Data  Gb  sys.o [1]
_A_VICVECTPRIORITY0     0xfffff200      0x4  Data  Gb  sys.o [1]
__I2C_ClearFlag         0x0004c984     0x10  Code  Gb  i2c0_drv.o [1]
__I2C_ReceiveData       0x0004c9cc     0x14  Code  Gb  i2c0_drv.o [1]
__I2C_SendData          0x0004c9b4     0x18  Code  Gb  i2c0_drv.o [1]
__I2C_SetFlag           0x0004c994     0x20  Code  Gb  i2c0_drv.o [1]
__aeabi_assert          0x0004c2ac     0x40  Code  Gb  ABIassert.o [5]
__aeabi_idiv            0x0004c0d8           Code  Gb  I32DivMod.o [4]
__aeabi_idiv0           0x0004c2ec           Code  Gb  IntDivZer.o [4]
__aeabi_idivmod         0x0004c0d8           Code  Gb  I32DivMod.o [4]
__aeabi_uidiv           0x0004c108           Code  Gb  I32DivMod.o [4]
__aeabi_uidivmod        0x0004c108           Code  Gb  I32DivMod.o [4]
__cmain                 0x0004d5fc           Code  Gb  cmain.o [4]
__exit                  0x0004c2f8     0x20  Code  Gb  exit.o [5]
__iar_close_ttio        0x0004c318     0x58  Code  Gb  iarttio.o [5]
__iar_copy_init3        0x0004d6b1     0x30  Code  Gb  copy_init3.o [4]
__iar_data_init3        0x0004d631     0x30  Code  Gb  data_init.o [4]
__iar_lookup_ttioh      0x0004c370      0xc  Code  Gb  XShttio.o [3]
__iar_program_start     0x0004d598           Code  Gb  cstartup.o [4]
__iar_return_from_swi   0x0004d714      0x4  Code  Gb  xreturnswi.o [5]
__iar_ttio_handles      0x4000014c      0x8  Data  Lc  XShttio.o [3]
__low_level_init        0x0004d628      0x8  Code  Gb  low_level_init.o [3]
__vector                0x00000000           Data  Gb  cstartup.o [4]
_call_main              0x0004d610           Code  Gb  cmain.o [4]
_exit                   0x0004d668           Code  Gb  cexit.o [4]
_main                   0x0004d618           Code  Gb  cmain.o [4]
abort                   0x0004c2f0      0x8  Code  Gb  abort.o [3]
crp                     0x000001fc      0x4  Data  Gb  main.o [1]
exit                    0x0004d664      0x4  Code  Gb  exit.o [3]
main                    0x0004d1dc    0x2ec  Code  Gb  main.o [1]


[1] = C:\Users\Vitali\Desktop\DFCR project\Flash Debug\Obj
[2] = command line
[3] = dl4t_aln.a
[4] = rt4t_al.a
[5] = shs_l.a

    8 428 bytes of readonly  code memory
  308 392 bytes of readonly  data memory
    2 170 bytes of readwrite data memory (+ 384 absolute)

Errors: none
Warnings: none
