###############################################################################
#
# IAR ELF Linker V7.80.3.12102/W32 for ARM                16/Jan/2017  02:45:01
# Copyright 2007-2016 IAR Systems AB.
#
#    Output file  =  
#        C:\Users\Vitali\Desktop\DFCR Software\Software uC\Flash
#        Debug\Exe\LCD_Demo.out.tmp
#    Map file     =  
#        C:\Users\Vitali\Desktop\DFCR Software\Software uC\Flash
#        Debug\List\LCD_Demo.map
#    Command line =  
#        "C:\Users\Vitali\Desktop\DFCR Software\Software uC\Flash
#        Debug\Obj\cursor_arrow.o" "C:\Users\Vitali\Desktop\DFCR
#        Software\Software uC\Flash Debug\Obj\drv_glcd.o"
#        "C:\Users\Vitali\Desktop\DFCR Software\Software uC\Flash
#        Debug\Obj\drv_touch_scr.o" "C:\Users\Vitali\Desktop\DFCR
#        Software\Software uC\Flash Debug\Obj\logo.o"
#        "C:\Users\Vitali\Desktop\DFCR Software\Software uC\Flash
#        Debug\Obj\main.o" "C:\Users\Vitali\Desktop\DFCR Software\Software
#        uC\Flash Debug\Obj\sdram_64M_32bit_drv.o"
#        "C:\Users\Vitali\Desktop\DFCR Software\Software uC\Flash
#        Debug\Obj\sys.o" "C:\Users\Vitali\Desktop\DFCR Software\Software
#        uC\Flash Debug\Obj\Terminal_18_24x12.o" "C:\Users\Vitali\Desktop\DFCR
#        Software\Software uC\Flash Debug\Obj\Terminal_6_8x6.o"
#        "C:\Users\Vitali\Desktop\DFCR Software\Software uC\Flash
#        Debug\Obj\Terminal_9_12x6.o" --redirect _Printf=_PrintfTiny --redirect
#        _Scanf=_ScanfSmall -o "C:\Users\Vitali\Desktop\DFCR Software\Software
#        uC\Flash Debug\Exe\LCD_Demo.out.tmp" --map
#        "C:\Users\Vitali\Desktop\DFCR Software\Software uC\Flash
#        Debug\List\LCD_Demo.map" --config "C:\Users\Vitali\Desktop\DFCR
#        Software\Software uC\config\LPC2478_Flash.icf" --semihosting --entry
#        __iar_program_start --vfe
#
###############################################################################

*******************************************************************************
*** RUNTIME MODEL ATTRIBUTES
***

CppFlavor       = *
__SystemLibrary = DLib


*******************************************************************************
*** PLACEMENT SUMMARY
***

"A0":  place at 0x00000000 { ro section .intvec };
"P1":  place in [from 0x00000000 to 0x000001fb] |
                [from 0x00000200 to 0x0007dfff] { ro };
"P2":  place in [from 0x40000000 to 0x4000003f] |
                [from 0x40000120 to 0x4000ffdf] {
          rw, block CSTACK, block SVC_STACK, block IRQ_STACK, block FIQ_STACK,
          block UND_STACK, block ABT_STACK, block HEAP };
"P6":  place in [from 0x000001fc to 0x000001ff] { section .crp };
do not initialize { section .noinit };
initialize by copy { rw };

  Section            Kind        Address     Size  Object
  -------            ----        -------     ----  ------
"A0":                                        0x3c
  .intvec            ro code  0x00000000     0x3c  cstartup.o [4]
                            - 0x0000003c     0x3c

"P1", part 1 of 2:                           0xb8
  .rodata            const    0x0000003c      0x0  zero_init3.o [4]
  .rodata            const    0x0000003c      0x0  copy_init3.o [4]
  Initializer bytes  const    0x0000003c     0xb8  <for P2 s0>
                            - 0x000000f4     0xb8

"P6":                                         0x4
  .crp               const    0x000001fc      0x4  main.o [1]
                            - 0x00000200      0x4

"P1", part 2 of 2:                        0x6304c
  .rodata            const    0x00000200  0x4b000  logo.o [1]
  .rodata            const    0x0004b200   0x57b0  logo.o [1]
  .rodata            const    0x000509b0   0x57b0  logo.o [1]
  .rodata            const    0x00056160   0x33c0  logo.o [1]
  .rodata            const    0x00059520   0x33c0  logo.o [1]
  .rodata            const    0x0005c8e0   0x3000  Terminal_18_24x12.o [1]
  .text              ro code  0x0005f8e0   0x1124  drv_glcd.o [1]
  .text              ro code  0x00060a04    0x6ac  sys.o [1]
  .text              ro code  0x000610b0    0x1a4  I32DivMod.o [4]
  .text              ro code  0x00061254     0x40  ABIassert.o [5]
  .text              ro code  0x00061294     0x4c  vsprintf.o [3]
  .text              ro code  0x000612e0      0x4  IntDivZer.o [4]
  .text              ro code  0x000612e4      0x8  abort.o [3]
  .text              ro code  0x000612ec    0x26c  xprintftiny.o [3]
  .text              ro code  0x00061558     0x20  exit.o [5]
  .text              ro code  0x00061578     0x54  strlen.o [4]
  .text              ro code  0x000615cc     0x58  iarttio.o [5]
  .text              ro code  0x00061624      0xc  XShttio.o [3]
  .text              ro code  0x00061630    0xd8c  drv_touch_scr.o [1]
  .text              ro code  0x000623bc    0x7e0  main.o [1]
  .text              ro code  0x00062b9c    0x3b4  sdram_64M_32bit_drv.o [1]
  .text              ro code  0x00062f50     0x58  cstartup.o [4]
  Veneer             ro code  0x00062fa8      0xc  - Linker created -
  .text              ro code  0x00062fb4     0x2c  cmain.o [4]
  .text              ro code  0x00062fe0      0x8  low_level_init.o [3]
  .text              ro code  0x00062fe8     0x32  data_init.o [4]
  .text              ro code  0x0006301c      0x4  exit.o [3]
  .text              ro code  0x00063020     0x10  cexit.o [4]
  .rodata            const    0x00063030     0x4c  drv_touch_scr.o [1]
  .rodata            const    0x0006307c     0x48  drv_glcd.o [1]
  .text              ro code  0x000630c4     0x3c  zero_init3.o [4]
  .text              ro code  0x00063100     0x30  copy_init3.o [4]
  .iar.init_table    const    0x00063130     0x24  - Linker created -
  .rodata            const    0x00063154     0x18  drv_glcd.o [1]
  .rodata            const    0x0006316c     0x18  drv_glcd.o [1]
  .rodata            const    0x00063184     0x14  drv_glcd.o [1]
  .rodata            const    0x00063198     0x14  Terminal_18_24x12.o [1]
  .text              ro code  0x000631ac     0x14  xsprout.o [3]
  .rodata            const    0x000631c0     0x10  drv_glcd.o [1]
  .rodata            const    0x000631d0     0x10  logo.o [1]
  .rodata            const    0x000631e0     0x10  logo.o [1]
  .rodata            const    0x000631f0      0xc  drv_glcd.o [1]
  .rodata            const    0x000631fc      0xc  logo.o [1]
  .rodata            const    0x00063208      0xc  logo.o [1]
  .rodata            const    0x00063214      0xc  logo.o [1]
  .rodata            const    0x00063220      0xc  main.o [1]
  .rodata            const    0x0006322c      0x8  main.o [1]
  .rodata            const    0x00063234      0x8  main.o [1]
  .rodata            const    0x0006323c      0x8  main.o [1]
  .text              ro code  0x00063244      0x4  vectortrap.o [4]
  .text              ro code  0x00063248      0x4  xreturnswi.o [5]
                            - 0x0006324c  0x6304c

Absolute sections, part 1 of 50:              0x4
  .noinit            uninit   0x3fffc000      0x4  sys.o [1]
                            - 0x3fffc004      0x4

Absolute sections, part 2 of 50:             0x14
  .noinit            uninit   0x3fffc010      0x4  sys.o [1]
  .noinit            uninit   0x3fffc014      0x4  drv_touch_scr.o [1]
  .noinit            uninit   0x3fffc018      0x4  drv_touch_scr.o [1]
  .noinit            uninit   0x3fffc01c      0x4  drv_touch_scr.o [1]
  .noinit            uninit   0x3fffc020      0x4  sys.o [1]
                            - 0x3fffc024     0x14

Absolute sections, part 3 of 50:              0x4
  .noinit            uninit   0x3fffc030      0x4  sys.o [1]
                            - 0x3fffc034      0x4

Absolute sections, part 4 of 50:              0xc
  .noinit            uninit   0x3fffc038      0x4  main.o [1]
  .noinit            uninit   0x3fffc03c      0x4  main.o [1]
  .noinit            uninit   0x3fffc040      0x4  sys.o [1]
                            - 0x3fffc044      0xc

Absolute sections, part 5 of 50:              0x4
  .noinit            uninit   0x3fffc050      0x4  sys.o [1]
                            - 0x3fffc054      0x4

Absolute sections, part 6 of 50:              0x4
  .noinit            uninit   0x3fffc060      0x4  sys.o [1]
                            - 0x3fffc064      0x4

Absolute sections, part 7 of 50:              0x4
  .noinit            uninit   0x3fffc070      0x4  sys.o [1]
                            - 0x3fffc074      0x4

Absolute sections, part 8 of 50:              0x4
  .noinit            uninit   0x3fffc080      0x4  sys.o [1]
                            - 0x3fffc084      0x4

Absolute sections, part 9 of 50:              0x4
  .noinit            uninit   0x3fffc090      0x4  sys.o [1]
                            - 0x3fffc094      0x4

"P2", part 1 of 3:                           0xb8
  P2 s0                       0x40000120     0xb8  <Init block>
    .data            inited   0x40000120     0x1c  logo.o [1]
    .data            inited   0x4000013c     0x1c  logo.o [1]
    .data            inited   0x40000158     0x1c  logo.o [1]
    .data            inited   0x40000174     0x1c  logo.o [1]
    .data            inited   0x40000190     0x1c  logo.o [1]
    .data            inited   0x400001ac     0x18  Terminal_18_24x12.o [1]
    .data            inited   0x400001c4      0x8  XShttio.o [3]
    .data            inited   0x400001cc      0x4  drv_glcd.o [1]
    .data            inited   0x400001d0      0x4  drv_glcd.o [1]
    .data            inited   0x400001d4      0x4  drv_glcd.o [1]
                            - 0x400001d8     0xb8

"P2", part 2 of 3:                           0x5c
  .bss               zero     0x400001d8      0x4  drv_glcd.o [1]
  .bss               zero     0x400001dc      0x4  drv_glcd.o [1]
  .bss               zero     0x400001e0      0x4  drv_glcd.o [1]
  .bss               zero     0x400001e4      0x4  drv_glcd.o [1]
  .bss               zero     0x400001e8      0x4  drv_glcd.o [1]
  .bss               zero     0x400001ec      0x4  drv_glcd.o [1]
  .bss               zero     0x400001f0      0x4  drv_glcd.o [1]
  .bss               zero     0x400001f4      0x4  drv_glcd.o [1]
  .bss               zero     0x400001f8      0x4  drv_glcd.o [1]
  .bss               zero     0x400001fc      0x4  drv_glcd.o [1]
  .bss               zero     0x40000200      0x4  drv_glcd.o [1]
  .bss               zero     0x40000204      0x4  drv_glcd.o [1]
  .bss               zero     0x40000208      0x4  drv_glcd.o [1]
  .bss               zero     0x4000020c      0x4  drv_touch_scr.o [1]
  .bss               zero     0x40000210      0x4  drv_touch_scr.o [1]
  .bss               zero     0x40000214      0x4  drv_touch_scr.o [1]
  .bss               zero     0x40000218      0x4  main.o [1]
  .bss               zero     0x4000021c      0x4  main.o [1]
  .bss               zero     0x40000220      0x4  main.o [1]
  .bss               zero     0x40000224      0x4  main.o [1]
  .bss               zero     0x40000228      0x2  drv_touch_scr.o [1]
  .bss               zero     0x4000022a      0x2  drv_touch_scr.o [1]
  .bss               zero     0x4000022c      0x2  drv_touch_scr.o [1]
  .bss               zero     0x4000022e      0x2  drv_touch_scr.o [1]
  .bss               zero     0x40000230      0x1  drv_touch_scr.o [1]
                            - 0x40000231     0x59

"P2", part 3 of 3:                          0x840
  CSTACK                      0x40000238    0x400  <Block>
    CSTACK           uninit   0x40000238    0x400  <Block tail>
  IRQ_STACK                   0x40000638    0x400  <Block>
    IRQ_STACK        uninit   0x40000638    0x400  <Block tail>
  FIQ_STACK                   0x40000a38     0x40  <Block>
    FIQ_STACK        uninit   0x40000a38     0x40  <Block tail>
                            - 0x40000a78    0x840

Absolute sections, part 10 of 50:             0x8
  .noinit            uninit   0xe0004000      0x4  drv_touch_scr.o [1]
  .noinit            uninit   0xe0004004      0x4  drv_touch_scr.o [1]
                            - 0xe0004008      0x8

Absolute sections, part 11 of 50:             0x4
  .noinit            uninit   0xe000400c      0x4  drv_touch_scr.o [1]
                            - 0xe0004010      0x4

Absolute sections, part 12 of 50:             0x8
  .noinit            uninit   0xe0004014      0x4  drv_touch_scr.o [1]
  .noinit            uninit   0xe0004018      0x4  drv_touch_scr.o [1]
                            - 0xe000401c      0x8

Absolute sections, part 13 of 50:             0x4
  .noinit            uninit   0xe0004070      0x4  drv_touch_scr.o [1]
                            - 0xe0004074      0x4

Absolute sections, part 14 of 50:             0x8
  .noinit            uninit   0xe0008000      0x4  main.o [1]
  .noinit            uninit   0xe0008004      0x4  main.o [1]
                            - 0xe0008008      0x8

Absolute sections, part 15 of 50:             0x4
  .noinit            uninit   0xe000800c      0x4  main.o [1]
                            - 0xe0008010      0x4

Absolute sections, part 16 of 50:             0x8
  .noinit            uninit   0xe0008014      0x4  main.o [1]
  .noinit            uninit   0xe0008018      0x4  main.o [1]
                            - 0xe000801c      0x8

Absolute sections, part 17 of 50:             0x4
  .noinit            uninit   0xe0008070      0x4  main.o [1]
                            - 0xe0008074      0x4

Absolute sections, part 18 of 50:             0x4
  .noinit            uninit   0xe0028008      0x4  sys.o [1]
                            - 0xe002800c      0x4

Absolute sections, part 19 of 50:             0x4
  .noinit            uninit   0xe0028018      0x4  sys.o [1]
                            - 0xe002801c      0x4

Absolute sections, part 20 of 50:             0x8
  .noinit            uninit   0xe002808c      0x4  drv_touch_scr.o [1]
  .noinit            uninit   0xe0028090      0x4  drv_touch_scr.o [1]
                            - 0xe0028094      0x8

Absolute sections, part 21 of 50:            0x28
  .noinit            uninit   0xe002c000      0x4  sys.o [1]
  .noinit            uninit   0xe002c004      0x4  sys.o [1]
  .noinit            uninit   0xe002c008      0x4  sys.o [1]
  .noinit            uninit   0xe002c00c      0x4  sys.o [1]
  .noinit            uninit   0xe002c010      0x4  sys.o [1]
  .noinit            uninit   0xe002c014      0x4  sys.o [1]
  .noinit            uninit   0xe002c018      0x4  sys.o [1]
  .noinit            uninit   0xe002c01c      0x4  sys.o [1]
  .noinit            uninit   0xe002c020      0x4  sys.o [1]
  .noinit            uninit   0xe002c024      0x4  sys.o [1]
                            - 0xe002c028     0x28

Absolute sections, part 22 of 50:             0x4
  .noinit            uninit   0xe002c02c      0x4  drv_glcd.o [1]
                            - 0xe002c030      0x4

Absolute sections, part 23 of 50:             0x8
  .noinit            uninit   0xe002c040      0x4  drv_glcd.o [1]
  .noinit            uninit   0xe002c044      0x4  drv_touch_scr.o [1]
                            - 0xe002c048      0x8

Absolute sections, part 24 of 50:            0x1c
  .noinit            uninit   0xe002c04c      0x4  drv_glcd.o [1]
  .noinit            uninit   0xe002c050      0x4  drv_glcd.o [1]
  .noinit            uninit   0xe002c054      0x4  sdram_64M_32bit_drv.o [1]
  .noinit            uninit   0xe002c058      0x4  sdram_64M_32bit_drv.o [1]
  .noinit            uninit   0xe002c05c      0x4  sdram_64M_32bit_drv.o [1]
  .noinit            uninit   0xe002c060      0x4  sdram_64M_32bit_drv.o [1]
  .noinit            uninit   0xe002c064      0x4  sdram_64M_32bit_drv.o [1]
                            - 0xe002c068     0x1c

Absolute sections, part 25 of 50:             0x8
  .noinit            uninit   0xe0034000      0x4  drv_touch_scr.o [1]
  .noinit            uninit   0xe0034004      0x4  drv_touch_scr.o [1]
                            - 0xe0034008      0x8

Absolute sections, part 26 of 50:             0x4
  .noinit            uninit   0xe003400c      0x4  drv_touch_scr.o [1]
                            - 0xe0034010      0x4

Absolute sections, part 27 of 50:             0x4
  .noinit            uninit   0xe0034030      0x4  drv_touch_scr.o [1]
                            - 0xe0034034      0x4

Absolute sections, part 28 of 50:             0x8
  .noinit            uninit   0xe01fc000      0x4  main.o [1]
  .noinit            uninit   0xe01fc004      0x4  main.o [1]
                            - 0xe01fc008      0x8

Absolute sections, part 29 of 50:            0x10
  .noinit            uninit   0xe01fc080      0x4  sys.o [1]
  .noinit            uninit   0xe01fc084      0x4  sys.o [1]
  .noinit            uninit   0xe01fc088      0x4  sys.o [1]
  .noinit            uninit   0xe01fc08c      0x4  sys.o [1]
                            - 0xe01fc090     0x10

Absolute sections, part 30 of 50:             0x4
  .noinit            uninit   0xe01fc0c4      0x4  sys.o [1]
                            - 0xe01fc0c8      0x4

Absolute sections, part 31 of 50:             0xc
  .noinit            uninit   0xe01fc104      0x4  sys.o [1]
  .noinit            uninit   0xe01fc108      0x4  sys.o [1]
  .noinit            uninit   0xe01fc10c      0x4  sys.o [1]
                            - 0xe01fc110      0xc

Absolute sections, part 32 of 50:             0x4
  .noinit            uninit   0xe01fc140      0x4  drv_touch_scr.o [1]
                            - 0xe01fc144      0x4

Absolute sections, part 33 of 50:             0x4
  .noinit            uninit   0xe01fc188      0x4  sys.o [1]
                            - 0xe01fc18c      0x4

Absolute sections, part 34 of 50:             0x4
  .noinit            uninit   0xe01fc1a0      0x4  sys.o [1]
                            - 0xe01fc1a4      0x4

Absolute sections, part 35 of 50:             0x8
  .noinit            uninit   0xe01fc1a8      0x4  sys.o [1]
  .noinit            uninit   0xe01fc1ac      0x4  sys.o [1]
                            - 0xe01fc1b0      0x8

Absolute sections, part 36 of 50:             0x4
  .noinit            uninit   0xe01fc1b8      0x4  drv_glcd.o [1]
                            - 0xe01fc1bc      0x4

Absolute sections, part 37 of 50:             0x4
  .noinit            uninit   0xffe08000      0x4  sdram_64M_32bit_drv.o [1]
                            - 0xffe08004      0x4

Absolute sections, part 38 of 50:             0xc
  .noinit            uninit   0xffe08020      0x4  sdram_64M_32bit_drv.o [1]
  .noinit            uninit   0xffe08024      0x4  sdram_64M_32bit_drv.o [1]
  .noinit            uninit   0xffe08028      0x4  sdram_64M_32bit_drv.o [1]
                            - 0xffe0802c      0xc

Absolute sections, part 39 of 50:            0x2c
  .noinit            uninit   0xffe08030      0x4  sdram_64M_32bit_drv.o [1]
  .noinit            uninit   0xffe08034      0x4  sdram_64M_32bit_drv.o [1]
  .noinit            uninit   0xffe08038      0x4  sdram_64M_32bit_drv.o [1]
  .noinit            uninit   0xffe0803c      0x4  sdram_64M_32bit_drv.o [1]
  .noinit            uninit   0xffe08040      0x4  sdram_64M_32bit_drv.o [1]
  .noinit            uninit   0xffe08044      0x4  sdram_64M_32bit_drv.o [1]
  .noinit            uninit   0xffe08048      0x4  sdram_64M_32bit_drv.o [1]
  .noinit            uninit   0xffe0804c      0x4  sdram_64M_32bit_drv.o [1]
  .noinit            uninit   0xffe08050      0x4  sdram_64M_32bit_drv.o [1]
  .noinit            uninit   0xffe08054      0x4  sdram_64M_32bit_drv.o [1]
  .noinit            uninit   0xffe08058      0x4  sdram_64M_32bit_drv.o [1]
                            - 0xffe0805c     0x2c

Absolute sections, part 40 of 50:             0x8
  .noinit            uninit   0xffe08100      0x4  sdram_64M_32bit_drv.o [1]
  .noinit            uninit   0xffe08104      0x4  sdram_64M_32bit_drv.o [1]
                            - 0xffe08108      0x8

Absolute sections, part 41 of 50:             0xc
  .noinit            uninit   0xffe10000      0x4  drv_glcd.o [1]
  .noinit            uninit   0xffe10004      0x4  drv_glcd.o [1]
  .noinit            uninit   0xffe10008      0x4  drv_glcd.o [1]
                            - 0xffe1000c      0xc

Absolute sections, part 42 of 50:             0xc
  .noinit            uninit   0xffe10010      0x4  drv_glcd.o [1]
  .noinit            uninit   0xffe10014      0x4  drv_glcd.o [1]
  .noinit            uninit   0xffe10018      0x4  drv_glcd.o [1]
                            - 0xffe1001c      0xc

Absolute sections, part 43 of 50:             0x4
  .noinit            uninit   0xffe10200      0x4  drv_glcd.o [1]
                            - 0xffe10204      0x4

Absolute sections, part 44 of 50:             0x4
  .noinit            uninit   0xffe10c00      0x4  drv_glcd.o [1]
                            - 0xffe10c04      0x4

Absolute sections, part 45 of 50:             0x8
  .noinit            uninit   0xffe10c10      0x4  drv_glcd.o [1]
  .noinit            uninit   0xffe10c14      0x4  drv_glcd.o [1]
                            - 0xffe10c18      0x8

Absolute sections, part 46 of 50:             0xc
  .noinit            uninit   0xfffff00c      0x4  sys.o [1]
  .noinit            uninit   0xfffff010      0x4  main.o [1]
  .noinit            uninit   0xfffff014      0x4  sys.o [1]
                            - 0xfffff018      0xc

Absolute sections, part 47 of 50:             0x8
  .noinit            uninit   0xfffff01c      0x4  sys.o [1]
  .noinit            uninit   0xfffff020      0x4  sys.o [1]
                            - 0xfffff024      0x8

Absolute sections, part 48 of 50:             0x4
  .noinit            uninit   0xfffff100      0x4  sys.o [1]
                            - 0xfffff104      0x4

Absolute sections, part 49 of 50:             0x4
  .noinit            uninit   0xfffff200      0x4  sys.o [1]
                            - 0xfffff204      0x4

Absolute sections, part 50 of 50:             0x4
  .noinit            uninit   0xffffff00      0x4  sys.o [1]
                            - 0xffffff04      0x4


*******************************************************************************
*** INIT TABLE
***

          Address     Size
          -------     ----
Zero (__iar_zero_init3)
    1 destination range, total size 0x59:
          0x400001d8  0x59

Copy (__iar_copy_init3)
    1 source range, total size 0xb8:
          0x0000003c  0xb8
    1 destination range, total size 0xb8:
          0x40000120  0xb8



*******************************************************************************
*** MODULE SUMMARY
***

    Module                 ro code  ro data  rw data  rw data
                                                       (abs)
    ------                 -------  -------  -------  -------
C:\Users\Vitali\Desktop\DFCR Software\Software uC\Flash Debug\Obj: [1]
    Terminal_18_24x12.o              12 332       24
    drv_glcd.o               4 388      180       64       60
    drv_touch_scr.o          3 468       76       21       68
    logo.o                          378 800      140
    main.o                   2 016       40       16       44
    sdram_64M_32bit_drv.o      948                         88
    sys.o                    1 708                        164
    ---------------------------------------------------------
    Total:                  12 528  391 428      265      424

command line: [2]
    ---------------------------------------------------------
    Total:

dl4t_aln.a: [3]
    XShttio.o                   12        8        8
    abort.o                      8
    exit.o                       4
    low_level_init.o             8
    vsprintf.o                  76
    xprintftiny.o              620
    xsprout.o                   20
    ---------------------------------------------------------
    Total:                     748        8        8

rt4t_al.a: [4]
    I32DivMod.o                420
    IntDivZer.o                  4
    cexit.o                     16
    cmain.o                     44
    copy_init3.o                48
    cstartup.o                 148
    data_init.o                 50
    strlen.o                    84
    vectortrap.o                 4
    zero_init3.o                60
    ---------------------------------------------------------
    Total:                     878

shs_l.a: [5]
    ABIassert.o                 64
    exit.o                      32
    iarttio.o                   88
    xreturnswi.o                 4
    ---------------------------------------------------------
    Total:                     188

    Gaps                         2
    Linker created              12       36    2 112
-------------------------------------------------------------
    Grand Total:            14 356  391 472    2 385      424


*******************************************************************************
*** ENTRY LIST
***

Entry                      Address     Size  Type      Object
-----                      -------     ----  ----      ------
.iar.init_table$$Base   0x00063130            --   Gb  - Linker created -
.iar.init_table$$Limit  0x00063154            --   Gb  - Linker created -
?main                   0x00062fb4           Code  Gb  cmain.o [4]
ADC_Intr_Handler        0x00061920    0x518  Code  Gb  drv_touch_scr.o [1]
Abort_Handler           0x00063244           Code  Wk  vectortrap.o [4]
CSTACK$$Base            0x40000238            --   Gb  - Linker created -
CSTACK$$Limit           0x40000638            --   Gb  - Linker created -
CurrX_Size              0x40000200      0x4  Data  Lc  drv_glcd.o [1]
CurrY_Size              0x400001fc      0x4  Data  Lc  drv_glcd.o [1]
FIQ_Handler             0x00060a04      0x4  Code  Gb  sys.o [1]
FIQ_STACK$$Base         0x40000a38            --   Gb  - Linker created -
FIQ_STACK$$Limit        0x40000a78            --   Gb  - Linker created -
GLCD_Ctrl               0x0005ff54     0xb8  Code  Gb  drv_glcd.o [1]
GLCD_Init               0x0005f9e8    0x514  Code  Gb  drv_glcd.o [1]
GLCD_LoadPic            0x000608dc     0xa4  Code  Gb  drv_glcd.o [1]
GLCD_Move_Cursor        0x0005f8e0    0x108  Code  Gb  drv_glcd.o [1]
GLCD_SetFont            0x0006000c     0x1c  Code  Gb  drv_glcd.o [1]
GLCD_SetPallet          0x0005fefc     0x58  Code  Gb  drv_glcd.o [1]
GLCD_SetWindow          0x00060028     0xb8  Code  Gb  drv_glcd.o [1]
GLCD_TextCalcWindow     0x00060214    0x18c  Code  Lc  drv_glcd.o [1]
GLCD_TextSetPos         0x000600e0     0x14  Code  Gb  drv_glcd.o [1]
GLCD_print              0x00060880     0x5c  Code  Gb  drv_glcd.o [1]
GLCD_putchar            0x000603b4    0x4b0  Code  Gb  drv_glcd.o [1]
GpioInit                0x00060f08    0x15c  Code  Gb  sys.o [1]
IRQ_Handler             0x00060a08     0x3c  Code  Gb  sys.o [1]
IRQ_STACK$$Base         0x40000638            --   Gb  - Linker created -
IRQ_STACK$$Limit        0x40000a38            --   Gb  - Linker created -
InitClock               0x00060b30    0x284  Code  Gb  sys.o [1]
LCD_LPBASE              0xffe10014      0x4  Data  Gb  drv_glcd.o [1]
LCD_PAL_BASE            0xffe10200      0x4  Data  Gb  drv_glcd.o [1]
LCD_SET_WINDOW          0x000600f4     0x6c  Code  Lc  drv_glcd.o [1]
LCD_UPBASE              0xffe10010      0x4  Data  Gb  drv_glcd.o [1]
LCD_WRITE_PIXEL         0x00060160     0xb4  Code  Lc  drv_glcd.o [1]
LightAuto               0x4000021c      0x4  Data  Gb  main.o [1]
LightSwitch             0x40000218      0x4  Data  Gb  main.o [1]
LogoPic                 0x40000120     0x1c  Data  Gb  logo.o [1]
LogoStream              0x00000200  0x4b000  Data  Gb  logo.o [1]
OnTouchIntr_Handler     0x00061828     0xf4  Code  Gb  drv_touch_scr.o [1]
Prefetch_Handler        0x00063244           Code  Wk  vectortrap.o [4]
Region$$Table$$Base     0x00063130            --   Gb  - Linker created -
Region$$Table$$Limit    0x00063154            --   Gb  - Linker created -
SDRAM_BASE_ADDR {Abs}   0xa0000000           Data  Gb  command line/config [2]
SDRAM_Init              0x00062b9c    0x324  Code  Gb  sdram_64M_32bit_drv.o [1]
SWI_Handler             0x00063244           Code  Wk  vectortrap.o [4]
SYS_GetFpclk            0x00060e98     0x70  Code  Gb  sys.o [1]
SYS_GetFsclk            0x00060db4     0xe4  Code  Gb  sys.o [1]
Samples                 0x40000214      0x4  Data  Lc  drv_touch_scr.o [1]
SocketAuto              0x40000224      0x4  Data  Gb  main.o [1]
SocketSwitch            0x40000220      0x4  Data  Gb  main.o [1]
State                   0x40000230      0x1  Data  Lc  drv_touch_scr.o [1]
T0MR0                   0xe0004018      0x4  Data  Gb  drv_touch_scr.o [1]
T0PR                    0xe000400c      0x4  Data  Gb  drv_touch_scr.o [1]
T1MR0                   0xe0008018      0x4  Data  Gb  main.o [1]
T1PR                    0xe000800c      0x4  Data  Gb  main.o [1]
TabSize                 0x400001d4      0x4  Data  Lc  drv_glcd.o [1]
Terminal_18_24_12       0x400001ac     0x18  Data  Gb  Terminal_18_24x12.o [1]
TextBackgndColour       0x400001e0      0x4  Data  Lc  drv_glcd.o [1]
TextColour              0x400001dc      0x4  Data  Lc  drv_glcd.o [1]
TextStream              0x0005c8e0   0x3000  Data  Lc  Terminal_18_24x12.o [1]
TextX_Pos               0x400001e4      0x4  Data  Lc  drv_glcd.o [1]
TextY_Pos               0x400001e8      0x4  Data  Lc  drv_glcd.o [1]
Timer1IntrHandler       0x000623bc     0x2c  Code  Gb  main.o [1]
TimerIntr_Handler       0x00061630    0x1f8  Code  Gb  drv_touch_scr.o [1]
Touch                   0x4000020c      0x4  Data  Lc  drv_touch_scr.o [1]
TouchGet                0x00062284     0xe4  Code  Gb  drv_touch_scr.o [1]
TouchScrInit            0x00061e3c    0x448  Code  Gb  drv_touch_scr.o [1]
Touch_temp              0x40000210      0x4  Data  Lc  drv_touch_scr.o [1]
Undefined_Handler       0x00063244           Code  Wk  vectortrap.o [4]
VICADDRESS              0xffffff00      0x4  Data  Gb  sys.o [1]
VICVECTADDR0            0xfffff100      0x4  Data  Gb  sys.o [1]
VIC_Init                0x00060a44     0x94  Code  Gb  sys.o [1]
VIC_SetVectoredIRQ      0x00060ad8     0x58  Code  Gb  sys.o [1]
WindX_Size              0x400001f8      0x4  Data  Lc  drv_glcd.o [1]
WindY_Size              0x400001f4      0x4  Data  Lc  drv_glcd.o [1]
X                       0x40000228      0x2  Data  Lc  drv_touch_scr.o [1]
XL_Win                  0x400001ec      0x4  Data  Lc  drv_glcd.o [1]
XR_Win                  0x400001cc      0x4  Data  Lc  drv_glcd.o [1]
X_temp                  0x4000022c      0x2  Data  Lc  drv_touch_scr.o [1]
Y                       0x4000022a      0x2  Data  Lc  drv_touch_scr.o [1]
YD_Win                  0x400001d0      0x4  Data  Lc  drv_glcd.o [1]
YU_Win                  0x400001f0      0x4  Data  Lc  drv_glcd.o [1]
Y_temp                  0x4000022e      0x2  Data  Lc  drv_touch_scr.o [1]
_A_AD0CR                0xe0034000      0x4  Data  Gb  drv_touch_scr.o [1]
_A_AD0GDR               0xe0034004      0x4  Data  Gb  drv_touch_scr.o [1]
_A_ADINTEN              0xe003400c      0x4  Data  Gb  drv_touch_scr.o [1]
_A_ADSTAT               0xe0034030      0x4  Data  Gb  drv_touch_scr.o [1]
_A_AHBCFG1              0xe01fc188      0x4  Data  Gb  sys.o [1]
_A_CCLKCFG              0xe01fc104      0x4  Data  Gb  sys.o [1]
_A_CLKSRCSEL            0xe01fc10c      0x4  Data  Gb  sys.o [1]
_A_CRSR_CLIP            0xffe10c14      0x4  Data  Gb  drv_glcd.o [1]
_A_CRSR_CTRL            0xffe10c00      0x4  Data  Gb  drv_glcd.o [1]
_A_CRSR_XY              0xffe10c10      0x4  Data  Gb  drv_glcd.o [1]
_A_EMCCONTROL           0xffe08000      0x4  Data  Gb  sdram_64M_32bit_drv.o [1]
_A_EMCDINAMICCTRL       0xffe08020      0x4  Data  Gb  sdram_64M_32bit_drv.o [1]
_A_EMCDINAMICRDCFG      0xffe08028      0x4  Data  Gb  sdram_64M_32bit_drv.o [1]
_A_EMCDINAMICRFR        0xffe08024      0x4  Data  Gb  sdram_64M_32bit_drv.o [1]
_A_EMCDYNAMICAPR        0xffe0803c      0x4  Data  Gb  sdram_64M_32bit_drv.o [1]
_A_EMCDYNAMICCFG0       0xffe08100      0x4  Data  Gb  sdram_64M_32bit_drv.o [1]
_A_EMCDYNAMICDAL        0xffe08040      0x4  Data  Gb  sdram_64M_32bit_drv.o [1]
_A_EMCDYNAMICMRD        0xffe08058      0x4  Data  Gb  sdram_64M_32bit_drv.o [1]
_A_EMCDYNAMICRAS        0xffe08034      0x4  Data  Gb  sdram_64M_32bit_drv.o [1]
_A_EMCDYNAMICRASCAS0    0xffe08104      0x4  Data  Gb  sdram_64M_32bit_drv.o [1]
_A_EMCDYNAMICRC         0xffe08048      0x4  Data  Gb  sdram_64M_32bit_drv.o [1]
_A_EMCDYNAMICRFC        0xffe0804c      0x4  Data  Gb  sdram_64M_32bit_drv.o [1]
_A_EMCDYNAMICRP         0xffe08030      0x4  Data  Gb  sdram_64M_32bit_drv.o [1]
_A_EMCDYNAMICRRD        0xffe08054      0x4  Data  Gb  sdram_64M_32bit_drv.o [1]
_A_EMCDYNAMICSREX       0xffe08038      0x4  Data  Gb  sdram_64M_32bit_drv.o [1]
_A_EMCDYNAMICWR         0xffe08044      0x4  Data  Gb  sdram_64M_32bit_drv.o [1]
_A_EMCDYNAMICXSR        0xffe08050      0x4  Data  Gb  sdram_64M_32bit_drv.o [1]
_A_EXTINT               0xe01fc140      0x4  Data  Gb  drv_touch_scr.o [1]
_A_FIO0CLR              0x3fffc01c      0x4  Data  Gb  drv_touch_scr.o [1]
_A_FIO0DIR              0x3fffc000      0x4  Data  Gb  sys.o [1]
_A_FIO0MASK             0x3fffc010      0x4  Data  Gb  sys.o [1]
_A_FIO0PIN              0x3fffc014      0x4  Data  Gb  drv_touch_scr.o [1]
_A_FIO0SET              0x3fffc018      0x4  Data  Gb  drv_touch_scr.o [1]
_A_FIO1CLR              0x3fffc03c      0x4  Data  Gb  main.o [1]
_A_FIO1DIR              0x3fffc020      0x4  Data  Gb  sys.o [1]
_A_FIO1MASK             0x3fffc030      0x4  Data  Gb  sys.o [1]
_A_FIO1SET              0x3fffc038      0x4  Data  Gb  main.o [1]
_A_FIO2DIR              0x3fffc040      0x4  Data  Gb  sys.o [1]
_A_FIO2MASK             0x3fffc050      0x4  Data  Gb  sys.o [1]
_A_FIO3DIR              0x3fffc060      0x4  Data  Gb  sys.o [1]
_A_FIO3MASK             0x3fffc070      0x4  Data  Gb  sys.o [1]
_A_FIO4DIR              0x3fffc080      0x4  Data  Gb  sys.o [1]
_A_FIO4MASK             0x3fffc090      0x4  Data  Gb  sys.o [1]
_A_IO0DIR               0xe0028008      0x4  Data  Gb  sys.o [1]
_A_IO0INTCLR            0xe002808c      0x4  Data  Gb  drv_touch_scr.o [1]
_A_IO0INTENR            0xe0028090      0x4  Data  Gb  drv_touch_scr.o [1]
_A_IO1DIR               0xe0028018      0x4  Data  Gb  sys.o [1]
_A_LCD_CFG              0xe01fc1b8      0x4  Data  Gb  drv_glcd.o [1]
_A_LCD_CTRL             0xffe10018      0x4  Data  Gb  drv_glcd.o [1]
_A_LCD_POL              0xffe10008      0x4  Data  Gb  drv_glcd.o [1]
_A_LCD_TIMH             0xffe10000      0x4  Data  Gb  drv_glcd.o [1]
_A_LCD_TIMV             0xffe10004      0x4  Data  Gb  drv_glcd.o [1]
_A_MAMCR                0xe01fc000      0x4  Data  Gb  main.o [1]
_A_MAMTIM               0xe01fc004      0x4  Data  Gb  main.o [1]
_A_PCLKSEL0             0xe01fc1a8      0x4  Data  Gb  sys.o [1]
_A_PCLKSEL1             0xe01fc1ac      0x4  Data  Gb  sys.o [1]
_A_PCONP                0xe01fc0c4      0x4  Data  Gb  sys.o [1]
_A_PINMODE0             0xe002c040      0x4  Data  Gb  drv_glcd.o [1]
_A_PINMODE1             0xe002c044      0x4  Data  Gb  drv_touch_scr.o [1]
_A_PINMODE3             0xe002c04c      0x4  Data  Gb  drv_glcd.o [1]
_A_PINMODE4             0xe002c050      0x4  Data  Gb  drv_glcd.o [1]
_A_PINMODE5             0xe002c054      0x4  Data  Gb  sdram_64M_32bit_drv.o [1]
_A_PINMODE6             0xe002c058      0x4  Data  Gb  sdram_64M_32bit_drv.o [1]
_A_PINMODE7             0xe002c05c      0x4  Data  Gb  sdram_64M_32bit_drv.o [1]
_A_PINMODE8             0xe002c060      0x4  Data  Gb  sdram_64M_32bit_drv.o [1]
_A_PINMODE9             0xe002c064      0x4  Data  Gb  sdram_64M_32bit_drv.o [1]
_A_PINSEL0              0xe002c000      0x4  Data  Gb  sys.o [1]
_A_PINSEL1              0xe002c004      0x4  Data  Gb  sys.o [1]
_A_PINSEL11             0xe002c02c      0x4  Data  Gb  drv_glcd.o [1]
_A_PINSEL2              0xe002c008      0x4  Data  Gb  sys.o [1]
_A_PINSEL3              0xe002c00c      0x4  Data  Gb  sys.o [1]
_A_PINSEL4              0xe002c010      0x4  Data  Gb  sys.o [1]
_A_PINSEL5              0xe002c014      0x4  Data  Gb  sys.o [1]
_A_PINSEL6              0xe002c018      0x4  Data  Gb  sys.o [1]
_A_PINSEL7              0xe002c01c      0x4  Data  Gb  sys.o [1]
_A_PINSEL8              0xe002c020      0x4  Data  Gb  sys.o [1]
_A_PINSEL9              0xe002c024      0x4  Data  Gb  sys.o [1]
_A_PLLCFG               0xe01fc084      0x4  Data  Gb  sys.o [1]
_A_PLLCON               0xe01fc080      0x4  Data  Gb  sys.o [1]
_A_PLLFEED              0xe01fc08c      0x4  Data  Gb  sys.o [1]
_A_PLLSTAT              0xe01fc088      0x4  Data  Gb  sys.o [1]
_A_SCS                  0xe01fc1a0      0x4  Data  Gb  sys.o [1]
_A_T0CTCR               0xe0004070      0x4  Data  Gb  drv_touch_scr.o [1]
_A_T0IR                 0xe0004000      0x4  Data  Gb  drv_touch_scr.o [1]
_A_T0MCR                0xe0004014      0x4  Data  Gb  drv_touch_scr.o [1]
_A_T0TCR                0xe0004004      0x4  Data  Gb  drv_touch_scr.o [1]
_A_T1CTCR               0xe0008070      0x4  Data  Gb  main.o [1]
_A_T1IR                 0xe0008000      0x4  Data  Gb  main.o [1]
_A_T1MCR                0xe0008014      0x4  Data  Gb  main.o [1]
_A_T1TCR                0xe0008004      0x4  Data  Gb  main.o [1]
_A_USBCLKCFG            0xe01fc108      0x4  Data  Gb  sys.o [1]
_A_VICINTENABLE         0xfffff010      0x4  Data  Gb  main.o [1]
_A_VICINTENCLEAR        0xfffff014      0x4  Data  Gb  sys.o [1]
_A_VICINTSELECT         0xfffff00c      0x4  Data  Gb  sys.o [1]
_A_VICPROTECTION        0xfffff020      0x4  Data  Gb  sys.o [1]
_A_VICSOFTINTCLEAR      0xfffff01c      0x4  Data  Gb  sys.o [1]
_A_VICVECTPRIORITY0     0xfffff200      0x4  Data  Gb  sys.o [1]
_PrintfTiny             0x00061320    0x238  Code  Gb  xprintftiny.o [3]
_SProut                 0x000631ac     0x14  Code  Gb  xsprout.o [3]
__aeabi_assert          0x00061254     0x40  Code  Gb  ABIassert.o [5]
__aeabi_idiv0           0x000612e0           Code  Gb  IntDivZer.o [4]
__aeabi_uidiv           0x000610b0           Code  Gb  I32DivMod.o [4]
__aeabi_uidivmod        0x000610b0           Code  Gb  I32DivMod.o [4]
__cmain                 0x00062fb4           Code  Gb  cmain.o [4]
__exit                  0x00061558     0x20  Code  Gb  exit.o [5]
__iar_close_ttio        0x000615cc     0x58  Code  Gb  iarttio.o [5]
__iar_copy_init3        0x00063101     0x30  Code  Gb  copy_init3.o [4]
__iar_data_init3        0x00062fe9     0x30  Code  Gb  data_init.o [4]
__iar_lookup_ttioh      0x00061624      0xc  Code  Gb  XShttio.o [3]
__iar_program_start     0x00062f50           Code  Gb  cstartup.o [4]
__iar_return_from_swi   0x00063248      0x4  Code  Gb  xreturnswi.o [5]
__iar_ttio_handles      0x400001c4      0x8  Data  Lc  XShttio.o [3]
__iar_zero_init3        0x000630c5     0x3c  Code  Gb  zero_init3.o [4]
__low_level_init        0x00062fe0      0x8  Code  Gb  low_level_init.o [3]
__vector                0x00000000           Data  Gb  cstartup.o [4]
_call_main              0x00062fc8           Code  Gb  cmain.o [4]
_exit                   0x00063020           Code  Gb  cexit.o [4]
_main                   0x00062fd0           Code  Gb  cmain.o [4]
abort                   0x000612e4      0x8  Code  Gb  abort.o [3]
autoOFFPic              0x40000190     0x1c  Data  Gb  logo.o [1]
autoOFFStream           0x00059520   0x33c0  Data  Gb  logo.o [1]
autoONPic               0x40000174     0x1c  Data  Gb  logo.o [1]
autoONStream            0x00056160   0x33c0  Data  Gb  logo.o [1]
buttomOFFPic            0x40000158     0x1c  Data  Gb  logo.o [1]
buttomOFFStream         0x000509b0   0x57b0  Data  Gb  logo.o [1]
buttomONPic             0x4000013c     0x1c  Data  Gb  logo.o [1]
buttomONStream          0x0004b200   0x57b0  Data  Gb  logo.o [1]
crp                     0x000001fc      0x4  Data  Gb  main.o [1]
exit                    0x0006301c      0x4  Code  Gb  exit.o [3]
main                    0x000623fc    0x750  Code  Gb  main.o [1]
out                     0x000612ec     0x34  Code  Lc  xprintftiny.o [3]
pCurrFont               0x400001d8      0x4  Data  Lc  drv_glcd.o [1]
pPix                    0x40000208      0x4  Data  Lc  drv_glcd.o [1]
pWind                   0x40000204      0x4  Data  Lc  drv_glcd.o [1]
softDelay               0x000623e8     0x14  Code  Gb  main.o [1]
strlen                  0x00061578           Code  Gb  strlen.o [4]
vsprintf                0x00061294     0x4c  Code  Gb  vsprintf.o [3]


[1] = C:\Users\Vitali\Desktop\DFCR Software\Software uC\Flash Debug\Obj
[2] = command line
[3] = dl4t_aln.a
[4] = rt4t_al.a
[5] = shs_l.a

   14 356 bytes of readonly  code memory
  391 472 bytes of readonly  data memory
    2 385 bytes of readwrite data memory (+ 424 absolute)

Errors: none
Warnings: none
